Archive member included to satisfy reference by file (symbol)

c:/program files (x86)/atmel/studio/7.0/toolchain/arm/arm-gnu-toolchain/bin/../lib/gcc/arm-none-eabi/6.3.1/../../../../arm-none-eabi/lib/thumb/v7e-m\libc.a(lib_a-exit.o)
                              c:/program files (x86)/atmel/studio/7.0/toolchain/arm/arm-gnu-toolchain/bin/../lib/gcc/arm-none-eabi/6.3.1/../../../../arm-none-eabi/lib/thumb/v7e-m/crt0.o (exit)
c:/program files (x86)/atmel/studio/7.0/toolchain/arm/arm-gnu-toolchain/bin/../lib/gcc/arm-none-eabi/6.3.1/../../../../arm-none-eabi/lib/thumb/v7e-m\libc.a(lib_a-impure.o)
                              c:/program files (x86)/atmel/studio/7.0/toolchain/arm/arm-gnu-toolchain/bin/../lib/gcc/arm-none-eabi/6.3.1/../../../../arm-none-eabi/lib/thumb/v7e-m\libc.a(lib_a-exit.o) (_global_impure_ptr)
c:/program files (x86)/atmel/studio/7.0/toolchain/arm/arm-gnu-toolchain/bin/../lib/gcc/arm-none-eabi/6.3.1/../../../../arm-none-eabi/lib/thumb/v7e-m\libc.a(lib_a-init.o)
                              c:/program files (x86)/atmel/studio/7.0/toolchain/arm/arm-gnu-toolchain/bin/../lib/gcc/arm-none-eabi/6.3.1/../../../../arm-none-eabi/lib/thumb/v7e-m/crt0.o (__libc_init_array)
c:/program files (x86)/atmel/studio/7.0/toolchain/arm/arm-gnu-toolchain/bin/../lib/gcc/arm-none-eabi/6.3.1/../../../../arm-none-eabi/lib/thumb/v7e-m\libc.a(lib_a-memset.o)
                              c:/program files (x86)/atmel/studio/7.0/toolchain/arm/arm-gnu-toolchain/bin/../lib/gcc/arm-none-eabi/6.3.1/../../../../arm-none-eabi/lib/thumb/v7e-m/crt0.o (memset)
c:/program files (x86)/atmel/studio/7.0/toolchain/arm/arm-gnu-toolchain/bin/../lib/gcc/arm-none-eabi/6.3.1/../../../../arm-none-eabi/lib/thumb/v7e-m\libc.a(lib_a-__call_atexit.o)
                              c:/program files (x86)/atmel/studio/7.0/toolchain/arm/arm-gnu-toolchain/bin/../lib/gcc/arm-none-eabi/6.3.1/../../../../arm-none-eabi/lib/thumb/v7e-m\libc.a(lib_a-exit.o) (__call_exitprocs)
c:/program files (x86)/atmel/studio/7.0/toolchain/arm/arm-gnu-toolchain/bin/../lib/gcc/arm-none-eabi/6.3.1/../../../../arm-none-eabi/lib/thumb/v7e-m\libc.a(lib_a-atexit.o)
                              c:/program files (x86)/atmel/studio/7.0/toolchain/arm/arm-gnu-toolchain/bin/../lib/gcc/arm-none-eabi/6.3.1/../../../../arm-none-eabi/lib/thumb/v7e-m\libc.a(lib_a-__call_atexit.o) (atexit)
c:/program files (x86)/atmel/studio/7.0/toolchain/arm/arm-gnu-toolchain/bin/../lib/gcc/arm-none-eabi/6.3.1/../../../../arm-none-eabi/lib/thumb/v7e-m\libc.a(lib_a-fini.o)
                              c:/program files (x86)/atmel/studio/7.0/toolchain/arm/arm-gnu-toolchain/bin/../lib/gcc/arm-none-eabi/6.3.1/../../../../arm-none-eabi/lib/thumb/v7e-m\libc.a(lib_a-__call_atexit.o) (__libc_fini_array)
c:/program files (x86)/atmel/studio/7.0/toolchain/arm/arm-gnu-toolchain/bin/../lib/gcc/arm-none-eabi/6.3.1/../../../../arm-none-eabi/lib/thumb/v7e-m\libc.a(lib_a-lock.o)
                              c:/program files (x86)/atmel/studio/7.0/toolchain/arm/arm-gnu-toolchain/bin/../lib/gcc/arm-none-eabi/6.3.1/../../../../arm-none-eabi/lib/thumb/v7e-m\libc.a(lib_a-__call_atexit.o) (__retarget_lock_acquire_recursive)
c:/program files (x86)/atmel/studio/7.0/toolchain/arm/arm-gnu-toolchain/bin/../lib/gcc/arm-none-eabi/6.3.1/../../../../arm-none-eabi/lib/thumb/v7e-m\libc.a(lib_a-__atexit.o)
                              c:/program files (x86)/atmel/studio/7.0/toolchain/arm/arm-gnu-toolchain/bin/../lib/gcc/arm-none-eabi/6.3.1/../../../../arm-none-eabi/lib/thumb/v7e-m\libc.a(lib_a-atexit.o) (__register_exitproc)

Allocating common symbols
Common symbol       size              file

__lock___atexit_recursive_mutex
                    0x1               c:/program files (x86)/atmel/studio/7.0/toolchain/arm/arm-gnu-toolchain/bin/../lib/gcc/arm-none-eabi/6.3.1/../../../../arm-none-eabi/lib/thumb/v7e-m\libc.a(lib_a-lock.o)
__lock___arc4random_mutex
                    0x1               c:/program files (x86)/atmel/studio/7.0/toolchain/arm/arm-gnu-toolchain/bin/../lib/gcc/arm-none-eabi/6.3.1/../../../../arm-none-eabi/lib/thumb/v7e-m\libc.a(lib_a-lock.o)
__lock___env_recursive_mutex
                    0x1               c:/program files (x86)/atmel/studio/7.0/toolchain/arm/arm-gnu-toolchain/bin/../lib/gcc/arm-none-eabi/6.3.1/../../../../arm-none-eabi/lib/thumb/v7e-m\libc.a(lib_a-lock.o)
__lock___sinit_recursive_mutex
                    0x1               c:/program files (x86)/atmel/studio/7.0/toolchain/arm/arm-gnu-toolchain/bin/../lib/gcc/arm-none-eabi/6.3.1/../../../../arm-none-eabi/lib/thumb/v7e-m\libc.a(lib_a-lock.o)
__lock___malloc_recursive_mutex
                    0x1               c:/program files (x86)/atmel/studio/7.0/toolchain/arm/arm-gnu-toolchain/bin/../lib/gcc/arm-none-eabi/6.3.1/../../../../arm-none-eabi/lib/thumb/v7e-m\libc.a(lib_a-lock.o)
__lock___at_quick_exit_mutex
                    0x1               c:/program files (x86)/atmel/studio/7.0/toolchain/arm/arm-gnu-toolchain/bin/../lib/gcc/arm-none-eabi/6.3.1/../../../../arm-none-eabi/lib/thumb/v7e-m\libc.a(lib_a-lock.o)
__lock___dd_hash_mutex
                    0x1               c:/program files (x86)/atmel/studio/7.0/toolchain/arm/arm-gnu-toolchain/bin/../lib/gcc/arm-none-eabi/6.3.1/../../../../arm-none-eabi/lib/thumb/v7e-m\libc.a(lib_a-lock.o)
__lock___tz_mutex   0x1               c:/program files (x86)/atmel/studio/7.0/toolchain/arm/arm-gnu-toolchain/bin/../lib/gcc/arm-none-eabi/6.3.1/../../../../arm-none-eabi/lib/thumb/v7e-m\libc.a(lib_a-lock.o)
__lock___sfp_recursive_mutex
                    0x1               c:/program files (x86)/atmel/studio/7.0/toolchain/arm/arm-gnu-toolchain/bin/../lib/gcc/arm-none-eabi/6.3.1/../../../../arm-none-eabi/lib/thumb/v7e-m\libc.a(lib_a-lock.o)

Discarded input sections

 .text          0x00000000        0x0 c:/program files (x86)/atmel/studio/7.0/toolchain/arm/arm-gnu-toolchain/bin/../lib/gcc/arm-none-eabi/6.3.1/thumb/v7e-m/crti.o
 .data          0x00000000        0x0 c:/program files (x86)/atmel/studio/7.0/toolchain/arm/arm-gnu-toolchain/bin/../lib/gcc/arm-none-eabi/6.3.1/thumb/v7e-m/crti.o
 .bss           0x00000000        0x0 c:/program files (x86)/atmel/studio/7.0/toolchain/arm/arm-gnu-toolchain/bin/../lib/gcc/arm-none-eabi/6.3.1/thumb/v7e-m/crti.o
 .data          0x00000000        0x4 c:/program files (x86)/atmel/studio/7.0/toolchain/arm/arm-gnu-toolchain/bin/../lib/gcc/arm-none-eabi/6.3.1/thumb/v7e-m/crtbegin.o
 .text          0x00000000       0x74 c:/program files (x86)/atmel/studio/7.0/toolchain/arm/arm-gnu-toolchain/bin/../lib/gcc/arm-none-eabi/6.3.1/../../../../arm-none-eabi/lib/thumb/v7e-m/crt0.o
 .data          0x00000000        0x0 c:/program files (x86)/atmel/studio/7.0/toolchain/arm/arm-gnu-toolchain/bin/../lib/gcc/arm-none-eabi/6.3.1/../../../../arm-none-eabi/lib/thumb/v7e-m/crt0.o
 .bss           0x00000000        0x0 c:/program files (x86)/atmel/studio/7.0/toolchain/arm/arm-gnu-toolchain/bin/../lib/gcc/arm-none-eabi/6.3.1/../../../../arm-none-eabi/lib/thumb/v7e-m/crt0.o
 .ARM.extab     0x00000000        0x0 c:/program files (x86)/atmel/studio/7.0/toolchain/arm/arm-gnu-toolchain/bin/../lib/gcc/arm-none-eabi/6.3.1/../../../../arm-none-eabi/lib/thumb/v7e-m/crt0.o
 .ARM.exidx     0x00000000        0x8 c:/program files (x86)/atmel/studio/7.0/toolchain/arm/arm-gnu-toolchain/bin/../lib/gcc/arm-none-eabi/6.3.1/../../../../arm-none-eabi/lib/thumb/v7e-m/crt0.o
 .ARM.attributes
                0x00000000       0x1c c:/program files (x86)/atmel/studio/7.0/toolchain/arm/arm-gnu-toolchain/bin/../lib/gcc/arm-none-eabi/6.3.1/../../../../arm-none-eabi/lib/thumb/v7e-m/crt0.o
 .group         0x00000000        0x8 Device_Startup/startup_same53.o
 .group         0x00000000        0x8 Device_Startup/startup_same53.o
 .group         0x00000000        0x8 Device_Startup/startup_same53.o
 .group         0x00000000        0x8 Device_Startup/startup_same53.o
 .group         0x00000000        0x8 Device_Startup/startup_same53.o
 .group         0x00000000        0x8 Device_Startup/startup_same53.o
 .group         0x00000000        0x8 Device_Startup/startup_same53.o
 .group         0x00000000        0x8 Device_Startup/startup_same53.o
 .group         0x00000000        0x8 Device_Startup/startup_same53.o
 .group         0x00000000        0x8 Device_Startup/startup_same53.o
 .group         0x00000000        0x8 Device_Startup/startup_same53.o
 .group         0x00000000        0x8 Device_Startup/startup_same53.o
 .group         0x00000000        0x8 Device_Startup/startup_same53.o
 .group         0x00000000        0x8 Device_Startup/startup_same53.o
 .group         0x00000000        0x8 Device_Startup/startup_same53.o
 .group         0x00000000        0x8 Device_Startup/startup_same53.o
 .group         0x00000000        0x8 Device_Startup/startup_same53.o
 .group         0x00000000        0x8 Device_Startup/startup_same53.o
 .group         0x00000000        0x8 Device_Startup/startup_same53.o
 .group         0x00000000        0x8 Device_Startup/startup_same53.o
 .group         0x00000000        0x8 Device_Startup/startup_same53.o
 .group         0x00000000        0x8 Device_Startup/startup_same53.o
 .group         0x00000000        0x8 Device_Startup/startup_same53.o
 .group         0x00000000        0x8 Device_Startup/startup_same53.o
 .group         0x00000000        0x8 Device_Startup/startup_same53.o
 .group         0x00000000        0x8 Device_Startup/startup_same53.o
 .group         0x00000000        0x8 Device_Startup/startup_same53.o
 .group         0x00000000        0x8 Device_Startup/startup_same53.o
 .group         0x00000000        0x8 Device_Startup/startup_same53.o
 .group         0x00000000        0x8 Device_Startup/startup_same53.o
 .group         0x00000000        0x8 Device_Startup/startup_same53.o
 .group         0x00000000        0x8 Device_Startup/startup_same53.o
 .group         0x00000000        0x8 Device_Startup/startup_same53.o
 .group         0x00000000        0x8 Device_Startup/startup_same53.o
 .group         0x00000000        0x8 Device_Startup/startup_same53.o
 .group         0x00000000        0x8 Device_Startup/startup_same53.o
 .group         0x00000000        0x8 Device_Startup/startup_same53.o
 .group         0x00000000        0x8 Device_Startup/startup_same53.o
 .group         0x00000000        0x8 Device_Startup/startup_same53.o
 .group         0x00000000        0x8 Device_Startup/startup_same53.o
 .group         0x00000000        0x8 Device_Startup/startup_same53.o
 .group         0x00000000        0x8 Device_Startup/startup_same53.o
 .group         0x00000000        0x8 Device_Startup/startup_same53.o
 .group         0x00000000        0x8 Device_Startup/startup_same53.o
 .group         0x00000000        0x8 Device_Startup/startup_same53.o
 .group         0x00000000        0x8 Device_Startup/startup_same53.o
 .group         0x00000000        0x8 Device_Startup/startup_same53.o
 .group         0x00000000        0x8 Device_Startup/startup_same53.o
 .group         0x00000000        0x8 Device_Startup/startup_same53.o
 .group         0x00000000        0x8 Device_Startup/startup_same53.o
 .group         0x00000000        0x8 Device_Startup/startup_same53.o
 .group         0x00000000        0x8 Device_Startup/startup_same53.o
 .group         0x00000000        0x8 Device_Startup/startup_same53.o
 .group         0x00000000        0x8 Device_Startup/startup_same53.o
 .group         0x00000000        0x8 Device_Startup/startup_same53.o
 .group         0x00000000        0x8 Device_Startup/startup_same53.o
 .group         0x00000000        0x8 Device_Startup/startup_same53.o
 .group         0x00000000        0x8 Device_Startup/startup_same53.o
 .group         0x00000000        0x8 Device_Startup/startup_same53.o
 .group         0x00000000        0x8 Device_Startup/startup_same53.o
 .group         0x00000000        0x8 Device_Startup/startup_same53.o
 .group         0x00000000        0x8 Device_Startup/startup_same53.o
 .group         0x00000000        0x8 Device_Startup/startup_same53.o
 .group         0x00000000        0x8 Device_Startup/startup_same53.o
 .group         0x00000000        0x8 Device_Startup/startup_same53.o
 .group         0x00000000        0x8 Device_Startup/startup_same53.o
 .group         0x00000000        0x8 Device_Startup/startup_same53.o
 .group         0x00000000        0x8 Device_Startup/startup_same53.o
 .group         0x00000000        0x8 Device_Startup/startup_same53.o
 .group         0x00000000        0x8 Device_Startup/startup_same53.o
 .group         0x00000000        0x8 Device_Startup/startup_same53.o
 .group         0x00000000        0x8 Device_Startup/startup_same53.o
 .group         0x00000000        0x8 Device_Startup/startup_same53.o
 .group         0x00000000        0x8 Device_Startup/startup_same53.o
 .group         0x00000000        0x8 Device_Startup/startup_same53.o
 .group         0x00000000        0x8 Device_Startup/startup_same53.o
 .group         0x00000000        0x8 Device_Startup/startup_same53.o
 .group         0x00000000        0x8 Device_Startup/startup_same53.o
 .group         0x00000000        0x8 Device_Startup/startup_same53.o
 .group         0x00000000        0x8 Device_Startup/startup_same53.o
 .group         0x00000000        0x8 Device_Startup/startup_same53.o
 .group         0x00000000        0x8 Device_Startup/startup_same53.o
 .group         0x00000000        0x8 Device_Startup/startup_same53.o
 .group         0x00000000        0x8 Device_Startup/startup_same53.o
 .group         0x00000000        0x8 Device_Startup/startup_same53.o
 .group         0x00000000        0x8 Device_Startup/startup_same53.o
 .group         0x00000000        0x8 Device_Startup/startup_same53.o
 .group         0x00000000        0x8 Device_Startup/startup_same53.o
 .group         0x00000000        0x8 Device_Startup/startup_same53.o
 .group         0x00000000        0x8 Device_Startup/startup_same53.o
 .group         0x00000000        0x8 Device_Startup/startup_same53.o
 .group         0x00000000        0x8 Device_Startup/startup_same53.o
 .group         0x00000000        0x8 Device_Startup/startup_same53.o
 .group         0x00000000        0x8 Device_Startup/startup_same53.o
 .group         0x00000000        0x8 Device_Startup/startup_same53.o
 .group         0x00000000        0x8 Device_Startup/startup_same53.o
 .group         0x00000000        0x8 Device_Startup/startup_same53.o
 .group         0x00000000        0x8 Device_Startup/startup_same53.o
 .group         0x00000000        0x8 Device_Startup/startup_same53.o
 .group         0x00000000        0x8 Device_Startup/startup_same53.o
 .group         0x00000000        0x8 Device_Startup/startup_same53.o
 .group         0x00000000        0x8 Device_Startup/startup_same53.o
 .group         0x00000000        0x8 Device_Startup/startup_same53.o
 .group         0x00000000        0x8 Device_Startup/startup_same53.o
 .group         0x00000000        0x8 Device_Startup/startup_same53.o
 .group         0x00000000        0x8 Device_Startup/startup_same53.o
 .group         0x00000000        0x8 Device_Startup/startup_same53.o
 .group         0x00000000        0x8 Device_Startup/startup_same53.o
 .group         0x00000000        0x8 Device_Startup/startup_same53.o
 .group         0x00000000        0x8 Device_Startup/startup_same53.o
 .group         0x00000000        0x8 Device_Startup/startup_same53.o
 .text          0x00000000        0x0 Device_Startup/startup_same53.o
 .data          0x00000000        0x0 Device_Startup/startup_same53.o
 .bss           0x00000000        0x0 Device_Startup/startup_same53.o
 .group         0x00000000        0x8 Device_Startup/system_same53.o
 .group         0x00000000        0x8 Device_Startup/system_same53.o
 .group         0x00000000        0x8 Device_Startup/system_same53.o
 .group         0x00000000        0x8 Device_Startup/system_same53.o
 .group         0x00000000        0x8 Device_Startup/system_same53.o
 .group         0x00000000        0x8 Device_Startup/system_same53.o
 .group         0x00000000        0x8 Device_Startup/system_same53.o
 .group         0x00000000        0x8 Device_Startup/system_same53.o
 .group         0x00000000        0x8 Device_Startup/system_same53.o
 .group         0x00000000        0x8 Device_Startup/system_same53.o
 .group         0x00000000        0x8 Device_Startup/system_same53.o
 .group         0x00000000        0x8 Device_Startup/system_same53.o
 .group         0x00000000        0x8 Device_Startup/system_same53.o
 .group         0x00000000        0x8 Device_Startup/system_same53.o
 .group         0x00000000        0x8 Device_Startup/system_same53.o
 .group         0x00000000        0x8 Device_Startup/system_same53.o
 .group         0x00000000        0x8 Device_Startup/system_same53.o
 .group         0x00000000        0x8 Device_Startup/system_same53.o
 .group         0x00000000        0x8 Device_Startup/system_same53.o
 .group         0x00000000        0x8 Device_Startup/system_same53.o
 .group         0x00000000        0x8 Device_Startup/system_same53.o
 .group         0x00000000        0x8 Device_Startup/system_same53.o
 .group         0x00000000        0x8 Device_Startup/system_same53.o
 .group         0x00000000        0x8 Device_Startup/system_same53.o
 .group         0x00000000        0x8 Device_Startup/system_same53.o
 .group         0x00000000        0x8 Device_Startup/system_same53.o
 .group         0x00000000        0x8 Device_Startup/system_same53.o
 .group         0x00000000        0x8 Device_Startup/system_same53.o
 .group         0x00000000        0x8 Device_Startup/system_same53.o
 .group         0x00000000        0x8 Device_Startup/system_same53.o
 .group         0x00000000        0x8 Device_Startup/system_same53.o
 .group         0x00000000        0x8 Device_Startup/system_same53.o
 .group         0x00000000        0x8 Device_Startup/system_same53.o
 .group         0x00000000        0x8 Device_Startup/system_same53.o
 .group         0x00000000        0x8 Device_Startup/system_same53.o
 .group         0x00000000        0x8 Device_Startup/system_same53.o
 .group         0x00000000        0x8 Device_Startup/system_same53.o
 .group         0x00000000        0x8 Device_Startup/system_same53.o
 .group         0x00000000        0x8 Device_Startup/system_same53.o
 .group         0x00000000        0x8 Device_Startup/system_same53.o
 .group         0x00000000        0x8 Device_Startup/system_same53.o
 .group         0x00000000        0x8 Device_Startup/system_same53.o
 .group         0x00000000        0x8 Device_Startup/system_same53.o
 .group         0x00000000        0x8 Device_Startup/system_same53.o
 .group         0x00000000        0x8 Device_Startup/system_same53.o
 .group         0x00000000        0x8 Device_Startup/system_same53.o
 .group         0x00000000        0x8 Device_Startup/system_same53.o
 .group         0x00000000        0x8 Device_Startup/system_same53.o
 .group         0x00000000        0x8 Device_Startup/system_same53.o
 .group         0x00000000        0x8 Device_Startup/system_same53.o
 .group         0x00000000        0x8 Device_Startup/system_same53.o
 .group         0x00000000        0x8 Device_Startup/system_same53.o
 .group         0x00000000        0x8 Device_Startup/system_same53.o
 .group         0x00000000        0x8 Device_Startup/system_same53.o
 .group         0x00000000        0x8 Device_Startup/system_same53.o
 .group         0x00000000        0x8 Device_Startup/system_same53.o
 .group         0x00000000        0x8 Device_Startup/system_same53.o
 .group         0x00000000        0x8 Device_Startup/system_same53.o
 .group         0x00000000        0x8 Device_Startup/system_same53.o
 .group         0x00000000        0x8 Device_Startup/system_same53.o
 .group         0x00000000        0x8 Device_Startup/system_same53.o
 .group         0x00000000        0x8 Device_Startup/system_same53.o
 .group         0x00000000        0x8 Device_Startup/system_same53.o
 .group         0x00000000        0x8 Device_Startup/system_same53.o
 .group         0x00000000        0x8 Device_Startup/system_same53.o
 .group         0x00000000        0x8 Device_Startup/system_same53.o
 .group         0x00000000        0x8 Device_Startup/system_same53.o
 .group         0x00000000        0x8 Device_Startup/system_same53.o
 .group         0x00000000        0x8 Device_Startup/system_same53.o
 .group         0x00000000        0x8 Device_Startup/system_same53.o
 .group         0x00000000        0x8 Device_Startup/system_same53.o
 .group         0x00000000        0x8 Device_Startup/system_same53.o
 .group         0x00000000        0x8 Device_Startup/system_same53.o
 .group         0x00000000        0x8 Device_Startup/system_same53.o
 .group         0x00000000        0x8 Device_Startup/system_same53.o
 .group         0x00000000        0x8 Device_Startup/system_same53.o
 .group         0x00000000        0x8 Device_Startup/system_same53.o
 .group         0x00000000        0x8 Device_Startup/system_same53.o
 .group         0x00000000        0x8 Device_Startup/system_same53.o
 .group         0x00000000        0x8 Device_Startup/system_same53.o
 .group         0x00000000        0x8 Device_Startup/system_same53.o
 .group         0x00000000        0x8 Device_Startup/system_same53.o
 .group         0x00000000        0x8 Device_Startup/system_same53.o
 .group         0x00000000        0x8 Device_Startup/system_same53.o
 .group         0x00000000        0x8 Device_Startup/system_same53.o
 .group         0x00000000        0x8 Device_Startup/system_same53.o
 .group         0x00000000        0x8 Device_Startup/system_same53.o
 .group         0x00000000        0x8 Device_Startup/system_same53.o
 .group         0x00000000        0x8 Device_Startup/system_same53.o
 .group         0x00000000        0x8 Device_Startup/system_same53.o
 .group         0x00000000        0x8 Device_Startup/system_same53.o
 .group         0x00000000        0x8 Device_Startup/system_same53.o
 .group         0x00000000        0x8 Device_Startup/system_same53.o
 .group         0x00000000        0x8 Device_Startup/system_same53.o
 .group         0x00000000        0x8 Device_Startup/system_same53.o
 .group         0x00000000        0x8 Device_Startup/system_same53.o
 .group         0x00000000        0x8 Device_Startup/system_same53.o
 .group         0x00000000        0x8 Device_Startup/system_same53.o
 .group         0x00000000        0x8 Device_Startup/system_same53.o
 .group         0x00000000        0x8 Device_Startup/system_same53.o
 .group         0x00000000        0x8 Device_Startup/system_same53.o
 .group         0x00000000        0x8 Device_Startup/system_same53.o
 .group         0x00000000        0x8 Device_Startup/system_same53.o
 .group         0x00000000        0x8 Device_Startup/system_same53.o
 .group         0x00000000        0x8 Device_Startup/system_same53.o
 .group         0x00000000        0x8 Device_Startup/system_same53.o
 .group         0x00000000        0x8 Device_Startup/system_same53.o
 .group         0x00000000        0x8 Device_Startup/system_same53.o
 .group         0x00000000        0x8 Device_Startup/system_same53.o
 .group         0x00000000        0x8 Device_Startup/system_same53.o
 .group         0x00000000        0x8 Device_Startup/system_same53.o
 .text          0x00000000        0x0 Device_Startup/system_same53.o
 .data          0x00000000        0x4 Device_Startup/system_same53.o
 .bss           0x00000000        0x0 Device_Startup/system_same53.o
 .text.SystemInit
                0x00000000       0x10 Device_Startup/system_same53.o
 .text.SystemCoreClockUpdate
                0x00000000       0x10 Device_Startup/system_same53.o
 .debug_info    0x00000000       0xfe Device_Startup/system_same53.o
 .debug_abbrev  0x00000000       0x8a Device_Startup/system_same53.o
 .debug_aranges
                0x00000000       0x28 Device_Startup/system_same53.o
 .debug_ranges  0x00000000       0x18 Device_Startup/system_same53.o
 .debug_macro   0x00000000      0x49a Device_Startup/system_same53.o
 .debug_macro   0x00000000      0x8b0 Device_Startup/system_same53.o
 .debug_macro   0x00000000       0x22 Device_Startup/system_same53.o
 .debug_macro   0x00000000       0x87 Device_Startup/system_same53.o
 .debug_macro   0x00000000       0x51 Device_Startup/system_same53.o
 .debug_macro   0x00000000       0xef Device_Startup/system_same53.o
 .debug_macro   0x00000000       0x6a Device_Startup/system_same53.o
 .debug_macro   0x00000000      0x1df Device_Startup/system_same53.o
 .debug_macro   0x00000000       0x4e Device_Startup/system_same53.o
 .debug_macro   0x00000000       0x1c Device_Startup/system_same53.o
 .debug_macro   0x00000000       0x22 Device_Startup/system_same53.o
 .debug_macro   0x00000000       0xdf Device_Startup/system_same53.o
 .debug_macro   0x00000000     0x102d Device_Startup/system_same53.o
 .debug_macro   0x00000000      0x11f Device_Startup/system_same53.o
 .debug_macro   0x00000000      0x706 Device_Startup/system_same53.o
 .debug_macro   0x00000000      0xb5b Device_Startup/system_same53.o
 .debug_macro   0x00000000      0x3c0 Device_Startup/system_same53.o
 .debug_macro   0x00000000      0x336 Device_Startup/system_same53.o
 .debug_macro   0x00000000      0x3b7 Device_Startup/system_same53.o
 .debug_macro   0x00000000      0x668 Device_Startup/system_same53.o
 .debug_macro   0x00000000     0x143f Device_Startup/system_same53.o
 .debug_macro   0x00000000      0x651 Device_Startup/system_same53.o
 .debug_macro   0x00000000      0x67b Device_Startup/system_same53.o
 .debug_macro   0x00000000      0x6d7 Device_Startup/system_same53.o
 .debug_macro   0x00000000      0x172 Device_Startup/system_same53.o
 .debug_macro   0x00000000      0x395 Device_Startup/system_same53.o
 .debug_macro   0x00000000     0x19dd Device_Startup/system_same53.o
 .debug_macro   0x00000000       0x3a Device_Startup/system_same53.o
 .debug_macro   0x00000000      0x72a Device_Startup/system_same53.o
 .debug_macro   0x00000000      0xb12 Device_Startup/system_same53.o
 .debug_macro   0x00000000      0x5bb Device_Startup/system_same53.o
 .debug_macro   0x00000000      0xbc0 Device_Startup/system_same53.o
 .debug_macro   0x00000000      0x9b9 Device_Startup/system_same53.o
 .debug_macro   0x00000000      0x2a3 Device_Startup/system_same53.o
 .debug_macro   0x00000000      0x893 Device_Startup/system_same53.o
 .debug_macro   0x00000000      0x1ea Device_Startup/system_same53.o
 .debug_macro   0x00000000      0x8f4 Device_Startup/system_same53.o
 .debug_macro   0x00000000      0x216 Device_Startup/system_same53.o
 .debug_macro   0x00000000      0x3f9 Device_Startup/system_same53.o
 .debug_macro   0x00000000      0x620 Device_Startup/system_same53.o
 .debug_macro   0x00000000      0x10d Device_Startup/system_same53.o
 .debug_macro   0x00000000       0xb8 Device_Startup/system_same53.o
 .debug_macro   0x00000000     0x1df7 Device_Startup/system_same53.o
 .debug_macro   0x00000000     0x2e69 Device_Startup/system_same53.o
 .debug_macro   0x00000000     0x11ed Device_Startup/system_same53.o
 .debug_macro   0x00000000      0x50e Device_Startup/system_same53.o
 .debug_macro   0x00000000      0x930 Device_Startup/system_same53.o
 .debug_macro   0x00000000     0x1ad8 Device_Startup/system_same53.o
 .debug_macro   0x00000000       0xe7 Device_Startup/system_same53.o
 .debug_macro   0x00000000     0x13e6 Device_Startup/system_same53.o
 .debug_macro   0x00000000      0x36a Device_Startup/system_same53.o
 .debug_macro   0x00000000       0x94 Device_Startup/system_same53.o
 .debug_macro   0x00000000       0xdc Device_Startup/system_same53.o
 .debug_macro   0x00000000       0xe2 Device_Startup/system_same53.o
 .debug_macro   0x00000000       0xdc Device_Startup/system_same53.o
 .debug_macro   0x00000000       0x46 Device_Startup/system_same53.o
 .debug_macro   0x00000000       0x4c Device_Startup/system_same53.o
 .debug_macro   0x00000000       0xc4 Device_Startup/system_same53.o
 .debug_macro   0x00000000      0x7d5 Device_Startup/system_same53.o
 .debug_macro   0x00000000       0xb8 Device_Startup/system_same53.o
 .debug_macro   0x00000000       0x7c Device_Startup/system_same53.o
 .debug_macro   0x00000000      0xc20 Device_Startup/system_same53.o
 .debug_macro   0x00000000       0x46 Device_Startup/system_same53.o
 .debug_macro   0x00000000      0x25b Device_Startup/system_same53.o
 .debug_macro   0x00000000      0x31a Device_Startup/system_same53.o
 .debug_macro   0x00000000      0x170 Device_Startup/system_same53.o
 .debug_macro   0x00000000       0x7c Device_Startup/system_same53.o
 .debug_macro   0x00000000       0xbe Device_Startup/system_same53.o
 .debug_macro   0x00000000       0x4c Device_Startup/system_same53.o
 .debug_macro   0x00000000       0x82 Device_Startup/system_same53.o
 .debug_macro   0x00000000      0x1a3 Device_Startup/system_same53.o
 .debug_macro   0x00000000       0x46 Device_Startup/system_same53.o
 .debug_macro   0x00000000       0x6a Device_Startup/system_same53.o
 .debug_macro   0x00000000       0x46 Device_Startup/system_same53.o
 .debug_macro   0x00000000       0x88 Device_Startup/system_same53.o
 .debug_macro   0x00000000       0x46 Device_Startup/system_same53.o
 .debug_macro   0x00000000      0x1e1 Device_Startup/system_same53.o
 .debug_macro   0x00000000       0x1c Device_Startup/system_same53.o
 .debug_macro   0x00000000       0x76 Device_Startup/system_same53.o
 .debug_macro   0x00000000       0x3a Device_Startup/system_same53.o
 .debug_macro   0x00000000       0x2e Device_Startup/system_same53.o
 .debug_macro   0x00000000      0x196 Device_Startup/system_same53.o
 .debug_macro   0x00000000      0x16f Device_Startup/system_same53.o
 .debug_macro   0x00000000      0x16f Device_Startup/system_same53.o
 .debug_macro   0x00000000      0x25d Device_Startup/system_same53.o
 .debug_macro   0x00000000      0x25d Device_Startup/system_same53.o
 .debug_macro   0x00000000      0x25d Device_Startup/system_same53.o
 .debug_macro   0x00000000      0x25d Device_Startup/system_same53.o
 .debug_macro   0x00000000      0x25d Device_Startup/system_same53.o
 .debug_macro   0x00000000      0x25d Device_Startup/system_same53.o
 .debug_macro   0x00000000      0x25d Device_Startup/system_same53.o
 .debug_macro   0x00000000      0x25d Device_Startup/system_same53.o
 .debug_macro   0x00000000       0x52 Device_Startup/system_same53.o
 .debug_macro   0x00000000       0xfa Device_Startup/system_same53.o
 .debug_macro   0x00000000       0xfa Device_Startup/system_same53.o
 .debug_macro   0x00000000       0xfa Device_Startup/system_same53.o
 .debug_macro   0x00000000       0xfa Device_Startup/system_same53.o
 .debug_macro   0x00000000       0xfa Device_Startup/system_same53.o
 .debug_macro   0x00000000       0xfa Device_Startup/system_same53.o
 .debug_macro   0x00000000       0xfa Device_Startup/system_same53.o
 .debug_macro   0x00000000       0xfa Device_Startup/system_same53.o
 .debug_macro   0x00000000      0x148 Device_Startup/system_same53.o
 .debug_macro   0x00000000      0x124 Device_Startup/system_same53.o
 .debug_macro   0x00000000      0x106 Device_Startup/system_same53.o
 .debug_macro   0x00000000       0xee Device_Startup/system_same53.o
 .debug_macro   0x00000000       0xee Device_Startup/system_same53.o
 .debug_macro   0x00000000       0x2e Device_Startup/system_same53.o
 .debug_macro   0x00000000      0x46a Device_Startup/system_same53.o
 .debug_macro   0x00000000       0x3a Device_Startup/system_same53.o
 .debug_macro   0x00000000      0x575 Device_Startup/system_same53.o
 .debug_macro   0x00000000     0x4645 Device_Startup/system_same53.o
 .debug_macro   0x00000000       0xcf Device_Startup/system_same53.o
 .debug_line    0x00000000      0x861 Device_Startup/system_same53.o
 .debug_str     0x00000000    0xdb4fb Device_Startup/system_same53.o
 .comment       0x00000000       0x5a Device_Startup/system_same53.o
 .debug_frame   0x00000000       0x30 Device_Startup/system_same53.o
 .ARM.attributes
                0x00000000       0x33 Device_Startup/system_same53.o
 .group         0x00000000        0x8 main.o
 .group         0x00000000        0x8 main.o
 .group         0x00000000        0x8 main.o
 .group         0x00000000        0x8 main.o
 .group         0x00000000        0x8 main.o
 .group         0x00000000        0x8 main.o
 .group         0x00000000        0x8 main.o
 .group         0x00000000        0x8 main.o
 .group         0x00000000        0x8 main.o
 .group         0x00000000        0x8 main.o
 .group         0x00000000        0x8 main.o
 .group         0x00000000        0x8 main.o
 .group         0x00000000        0x8 main.o
 .group         0x00000000        0x8 main.o
 .group         0x00000000        0x8 main.o
 .group         0x00000000        0x8 main.o
 .group         0x00000000        0x8 main.o
 .group         0x00000000        0x8 main.o
 .group         0x00000000        0x8 main.o
 .group         0x00000000        0x8 main.o
 .group         0x00000000        0x8 main.o
 .group         0x00000000        0x8 main.o
 .group         0x00000000        0x8 main.o
 .group         0x00000000        0x8 main.o
 .group         0x00000000        0x8 main.o
 .group         0x00000000        0x8 main.o
 .group         0x00000000        0x8 main.o
 .group         0x00000000        0x8 main.o
 .group         0x00000000        0x8 main.o
 .group         0x00000000        0x8 main.o
 .group         0x00000000        0x8 main.o
 .group         0x00000000        0x8 main.o
 .group         0x00000000        0x8 main.o
 .group         0x00000000        0x8 main.o
 .group         0x00000000        0x8 main.o
 .group         0x00000000        0x8 main.o
 .group         0x00000000        0x8 main.o
 .group         0x00000000        0x8 main.o
 .group         0x00000000        0x8 main.o
 .group         0x00000000        0x8 main.o
 .group         0x00000000        0x8 main.o
 .group         0x00000000        0x8 main.o
 .group         0x00000000        0x8 main.o
 .group         0x00000000        0x8 main.o
 .group         0x00000000        0x8 main.o
 .group         0x00000000        0x8 main.o
 .group         0x00000000        0x8 main.o
 .group         0x00000000        0x8 main.o
 .group         0x00000000        0x8 main.o
 .group         0x00000000        0x8 main.o
 .group         0x00000000        0x8 main.o
 .group         0x00000000        0x8 main.o
 .group         0x00000000        0x8 main.o
 .group         0x00000000        0x8 main.o
 .group         0x00000000        0x8 main.o
 .group         0x00000000        0x8 main.o
 .group         0x00000000        0x8 main.o
 .group         0x00000000        0x8 main.o
 .group         0x00000000        0x8 main.o
 .group         0x00000000        0x8 main.o
 .group         0x00000000        0x8 main.o
 .group         0x00000000        0x8 main.o
 .group         0x00000000        0x8 main.o
 .group         0x00000000        0x8 main.o
 .group         0x00000000        0x8 main.o
 .group         0x00000000        0x8 main.o
 .group         0x00000000        0x8 main.o
 .group         0x00000000        0x8 main.o
 .group         0x00000000        0x8 main.o
 .group         0x00000000        0x8 main.o
 .group         0x00000000        0x8 main.o
 .group         0x00000000        0x8 main.o
 .group         0x00000000        0x8 main.o
 .group         0x00000000        0x8 main.o
 .group         0x00000000        0x8 main.o
 .group         0x00000000        0x8 main.o
 .group         0x00000000        0x8 main.o
 .group         0x00000000        0x8 main.o
 .group         0x00000000        0x8 main.o
 .group         0x00000000        0x8 main.o
 .group         0x00000000        0x8 main.o
 .group         0x00000000        0x8 main.o
 .group         0x00000000        0x8 main.o
 .group         0x00000000        0x8 main.o
 .group         0x00000000        0x8 main.o
 .group         0x00000000        0x8 main.o
 .group         0x00000000        0x8 main.o
 .group         0x00000000        0x8 main.o
 .group         0x00000000        0x8 main.o
 .group         0x00000000        0x8 main.o
 .group         0x00000000        0x8 main.o
 .group         0x00000000        0x8 main.o
 .group         0x00000000        0x8 main.o
 .group         0x00000000        0x8 main.o
 .group         0x00000000        0x8 main.o
 .group         0x00000000        0x8 main.o
 .group         0x00000000        0x8 main.o
 .group         0x00000000        0x8 main.o
 .group         0x00000000        0x8 main.o
 .group         0x00000000        0x8 main.o
 .group         0x00000000        0x8 main.o
 .group         0x00000000        0x8 main.o
 .group         0x00000000        0x8 main.o
 .group         0x00000000        0x8 main.o
 .group         0x00000000        0x8 main.o
 .group         0x00000000        0x8 main.o
 .group         0x00000000        0x8 main.o
 .group         0x00000000        0x8 main.o
 .group         0x00000000        0x8 main.o
 .group         0x00000000        0x8 main.o
 .group         0x00000000        0x8 main.o
 .group         0x00000000        0x8 main.o
 .text          0x00000000        0x0 main.o
 .data          0x00000000        0x0 main.o
 .bss           0x00000000        0x0 main.o
 .debug_macro   0x00000000       0x22 main.o
 .debug_macro   0x00000000       0x51 main.o
 .debug_macro   0x00000000       0xef main.o
 .debug_macro   0x00000000       0x6a main.o
 .debug_macro   0x00000000      0x1df main.o
 .debug_macro   0x00000000       0x4e main.o
 .debug_macro   0x00000000       0x1c main.o
 .debug_macro   0x00000000       0x22 main.o
 .debug_macro   0x00000000       0xdf main.o
 .debug_macro   0x00000000      0x11f main.o
 .debug_macro   0x00000000      0x706 main.o
 .debug_macro   0x00000000      0xb5b main.o
 .debug_macro   0x00000000      0x3c0 main.o
 .debug_macro   0x00000000      0x336 main.o
 .debug_macro   0x00000000      0x3b7 main.o
 .debug_macro   0x00000000      0x668 main.o
 .debug_macro   0x00000000     0x143f main.o
 .debug_macro   0x00000000      0x651 main.o
 .debug_macro   0x00000000      0x67b main.o
 .debug_macro   0x00000000      0x6d7 main.o
 .debug_macro   0x00000000      0x172 main.o
 .debug_macro   0x00000000      0x395 main.o
 .debug_macro   0x00000000     0x19dd main.o
 .debug_macro   0x00000000       0x3a main.o
 .debug_macro   0x00000000      0x72a main.o
 .debug_macro   0x00000000      0xb12 main.o
 .debug_macro   0x00000000      0x5bb main.o
 .debug_macro   0x00000000      0xbc0 main.o
 .debug_macro   0x00000000      0x9b9 main.o
 .debug_macro   0x00000000      0x2a3 main.o
 .debug_macro   0x00000000      0x893 main.o
 .debug_macro   0x00000000      0x1ea main.o
 .debug_macro   0x00000000      0x8f4 main.o
 .debug_macro   0x00000000      0x216 main.o
 .debug_macro   0x00000000      0x3f9 main.o
 .debug_macro   0x00000000      0x620 main.o
 .debug_macro   0x00000000      0x10d main.o
 .debug_macro   0x00000000       0xb8 main.o
 .debug_macro   0x00000000     0x1df7 main.o
 .debug_macro   0x00000000     0x2e69 main.o
 .debug_macro   0x00000000     0x11ed main.o
 .debug_macro   0x00000000      0x50e main.o
 .debug_macro   0x00000000      0x930 main.o
 .debug_macro   0x00000000     0x1ad8 main.o
 .debug_macro   0x00000000       0xe7 main.o
 .debug_macro   0x00000000     0x13e6 main.o
 .debug_macro   0x00000000      0x36a main.o
 .debug_macro   0x00000000       0x94 main.o
 .debug_macro   0x00000000       0xdc main.o
 .debug_macro   0x00000000       0xe2 main.o
 .debug_macro   0x00000000       0xdc main.o
 .debug_macro   0x00000000       0x46 main.o
 .debug_macro   0x00000000       0x4c main.o
 .debug_macro   0x00000000       0xc4 main.o
 .debug_macro   0x00000000      0x7d5 main.o
 .debug_macro   0x00000000       0xb8 main.o
 .debug_macro   0x00000000       0x7c main.o
 .debug_macro   0x00000000      0xc20 main.o
 .debug_macro   0x00000000       0x46 main.o
 .debug_macro   0x00000000      0x25b main.o
 .debug_macro   0x00000000      0x31a main.o
 .debug_macro   0x00000000      0x170 main.o
 .debug_macro   0x00000000       0x7c main.o
 .debug_macro   0x00000000       0xbe main.o
 .debug_macro   0x00000000       0x4c main.o
 .debug_macro   0x00000000       0x82 main.o
 .debug_macro   0x00000000      0x1a3 main.o
 .debug_macro   0x00000000       0x46 main.o
 .debug_macro   0x00000000       0x6a main.o
 .debug_macro   0x00000000       0x46 main.o
 .debug_macro   0x00000000       0x88 main.o
 .debug_macro   0x00000000       0x46 main.o
 .debug_macro   0x00000000      0x1e1 main.o
 .debug_macro   0x00000000       0x1c main.o
 .debug_macro   0x00000000       0x76 main.o
 .debug_macro   0x00000000       0x3a main.o
 .debug_macro   0x00000000       0x2e main.o
 .debug_macro   0x00000000      0x196 main.o
 .debug_macro   0x00000000      0x16f main.o
 .debug_macro   0x00000000      0x16f main.o
 .debug_macro   0x00000000      0x25d main.o
 .debug_macro   0x00000000      0x25d main.o
 .debug_macro   0x00000000      0x25d main.o
 .debug_macro   0x00000000      0x25d main.o
 .debug_macro   0x00000000      0x25d main.o
 .debug_macro   0x00000000      0x25d main.o
 .debug_macro   0x00000000      0x25d main.o
 .debug_macro   0x00000000      0x25d main.o
 .debug_macro   0x00000000       0x52 main.o
 .debug_macro   0x00000000       0xfa main.o
 .debug_macro   0x00000000       0xfa main.o
 .debug_macro   0x00000000       0xfa main.o
 .debug_macro   0x00000000       0xfa main.o
 .debug_macro   0x00000000       0xfa main.o
 .debug_macro   0x00000000       0xfa main.o
 .debug_macro   0x00000000       0xfa main.o
 .debug_macro   0x00000000       0xfa main.o
 .debug_macro   0x00000000      0x148 main.o
 .debug_macro   0x00000000      0x124 main.o
 .debug_macro   0x00000000      0x106 main.o
 .debug_macro   0x00000000       0xee main.o
 .debug_macro   0x00000000       0xee main.o
 .debug_macro   0x00000000       0x2e main.o
 .debug_macro   0x00000000      0x46a main.o
 .debug_macro   0x00000000       0x3a main.o
 .debug_macro   0x00000000      0x575 main.o
 .debug_macro   0x00000000     0x4645 main.o
 .debug_macro   0x00000000       0xcf main.o
 .text          0x00000000        0x0 c:/program files (x86)/atmel/studio/7.0/toolchain/arm/arm-gnu-toolchain/bin/../lib/gcc/arm-none-eabi/6.3.1/../../../../arm-none-eabi/lib/thumb/v7e-m\libc.a(lib_a-exit.o)
 .data          0x00000000        0x0 c:/program files (x86)/atmel/studio/7.0/toolchain/arm/arm-gnu-toolchain/bin/../lib/gcc/arm-none-eabi/6.3.1/../../../../arm-none-eabi/lib/thumb/v7e-m\libc.a(lib_a-exit.o)
 .bss           0x00000000        0x0 c:/program files (x86)/atmel/studio/7.0/toolchain/arm/arm-gnu-toolchain/bin/../lib/gcc/arm-none-eabi/6.3.1/../../../../arm-none-eabi/lib/thumb/v7e-m\libc.a(lib_a-exit.o)
 .text.exit     0x00000000       0x20 c:/program files (x86)/atmel/studio/7.0/toolchain/arm/arm-gnu-toolchain/bin/../lib/gcc/arm-none-eabi/6.3.1/../../../../arm-none-eabi/lib/thumb/v7e-m\libc.a(lib_a-exit.o)
 .debug_frame   0x00000000       0x28 c:/program files (x86)/atmel/studio/7.0/toolchain/arm/arm-gnu-toolchain/bin/../lib/gcc/arm-none-eabi/6.3.1/../../../../arm-none-eabi/lib/thumb/v7e-m\libc.a(lib_a-exit.o)
 .ARM.attributes
                0x00000000       0x2e c:/program files (x86)/atmel/studio/7.0/toolchain/arm/arm-gnu-toolchain/bin/../lib/gcc/arm-none-eabi/6.3.1/../../../../arm-none-eabi/lib/thumb/v7e-m\libc.a(lib_a-exit.o)
 .text          0x00000000        0x0 c:/program files (x86)/atmel/studio/7.0/toolchain/arm/arm-gnu-toolchain/bin/../lib/gcc/arm-none-eabi/6.3.1/../../../../arm-none-eabi/lib/thumb/v7e-m\libc.a(lib_a-impure.o)
 .data          0x00000000        0x0 c:/program files (x86)/atmel/studio/7.0/toolchain/arm/arm-gnu-toolchain/bin/../lib/gcc/arm-none-eabi/6.3.1/../../../../arm-none-eabi/lib/thumb/v7e-m\libc.a(lib_a-impure.o)
 .bss           0x00000000        0x0 c:/program files (x86)/atmel/studio/7.0/toolchain/arm/arm-gnu-toolchain/bin/../lib/gcc/arm-none-eabi/6.3.1/../../../../arm-none-eabi/lib/thumb/v7e-m\libc.a(lib_a-impure.o)
 .data._impure_ptr
                0x00000000        0x4 c:/program files (x86)/atmel/studio/7.0/toolchain/arm/arm-gnu-toolchain/bin/../lib/gcc/arm-none-eabi/6.3.1/../../../../arm-none-eabi/lib/thumb/v7e-m\libc.a(lib_a-impure.o)
 .text          0x00000000        0x0 c:/program files (x86)/atmel/studio/7.0/toolchain/arm/arm-gnu-toolchain/bin/../lib/gcc/arm-none-eabi/6.3.1/../../../../arm-none-eabi/lib/thumb/v7e-m\libc.a(lib_a-init.o)
 .data          0x00000000        0x0 c:/program files (x86)/atmel/studio/7.0/toolchain/arm/arm-gnu-toolchain/bin/../lib/gcc/arm-none-eabi/6.3.1/../../../../arm-none-eabi/lib/thumb/v7e-m\libc.a(lib_a-init.o)
 .bss           0x00000000        0x0 c:/program files (x86)/atmel/studio/7.0/toolchain/arm/arm-gnu-toolchain/bin/../lib/gcc/arm-none-eabi/6.3.1/../../../../arm-none-eabi/lib/thumb/v7e-m\libc.a(lib_a-init.o)
 .text          0x00000000        0x0 c:/program files (x86)/atmel/studio/7.0/toolchain/arm/arm-gnu-toolchain/bin/../lib/gcc/arm-none-eabi/6.3.1/../../../../arm-none-eabi/lib/thumb/v7e-m\libc.a(lib_a-memset.o)
 .data          0x00000000        0x0 c:/program files (x86)/atmel/studio/7.0/toolchain/arm/arm-gnu-toolchain/bin/../lib/gcc/arm-none-eabi/6.3.1/../../../../arm-none-eabi/lib/thumb/v7e-m\libc.a(lib_a-memset.o)
 .bss           0x00000000        0x0 c:/program files (x86)/atmel/studio/7.0/toolchain/arm/arm-gnu-toolchain/bin/../lib/gcc/arm-none-eabi/6.3.1/../../../../arm-none-eabi/lib/thumb/v7e-m\libc.a(lib_a-memset.o)
 .text.memset   0x00000000       0x9c c:/program files (x86)/atmel/studio/7.0/toolchain/arm/arm-gnu-toolchain/bin/../lib/gcc/arm-none-eabi/6.3.1/../../../../arm-none-eabi/lib/thumb/v7e-m\libc.a(lib_a-memset.o)
 .debug_frame   0x00000000       0x34 c:/program files (x86)/atmel/studio/7.0/toolchain/arm/arm-gnu-toolchain/bin/../lib/gcc/arm-none-eabi/6.3.1/../../../../arm-none-eabi/lib/thumb/v7e-m\libc.a(lib_a-memset.o)
 .ARM.attributes
                0x00000000       0x2e c:/program files (x86)/atmel/studio/7.0/toolchain/arm/arm-gnu-toolchain/bin/../lib/gcc/arm-none-eabi/6.3.1/../../../../arm-none-eabi/lib/thumb/v7e-m\libc.a(lib_a-memset.o)
 .text          0x00000000        0x0 c:/program files (x86)/atmel/studio/7.0/toolchain/arm/arm-gnu-toolchain/bin/../lib/gcc/arm-none-eabi/6.3.1/../../../../arm-none-eabi/lib/thumb/v7e-m\libc.a(lib_a-__call_atexit.o)
 .data          0x00000000        0x0 c:/program files (x86)/atmel/studio/7.0/toolchain/arm/arm-gnu-toolchain/bin/../lib/gcc/arm-none-eabi/6.3.1/../../../../arm-none-eabi/lib/thumb/v7e-m\libc.a(lib_a-__call_atexit.o)
 .bss           0x00000000        0x0 c:/program files (x86)/atmel/studio/7.0/toolchain/arm/arm-gnu-toolchain/bin/../lib/gcc/arm-none-eabi/6.3.1/../../../../arm-none-eabi/lib/thumb/v7e-m\libc.a(lib_a-__call_atexit.o)
 .text.__call_exitprocs
                0x00000000       0xe8 c:/program files (x86)/atmel/studio/7.0/toolchain/arm/arm-gnu-toolchain/bin/../lib/gcc/arm-none-eabi/6.3.1/../../../../arm-none-eabi/lib/thumb/v7e-m\libc.a(lib_a-__call_atexit.o)
 .text          0x00000000        0x0 c:/program files (x86)/atmel/studio/7.0/toolchain/arm/arm-gnu-toolchain/bin/../lib/gcc/arm-none-eabi/6.3.1/../../../../arm-none-eabi/lib/thumb/v7e-m\libc.a(lib_a-atexit.o)
 .data          0x00000000        0x0 c:/program files (x86)/atmel/studio/7.0/toolchain/arm/arm-gnu-toolchain/bin/../lib/gcc/arm-none-eabi/6.3.1/../../../../arm-none-eabi/lib/thumb/v7e-m\libc.a(lib_a-atexit.o)
 .bss           0x00000000        0x0 c:/program files (x86)/atmel/studio/7.0/toolchain/arm/arm-gnu-toolchain/bin/../lib/gcc/arm-none-eabi/6.3.1/../../../../arm-none-eabi/lib/thumb/v7e-m\libc.a(lib_a-atexit.o)
 .text          0x00000000        0x0 c:/program files (x86)/atmel/studio/7.0/toolchain/arm/arm-gnu-toolchain/bin/../lib/gcc/arm-none-eabi/6.3.1/../../../../arm-none-eabi/lib/thumb/v7e-m\libc.a(lib_a-fini.o)
 .data          0x00000000        0x0 c:/program files (x86)/atmel/studio/7.0/toolchain/arm/arm-gnu-toolchain/bin/../lib/gcc/arm-none-eabi/6.3.1/../../../../arm-none-eabi/lib/thumb/v7e-m\libc.a(lib_a-fini.o)
 .bss           0x00000000        0x0 c:/program files (x86)/atmel/studio/7.0/toolchain/arm/arm-gnu-toolchain/bin/../lib/gcc/arm-none-eabi/6.3.1/../../../../arm-none-eabi/lib/thumb/v7e-m\libc.a(lib_a-fini.o)
 .text          0x00000000        0x0 c:/program files (x86)/atmel/studio/7.0/toolchain/arm/arm-gnu-toolchain/bin/../lib/gcc/arm-none-eabi/6.3.1/../../../../arm-none-eabi/lib/thumb/v7e-m\libc.a(lib_a-lock.o)
 .data          0x00000000        0x0 c:/program files (x86)/atmel/studio/7.0/toolchain/arm/arm-gnu-toolchain/bin/../lib/gcc/arm-none-eabi/6.3.1/../../../../arm-none-eabi/lib/thumb/v7e-m\libc.a(lib_a-lock.o)
 .bss           0x00000000        0x0 c:/program files (x86)/atmel/studio/7.0/toolchain/arm/arm-gnu-toolchain/bin/../lib/gcc/arm-none-eabi/6.3.1/../../../../arm-none-eabi/lib/thumb/v7e-m\libc.a(lib_a-lock.o)
 .text.__retarget_lock_init
                0x00000000        0x4 c:/program files (x86)/atmel/studio/7.0/toolchain/arm/arm-gnu-toolchain/bin/../lib/gcc/arm-none-eabi/6.3.1/../../../../arm-none-eabi/lib/thumb/v7e-m\libc.a(lib_a-lock.o)
 .text.__retarget_lock_init_recursive
                0x00000000        0x4 c:/program files (x86)/atmel/studio/7.0/toolchain/arm/arm-gnu-toolchain/bin/../lib/gcc/arm-none-eabi/6.3.1/../../../../arm-none-eabi/lib/thumb/v7e-m\libc.a(lib_a-lock.o)
 .text.__retarget_lock_close
                0x00000000        0x4 c:/program files (x86)/atmel/studio/7.0/toolchain/arm/arm-gnu-toolchain/bin/../lib/gcc/arm-none-eabi/6.3.1/../../../../arm-none-eabi/lib/thumb/v7e-m\libc.a(lib_a-lock.o)
 .text.__retarget_lock_close_recursive
                0x00000000        0x4 c:/program files (x86)/atmel/studio/7.0/toolchain/arm/arm-gnu-toolchain/bin/../lib/gcc/arm-none-eabi/6.3.1/../../../../arm-none-eabi/lib/thumb/v7e-m\libc.a(lib_a-lock.o)
 .text.__retarget_lock_acquire
                0x00000000        0x4 c:/program files (x86)/atmel/studio/7.0/toolchain/arm/arm-gnu-toolchain/bin/../lib/gcc/arm-none-eabi/6.3.1/../../../../arm-none-eabi/lib/thumb/v7e-m\libc.a(lib_a-lock.o)
 .text.__retarget_lock_try_acquire
                0x00000000        0x4 c:/program files (x86)/atmel/studio/7.0/toolchain/arm/arm-gnu-toolchain/bin/../lib/gcc/arm-none-eabi/6.3.1/../../../../arm-none-eabi/lib/thumb/v7e-m\libc.a(lib_a-lock.o)
 .text.__retarget_lock_try_acquire_recursive
                0x00000000        0x4 c:/program files (x86)/atmel/studio/7.0/toolchain/arm/arm-gnu-toolchain/bin/../lib/gcc/arm-none-eabi/6.3.1/../../../../arm-none-eabi/lib/thumb/v7e-m\libc.a(lib_a-lock.o)
 .text.__retarget_lock_release
                0x00000000        0x4 c:/program files (x86)/atmel/studio/7.0/toolchain/arm/arm-gnu-toolchain/bin/../lib/gcc/arm-none-eabi/6.3.1/../../../../arm-none-eabi/lib/thumb/v7e-m\libc.a(lib_a-lock.o)
 .text          0x00000000        0x0 c:/program files (x86)/atmel/studio/7.0/toolchain/arm/arm-gnu-toolchain/bin/../lib/gcc/arm-none-eabi/6.3.1/../../../../arm-none-eabi/lib/thumb/v7e-m\libc.a(lib_a-__atexit.o)
 .data          0x00000000        0x0 c:/program files (x86)/atmel/studio/7.0/toolchain/arm/arm-gnu-toolchain/bin/../lib/gcc/arm-none-eabi/6.3.1/../../../../arm-none-eabi/lib/thumb/v7e-m\libc.a(lib_a-__atexit.o)
 .bss           0x00000000        0x0 c:/program files (x86)/atmel/studio/7.0/toolchain/arm/arm-gnu-toolchain/bin/../lib/gcc/arm-none-eabi/6.3.1/../../../../arm-none-eabi/lib/thumb/v7e-m\libc.a(lib_a-__atexit.o)
 .text          0x00000000        0x0 c:/program files (x86)/atmel/studio/7.0/toolchain/arm/arm-gnu-toolchain/bin/../lib/gcc/arm-none-eabi/6.3.1/thumb/v7e-m/crtend.o
 .data          0x00000000        0x0 c:/program files (x86)/atmel/studio/7.0/toolchain/arm/arm-gnu-toolchain/bin/../lib/gcc/arm-none-eabi/6.3.1/thumb/v7e-m/crtend.o
 .bss           0x00000000        0x0 c:/program files (x86)/atmel/studio/7.0/toolchain/arm/arm-gnu-toolchain/bin/../lib/gcc/arm-none-eabi/6.3.1/thumb/v7e-m/crtend.o
 .eh_frame      0x00000000        0x4 c:/program files (x86)/atmel/studio/7.0/toolchain/arm/arm-gnu-toolchain/bin/../lib/gcc/arm-none-eabi/6.3.1/thumb/v7e-m/crtend.o
 .jcr           0x00000000        0x4 c:/program files (x86)/atmel/studio/7.0/toolchain/arm/arm-gnu-toolchain/bin/../lib/gcc/arm-none-eabi/6.3.1/thumb/v7e-m/crtend.o
 .ARM.attributes
                0x00000000       0x2e c:/program files (x86)/atmel/studio/7.0/toolchain/arm/arm-gnu-toolchain/bin/../lib/gcc/arm-none-eabi/6.3.1/thumb/v7e-m/crtend.o
 .text          0x00000000        0x0 c:/program files (x86)/atmel/studio/7.0/toolchain/arm/arm-gnu-toolchain/bin/../lib/gcc/arm-none-eabi/6.3.1/thumb/v7e-m/crtn.o
 .data          0x00000000        0x0 c:/program files (x86)/atmel/studio/7.0/toolchain/arm/arm-gnu-toolchain/bin/../lib/gcc/arm-none-eabi/6.3.1/thumb/v7e-m/crtn.o
 .bss           0x00000000        0x0 c:/program files (x86)/atmel/studio/7.0/toolchain/arm/arm-gnu-toolchain/bin/../lib/gcc/arm-none-eabi/6.3.1/thumb/v7e-m/crtn.o

Memory Configuration

Name             Origin             Length             Attributes
rom              0x00000000         0x00080000         xr
ram              0x20000000         0x00030000         xrw
bkupram          0x47000000         0x00002000         xrw
qspi             0x04000000         0x01000000         xrw
*default*        0x00000000         0xffffffff

Linker script and memory map

LOAD c:/program files (x86)/atmel/studio/7.0/toolchain/arm/arm-gnu-toolchain/bin/../lib/gcc/arm-none-eabi/6.3.1/thumb/v7e-m/crti.o
LOAD c:/program files (x86)/atmel/studio/7.0/toolchain/arm/arm-gnu-toolchain/bin/../lib/gcc/arm-none-eabi/6.3.1/thumb/v7e-m/crtbegin.o
LOAD c:/program files (x86)/atmel/studio/7.0/toolchain/arm/arm-gnu-toolchain/bin/../lib/gcc/arm-none-eabi/6.3.1/../../../../arm-none-eabi/lib/thumb/v7e-m/crt0.o
LOAD Device_Startup/startup_same53.o
LOAD Device_Startup/system_same53.o
LOAD main.o
START GROUP
END GROUP
LOAD c:/program files (x86)/atmel/studio/7.0/toolchain/arm/arm-gnu-toolchain/bin/../lib/gcc/arm-none-eabi/6.3.1/../../../../arm-none-eabi/lib/thumb/v7e-m\libstdc++.a
LOAD c:/program files (x86)/atmel/studio/7.0/toolchain/arm/arm-gnu-toolchain/bin/../lib/gcc/arm-none-eabi/6.3.1/../../../../arm-none-eabi/lib/thumb/v7e-m\libm.a
START GROUP
LOAD c:/program files (x86)/atmel/studio/7.0/toolchain/arm/arm-gnu-toolchain/bin/../lib/gcc/arm-none-eabi/6.3.1/thumb/v7e-m\libgcc.a
LOAD c:/program files (x86)/atmel/studio/7.0/toolchain/arm/arm-gnu-toolchain/bin/../lib/gcc/arm-none-eabi/6.3.1/../../../../arm-none-eabi/lib/thumb/v7e-m\libc.a
END GROUP
LOAD c:/program files (x86)/atmel/studio/7.0/toolchain/arm/arm-gnu-toolchain/bin/../lib/gcc/arm-none-eabi/6.3.1/thumb/v7e-m/crtend.o
LOAD c:/program files (x86)/atmel/studio/7.0/toolchain/arm/arm-gnu-toolchain/bin/../lib/gcc/arm-none-eabi/6.3.1/thumb/v7e-m/crtn.o
                0x0000c000                STACK_SIZE = DEFINED (STACK_SIZE)?STACK_SIZE:DEFINED (__stack_size__)?__stack_size__:0xc000

.text           0x00000000      0x4f4
                0x00000000                . = ALIGN (0x4)
                0x00000000                _sfixed = .
 *(.vectors .vectors.*)
 .vectors       0x00000000      0x264 Device_Startup/startup_same53.o
                0x00000000                exception_table
 *(.text .text.* .gnu.linkonce.t.*)
 .text          0x00000264       0x6c c:/program files (x86)/atmel/studio/7.0/toolchain/arm/arm-gnu-toolchain/bin/../lib/gcc/arm-none-eabi/6.3.1/thumb/v7e-m/crtbegin.o
 .text.Dummy_Handler
                0x000002d0        0x2 Device_Startup/startup_same53.o
                0x000002d0                EIC_5_Handler
                0x000002d0                SVCall_Handler
                0x000002d0                SERCOM0_2_Handler
                0x000002d0                EIC_13_Handler
                0x000002d0                EVSYS_0_Handler
                0x000002d0                TCC1_3_Handler
                0x000002d0                DAC_3_Handler
                0x000002d0                TRNG_Handler
                0x000002d0                HardFault_Handler
                0x000002d0                TC2_Handler
                0x000002d0                PDEC_2_Handler
                0x000002d0                EIC_4_Handler
                0x000002d0                AC_Handler
                0x000002d0                SERCOM3_1_Handler
                0x000002d0                SysTick_Handler
                0x000002d0                TCC2_3_Handler
                0x000002d0                SERCOM3_2_Handler
                0x000002d0                PendSV_Handler
                0x000002d0                TC7_Handler
                0x000002d0                ADC1_1_Handler
                0x000002d0                EVSYS_3_Handler
                0x000002d0                PDEC_0_Handler
                0x000002d0                QSPI_Handler
                0x000002d0                NonMaskableInt_Handler
                0x000002d0                TCC0_0_Handler
                0x000002d0                EIC_3_Handler
                0x000002d0                MemManagement_Handler
                0x000002d0                DAC_2_Handler
                0x000002d0                SERCOM0_0_Handler
                0x000002d0                RTC_Handler
                0x000002d0                UsageFault_Handler
                0x000002d0                SERCOM4_0_Handler
                0x000002d0                EIC_10_Handler
                0x000002d0                SERCOM0_3_Handler
                0x000002d0                EIC_11_Handler
                0x000002d0                EIC_9_Handler
                0x000002d0                OSC32KCTRL_Handler
                0x000002d0                TCC2_1_Handler
                0x000002d0                SUPC_1_Handler
                0x000002d0                TCC0_5_Handler
                0x000002d0                TCC0_6_Handler
                0x000002d0                SERCOM6_2_Handler
                0x000002d0                EVSYS_1_Handler
                0x000002d0                TCC1_4_Handler
                0x000002d0                TC6_Handler
                0x000002d0                DMAC_0_Handler
                0x000002d0                WDT_Handler
                0x000002d0                EIC_8_Handler
                0x000002d0                EIC_15_Handler
                0x000002d0                SERCOM6_0_Handler
                0x000002d0                SERCOM5_0_Handler
                0x000002d0                TC4_Handler
                0x000002d0                TC1_Handler
                0x000002d0                OSCCTRL_4_Handler
                0x000002d0                SERCOM4_3_Handler
                0x000002d0                EIC_12_Handler
                0x000002d0                DMAC_4_Handler
                0x000002d0                TCC4_2_Handler
                0x000002d0                PAC_Handler
                0x000002d0                TCC1_0_Handler
                0x000002d0                USB_0_Handler
                0x000002d0                OSCCTRL_0_Handler
                0x000002d0                EIC_0_Handler
                0x000002d0                OSCCTRL_3_Handler
                0x000002d0                SERCOM4_1_Handler
                0x000002d0                TC3_Handler
                0x000002d0                Dummy_Handler
                0x000002d0                TCC3_0_Handler
                0x000002d0                TCC2_2_Handler
                0x000002d0                SERCOM5_1_Handler
                0x000002d0                TCC1_1_Handler
                0x000002d0                DMAC_2_Handler
                0x000002d0                ADC0_0_Handler
                0x000002d0                SERCOM0_1_Handler
                0x000002d0                OSCCTRL_2_Handler
                0x000002d0                ADC1_0_Handler
                0x000002d0                TCC1_2_Handler
                0x000002d0                SERCOM7_1_Handler
                0x000002d0                USB_1_Handler
                0x000002d0                PM_Handler
                0x000002d0                SERCOM6_3_Handler
                0x000002d0                SERCOM2_3_Handler
                0x000002d0                DAC_4_Handler
                0x000002d0                TCC3_2_Handler
                0x000002d0                SERCOM7_0_Handler
                0x000002d0                TCC0_2_Handler
                0x000002d0                DMAC_1_Handler
                0x000002d0                TCC4_0_Handler
                0x000002d0                SERCOM7_3_Handler
                0x000002d0                GMAC_Handler
                0x000002d0                SDHC1_Handler
                0x000002d0                USB_3_Handler
                0x000002d0                SERCOM7_2_Handler
                0x000002d0                TCC2_0_Handler
                0x000002d0                PDEC_1_Handler
                0x000002d0                TCC4_1_Handler
                0x000002d0                SERCOM5_3_Handler
                0x000002d0                USB_2_Handler
                0x000002d0                SERCOM6_1_Handler
                0x000002d0                SDHC0_Handler
                0x000002d0                SERCOM1_1_Handler
                0x000002d0                I2S_Handler
                0x000002d0                EIC_2_Handler
                0x000002d0                PCC_Handler
                0x000002d0                DAC_0_Handler
                0x000002d0                TCC0_1_Handler
                0x000002d0                SERCOM1_3_Handler
                0x000002d0                EIC_6_Handler
                0x000002d0                OSCCTRL_1_Handler
                0x000002d0                SERCOM1_0_Handler
                0x000002d0                PUKCC_Handler
                0x000002d0                SERCOM2_1_Handler
                0x000002d0                SERCOM1_2_Handler
                0x000002d0                SERCOM3_0_Handler
                0x000002d0                EIC_1_Handler
                0x000002d0                SERCOM4_2_Handler
                0x000002d0                EVSYS_4_Handler
                0x000002d0                EIC_7_Handler
                0x000002d0                NVMCTRL_1_Handler
                0x000002d0                SERCOM5_2_Handler
                0x000002d0                SERCOM3_3_Handler
                0x000002d0                ADC0_1_Handler
                0x000002d0                SERCOM2_2_Handler
                0x000002d0                TCC3_1_Handler
                0x000002d0                EIC_14_Handler
                0x000002d0                DAC_1_Handler
                0x000002d0                NVMCTRL_0_Handler
                0x000002d0                MCLK_Handler
                0x000002d0                EVSYS_2_Handler
                0x000002d0                SUPC_0_Handler
                0x000002d0                BusFault_Handler
                0x000002d0                FREQM_Handler
                0x000002d0                TC0_Handler
                0x000002d0                TCC0_3_Handler
                0x000002d0                DMAC_3_Handler
                0x000002d0                DebugMonitor_Handler
                0x000002d0                TCC0_4_Handler
                0x000002d0                RAMECC_Handler
                0x000002d0                TC5_Handler
                0x000002d0                SERCOM2_0_Handler
                0x000002d0                AES_Handler
                0x000002d0                ICM_Handler
 *fill*         0x000002d2        0x2 
 .text.Reset_Handler
                0x000002d4       0x84 Device_Startup/startup_same53.o
                0x000002d4                Reset_Handler
 .text.main     0x00000358        0x2 main.o
                0x00000358                main
 *fill*         0x0000035a        0x2 
 .text.__libc_init_array
                0x0000035c       0x50 c:/program files (x86)/atmel/studio/7.0/toolchain/arm/arm-gnu-toolchain/bin/../lib/gcc/arm-none-eabi/6.3.1/../../../../arm-none-eabi/lib/thumb/v7e-m\libc.a(lib_a-init.o)
                0x0000035c                __libc_init_array
 .text.startup.register_fini
                0x000003ac       0x14 c:/program files (x86)/atmel/studio/7.0/toolchain/arm/arm-gnu-toolchain/bin/../lib/gcc/arm-none-eabi/6.3.1/../../../../arm-none-eabi/lib/thumb/v7e-m\libc.a(lib_a-__call_atexit.o)
 .text.atexit   0x000003c0        0xc c:/program files (x86)/atmel/studio/7.0/toolchain/arm/arm-gnu-toolchain/bin/../lib/gcc/arm-none-eabi/6.3.1/../../../../arm-none-eabi/lib/thumb/v7e-m\libc.a(lib_a-atexit.o)
                0x000003c0                atexit
 .text.__libc_fini_array
                0x000003cc       0x34 c:/program files (x86)/atmel/studio/7.0/toolchain/arm/arm-gnu-toolchain/bin/../lib/gcc/arm-none-eabi/6.3.1/../../../../arm-none-eabi/lib/thumb/v7e-m\libc.a(lib_a-fini.o)
                0x000003cc                __libc_fini_array
 .text.__retarget_lock_acquire_recursive
                0x00000400        0x4 c:/program files (x86)/atmel/studio/7.0/toolchain/arm/arm-gnu-toolchain/bin/../lib/gcc/arm-none-eabi/6.3.1/../../../../arm-none-eabi/lib/thumb/v7e-m\libc.a(lib_a-lock.o)
                0x00000400                __retarget_lock_acquire_recursive
 .text.__retarget_lock_release_recursive
                0x00000404        0x4 c:/program files (x86)/atmel/studio/7.0/toolchain/arm/arm-gnu-toolchain/bin/../lib/gcc/arm-none-eabi/6.3.1/../../../../arm-none-eabi/lib/thumb/v7e-m\libc.a(lib_a-lock.o)
                0x00000404                __retarget_lock_release_recursive
 .text.__register_exitproc
                0x00000408       0xc4 c:/program files (x86)/atmel/studio/7.0/toolchain/arm/arm-gnu-toolchain/bin/../lib/gcc/arm-none-eabi/6.3.1/../../../../arm-none-eabi/lib/thumb/v7e-m\libc.a(lib_a-__atexit.o)
                0x00000408                __register_exitproc
 *(.glue_7t)
 .glue_7t       0x000004cc        0x0 linker stubs
 *(.glue_7)
 .glue_7        0x000004cc        0x0 linker stubs
 *(.rodata .rodata* .gnu.linkonce.r.*)
 .rodata._global_impure_ptr
                0x000004cc        0x4 c:/program files (x86)/atmel/studio/7.0/toolchain/arm/arm-gnu-toolchain/bin/../lib/gcc/arm-none-eabi/6.3.1/../../../../arm-none-eabi/lib/thumb/v7e-m\libc.a(lib_a-impure.o)
                0x000004cc                _global_impure_ptr
 *(.ARM.extab* .gnu.linkonce.armextab.*)
                0x000004d0                . = ALIGN (0x4)
 *(.init)
 .init          0x000004d0        0x4 c:/program files (x86)/atmel/studio/7.0/toolchain/arm/arm-gnu-toolchain/bin/../lib/gcc/arm-none-eabi/6.3.1/thumb/v7e-m/crti.o
                0x000004d0                _init
 .init          0x000004d4        0x8 c:/program files (x86)/atmel/studio/7.0/toolchain/arm/arm-gnu-toolchain/bin/../lib/gcc/arm-none-eabi/6.3.1/thumb/v7e-m/crtn.o
                0x000004dc                . = ALIGN (0x4)
                0x000004dc                __preinit_array_start = .
 *(.preinit_array)
                0x000004dc                __preinit_array_end = .
                0x000004dc                . = ALIGN (0x4)
                0x000004dc                __init_array_start = .
 *(SORT(.init_array.*))
 .init_array.00000
                0x000004dc        0x4 c:/program files (x86)/atmel/studio/7.0/toolchain/arm/arm-gnu-toolchain/bin/../lib/gcc/arm-none-eabi/6.3.1/../../../../arm-none-eabi/lib/thumb/v7e-m\libc.a(lib_a-__call_atexit.o)
 *(.init_array)
 .init_array    0x000004e0        0x4 c:/program files (x86)/atmel/studio/7.0/toolchain/arm/arm-gnu-toolchain/bin/../lib/gcc/arm-none-eabi/6.3.1/thumb/v7e-m/crtbegin.o
                0x000004e4                __init_array_end = .
                0x000004e4                . = ALIGN (0x4)
 *crtbegin.o(.ctors)
 *(EXCLUDE_FILE(*crtend.o) .ctors)
 *(SORT(.ctors.*))
 *crtend.o(.ctors)
                0x000004e4                . = ALIGN (0x4)
 *(.fini)
 .fini          0x000004e4        0x4 c:/program files (x86)/atmel/studio/7.0/toolchain/arm/arm-gnu-toolchain/bin/../lib/gcc/arm-none-eabi/6.3.1/thumb/v7e-m/crti.o
                0x000004e4                _fini
 .fini          0x000004e8        0x8 c:/program files (x86)/atmel/studio/7.0/toolchain/arm/arm-gnu-toolchain/bin/../lib/gcc/arm-none-eabi/6.3.1/thumb/v7e-m/crtn.o
                0x000004f0                . = ALIGN (0x4)
                0x000004f0                __fini_array_start = .
 *(.fini_array)
 .fini_array    0x000004f0        0x4 c:/program files (x86)/atmel/studio/7.0/toolchain/arm/arm-gnu-toolchain/bin/../lib/gcc/arm-none-eabi/6.3.1/thumb/v7e-m/crtbegin.o
 *(SORT(.fini_array.*))
                0x000004f4                __fini_array_end = .
 *crtbegin.o(.dtors)
 *(EXCLUDE_FILE(*crtend.o) .dtors)
 *(SORT(.dtors.*))
 *crtend.o(.dtors)
                0x000004f4                . = ALIGN (0x4)
                0x000004f4                _efixed = .
                [!provide]                PROVIDE (__exidx_start, .)

.vfp11_veneer   0x000004f4        0x0
 .vfp11_veneer  0x000004f4        0x0 linker stubs

.v4_bx          0x000004f4        0x0
 .v4_bx         0x000004f4        0x0 linker stubs

.iplt           0x000004f4        0x0
 .iplt          0x000004f4        0x0 c:/program files (x86)/atmel/studio/7.0/toolchain/arm/arm-gnu-toolchain/bin/../lib/gcc/arm-none-eabi/6.3.1/thumb/v7e-m/crtbegin.o

.eh_frame       0x000004f4        0x0
 .eh_frame      0x000004f4        0x0 c:/program files (x86)/atmel/studio/7.0/toolchain/arm/arm-gnu-toolchain/bin/../lib/gcc/arm-none-eabi/6.3.1/thumb/v7e-m/crtbegin.o

.rel.dyn        0x000004f4        0x0
 .rel.iplt      0x000004f4        0x0 c:/program files (x86)/atmel/studio/7.0/toolchain/arm/arm-gnu-toolchain/bin/../lib/gcc/arm-none-eabi/6.3.1/thumb/v7e-m/crtbegin.o

.jcr            0x000004f4        0x0
 .jcr           0x000004f4        0x0 c:/program files (x86)/atmel/studio/7.0/toolchain/arm/arm-gnu-toolchain/bin/../lib/gcc/arm-none-eabi/6.3.1/thumb/v7e-m/crtbegin.o

.igot.plt       0x000004f4        0x0
 .igot.plt      0x000004f4        0x0 c:/program files (x86)/atmel/studio/7.0/toolchain/arm/arm-gnu-toolchain/bin/../lib/gcc/arm-none-eabi/6.3.1/thumb/v7e-m/crtbegin.o

.ARM.exidx
 *(.ARM.exidx* .gnu.linkonce.armexidx.*)
                [!provide]                PROVIDE (__exidx_end, .)
                0x000004f4                . = ALIGN (0x4)
                0x000004f4                _etext = .

.relocate       0x20000000      0x42c load address 0x000004f4
                0x20000000                . = ALIGN (0x4)
                0x20000000                _srelocate = .
 *(.ramfunc .ramfunc.*)
 *(.data .data.*)
 .data.impure_data
                0x20000000      0x428 c:/program files (x86)/atmel/studio/7.0/toolchain/arm/arm-gnu-toolchain/bin/../lib/gcc/arm-none-eabi/6.3.1/../../../../arm-none-eabi/lib/thumb/v7e-m\libc.a(lib_a-impure.o)
 .data.__atexit_recursive_mutex
                0x20000428        0x4 c:/program files (x86)/atmel/studio/7.0/toolchain/arm/arm-gnu-toolchain/bin/../lib/gcc/arm-none-eabi/6.3.1/../../../../arm-none-eabi/lib/thumb/v7e-m\libc.a(lib_a-__call_atexit.o)
                0x20000428                __atexit_recursive_mutex
                0x2000042c                . = ALIGN (0x4)
                0x2000042c                _erelocate = .

.bkupram        0x47000000        0x0
                0x47000000                . = ALIGN (0x8)
                0x47000000                _sbkupram = .
 *(.bkupram .bkupram.*)
                0x47000000                . = ALIGN (0x8)
                0x47000000                _ebkupram = .

.qspi           0x04000000        0x0
                0x04000000                . = ALIGN (0x8)
                0x04000000                _sqspi = .
 *(.qspi .qspi.*)
                0x04000000                . = ALIGN (0x8)
                0x04000000                _eqspi = .

.bss            0x2000042c       0x40 load address 0x00000920
                0x2000042c                . = ALIGN (0x4)
                0x2000042c                _sbss = .
                0x2000042c                _szero = .
 *(.bss .bss.*)
 .bss           0x2000042c       0x1c c:/program files (x86)/atmel/studio/7.0/toolchain/arm/arm-gnu-toolchain/bin/../lib/gcc/arm-none-eabi/6.3.1/thumb/v7e-m/crtbegin.o
 *(COMMON)
 COMMON         0x20000448       0x21 c:/program files (x86)/atmel/studio/7.0/toolchain/arm/arm-gnu-toolchain/bin/../lib/gcc/arm-none-eabi/6.3.1/../../../../arm-none-eabi/lib/thumb/v7e-m\libc.a(lib_a-lock.o)
                0x20000448                __lock___atexit_recursive_mutex
                0x2000044c                __lock___arc4random_mutex
                0x20000450                __lock___env_recursive_mutex
                0x20000454                __lock___sinit_recursive_mutex
                0x20000458                __lock___malloc_recursive_mutex
                0x2000045c                __lock___at_quick_exit_mutex
                0x20000460                __lock___dd_hash_mutex
                0x20000464                __lock___tz_mutex
                0x20000468                __lock___sfp_recursive_mutex
                0x2000046c                . = ALIGN (0x4)
 *fill*         0x20000469        0x3 
                0x2000046c                _ebss = .
                0x2000046c                _ezero = .

.stack          0x2000046c     0xc004 load address 0x00000960
                0x20000470                . = ALIGN (0x8)
 *fill*         0x2000046c        0x4 
                0x20000470                _sstack = .
                0x2000c470                . = (. + STACK_SIZE)
 *fill*         0x20000470     0xc000 
                0x2000c470                . = ALIGN (0x8)
                0x2000c470                _estack = .
                0x2000c470                . = ALIGN (0x4)
                0x2000c470                _end = .
OUTPUT(ModbusExample.elf elf32-littlearm)

.ARM.attributes
                0x00000000       0x2a
 .ARM.attributes
                0x00000000       0x1e c:/program files (x86)/atmel/studio/7.0/toolchain/arm/arm-gnu-toolchain/bin/../lib/gcc/arm-none-eabi/6.3.1/thumb/v7e-m/crti.o
 .ARM.attributes
                0x0000001e       0x2e c:/program files (x86)/atmel/studio/7.0/toolchain/arm/arm-gnu-toolchain/bin/../lib/gcc/arm-none-eabi/6.3.1/thumb/v7e-m/crtbegin.o
 .ARM.attributes
                0x0000004c       0x33 Device_Startup/startup_same53.o
 .ARM.attributes
                0x0000007f       0x33 main.o
 .ARM.attributes
                0x000000b2       0x2e c:/program files (x86)/atmel/studio/7.0/toolchain/arm/arm-gnu-toolchain/bin/../lib/gcc/arm-none-eabi/6.3.1/../../../../arm-none-eabi/lib/thumb/v7e-m\libc.a(lib_a-impure.o)
 .ARM.attributes
                0x000000e0       0x2e c:/program files (x86)/atmel/studio/7.0/toolchain/arm/arm-gnu-toolchain/bin/../lib/gcc/arm-none-eabi/6.3.1/../../../../arm-none-eabi/lib/thumb/v7e-m\libc.a(lib_a-init.o)
 .ARM.attributes
                0x0000010e       0x2e c:/program files (x86)/atmel/studio/7.0/toolchain/arm/arm-gnu-toolchain/bin/../lib/gcc/arm-none-eabi/6.3.1/../../../../arm-none-eabi/lib/thumb/v7e-m\libc.a(lib_a-__call_atexit.o)
 .ARM.attributes
                0x0000013c       0x2e c:/program files (x86)/atmel/studio/7.0/toolchain/arm/arm-gnu-toolchain/bin/../lib/gcc/arm-none-eabi/6.3.1/../../../../arm-none-eabi/lib/thumb/v7e-m\libc.a(lib_a-atexit.o)
 .ARM.attributes
                0x0000016a       0x2e c:/program files (x86)/atmel/studio/7.0/toolchain/arm/arm-gnu-toolchain/bin/../lib/gcc/arm-none-eabi/6.3.1/../../../../arm-none-eabi/lib/thumb/v7e-m\libc.a(lib_a-fini.o)
 .ARM.attributes
                0x00000198       0x2e c:/program files (x86)/atmel/studio/7.0/toolchain/arm/arm-gnu-toolchain/bin/../lib/gcc/arm-none-eabi/6.3.1/../../../../arm-none-eabi/lib/thumb/v7e-m\libc.a(lib_a-lock.o)
 .ARM.attributes
                0x000001c6       0x2e c:/program files (x86)/atmel/studio/7.0/toolchain/arm/arm-gnu-toolchain/bin/../lib/gcc/arm-none-eabi/6.3.1/../../../../arm-none-eabi/lib/thumb/v7e-m\libc.a(lib_a-__atexit.o)
 .ARM.attributes
                0x000001f4       0x1e c:/program files (x86)/atmel/studio/7.0/toolchain/arm/arm-gnu-toolchain/bin/../lib/gcc/arm-none-eabi/6.3.1/thumb/v7e-m/crtn.o

.comment        0x00000000       0x59
 .comment       0x00000000       0x59 Device_Startup/startup_same53.o
                                 0x5a (size before relaxing)
 .comment       0x00000059       0x5a main.o

.debug_info     0x00000000      0xe26
 .debug_info    0x00000000      0xd47 Device_Startup/startup_same53.o
 .debug_info    0x00000d47       0xdf main.o

.debug_abbrev   0x00000000      0x1d0
 .debug_abbrev  0x00000000      0x153 Device_Startup/startup_same53.o
 .debug_abbrev  0x00000153       0x7d main.o

.debug_loc      0x00000000       0x6b
 .debug_loc     0x00000000       0x6b Device_Startup/startup_same53.o

.debug_aranges  0x00000000       0x48
 .debug_aranges
                0x00000000       0x28 Device_Startup/startup_same53.o
 .debug_aranges
                0x00000028       0x20 main.o

.debug_ranges   0x00000000       0x28
 .debug_ranges  0x00000000       0x18 Device_Startup/startup_same53.o
 .debug_ranges  0x00000018       0x10 main.o

.debug_macro    0x00000000    0x23de9
 .debug_macro   0x00000000      0x494 Device_Startup/startup_same53.o
 .debug_macro   0x00000494      0x8b0 Device_Startup/startup_same53.o
 .debug_macro   0x00000d44       0x22 Device_Startup/startup_same53.o
 .debug_macro   0x00000d66       0x87 Device_Startup/startup_same53.o
 .debug_macro   0x00000ded       0x51 Device_Startup/startup_same53.o
 .debug_macro   0x00000e3e       0xef Device_Startup/startup_same53.o
 .debug_macro   0x00000f2d       0x6a Device_Startup/startup_same53.o
 .debug_macro   0x00000f97      0x1df Device_Startup/startup_same53.o
 .debug_macro   0x00001176       0x4e Device_Startup/startup_same53.o
 .debug_macro   0x000011c4       0x1c Device_Startup/startup_same53.o
 .debug_macro   0x000011e0       0x22 Device_Startup/startup_same53.o
 .debug_macro   0x00001202       0xdf Device_Startup/startup_same53.o
 .debug_macro   0x000012e1     0x102d Device_Startup/startup_same53.o
 .debug_macro   0x0000230e      0x11f Device_Startup/startup_same53.o
 .debug_macro   0x0000242d      0x706 Device_Startup/startup_same53.o
 .debug_macro   0x00002b33      0xb5b Device_Startup/startup_same53.o
 .debug_macro   0x0000368e      0x3c0 Device_Startup/startup_same53.o
 .debug_macro   0x00003a4e      0x336 Device_Startup/startup_same53.o
 .debug_macro   0x00003d84      0x3b7 Device_Startup/startup_same53.o
 .debug_macro   0x0000413b      0x668 Device_Startup/startup_same53.o
 .debug_macro   0x000047a3     0x143f Device_Startup/startup_same53.o
 .debug_macro   0x00005be2      0x651 Device_Startup/startup_same53.o
 .debug_macro   0x00006233      0x67b Device_Startup/startup_same53.o
 .debug_macro   0x000068ae      0x6d7 Device_Startup/startup_same53.o
 .debug_macro   0x00006f85      0x172 Device_Startup/startup_same53.o
 .debug_macro   0x000070f7      0x395 Device_Startup/startup_same53.o
 .debug_macro   0x0000748c     0x19dd Device_Startup/startup_same53.o
 .debug_macro   0x00008e69       0x3a Device_Startup/startup_same53.o
 .debug_macro   0x00008ea3      0x72a Device_Startup/startup_same53.o
 .debug_macro   0x000095cd      0xb12 Device_Startup/startup_same53.o
 .debug_macro   0x0000a0df      0x5bb Device_Startup/startup_same53.o
 .debug_macro   0x0000a69a      0xbc0 Device_Startup/startup_same53.o
 .debug_macro   0x0000b25a      0x9b9 Device_Startup/startup_same53.o
 .debug_macro   0x0000bc13      0x2a3 Device_Startup/startup_same53.o
 .debug_macro   0x0000beb6      0x893 Device_Startup/startup_same53.o
 .debug_macro   0x0000c749      0x1ea Device_Startup/startup_same53.o
 .debug_macro   0x0000c933      0x8f4 Device_Startup/startup_same53.o
 .debug_macro   0x0000d227      0x216 Device_Startup/startup_same53.o
 .debug_macro   0x0000d43d      0x3f9 Device_Startup/startup_same53.o
 .debug_macro   0x0000d836      0x620 Device_Startup/startup_same53.o
 .debug_macro   0x0000de56      0x10d Device_Startup/startup_same53.o
 .debug_macro   0x0000df63       0xb8 Device_Startup/startup_same53.o
 .debug_macro   0x0000e01b     0x1df7 Device_Startup/startup_same53.o
 .debug_macro   0x0000fe12     0x2e69 Device_Startup/startup_same53.o
 .debug_macro   0x00012c7b     0x11ed Device_Startup/startup_same53.o
 .debug_macro   0x00013e68      0x50e Device_Startup/startup_same53.o
 .debug_macro   0x00014376      0x930 Device_Startup/startup_same53.o
 .debug_macro   0x00014ca6     0x1ad8 Device_Startup/startup_same53.o
 .debug_macro   0x0001677e       0xe7 Device_Startup/startup_same53.o
 .debug_macro   0x00016865     0x13e6 Device_Startup/startup_same53.o
 .debug_macro   0x00017c4b      0x36a Device_Startup/startup_same53.o
 .debug_macro   0x00017fb5       0x94 Device_Startup/startup_same53.o
 .debug_macro   0x00018049       0xdc Device_Startup/startup_same53.o
 .debug_macro   0x00018125       0xe2 Device_Startup/startup_same53.o
 .debug_macro   0x00018207       0xdc Device_Startup/startup_same53.o
 .debug_macro   0x000182e3       0x46 Device_Startup/startup_same53.o
 .debug_macro   0x00018329       0x4c Device_Startup/startup_same53.o
 .debug_macro   0x00018375       0xc4 Device_Startup/startup_same53.o
 .debug_macro   0x00018439      0x7d5 Device_Startup/startup_same53.o
 .debug_macro   0x00018c0e       0xb8 Device_Startup/startup_same53.o
 .debug_macro   0x00018cc6       0x7c Device_Startup/startup_same53.o
 .debug_macro   0x00018d42      0xc20 Device_Startup/startup_same53.o
 .debug_macro   0x00019962       0x46 Device_Startup/startup_same53.o
 .debug_macro   0x000199a8      0x25b Device_Startup/startup_same53.o
 .debug_macro   0x00019c03      0x31a Device_Startup/startup_same53.o
 .debug_macro   0x00019f1d      0x170 Device_Startup/startup_same53.o
 .debug_macro   0x0001a08d       0x7c Device_Startup/startup_same53.o
 .debug_macro   0x0001a109       0xbe Device_Startup/startup_same53.o
 .debug_macro   0x0001a1c7       0x4c Device_Startup/startup_same53.o
 .debug_macro   0x0001a213       0x82 Device_Startup/startup_same53.o
 .debug_macro   0x0001a295      0x1a3 Device_Startup/startup_same53.o
 .debug_macro   0x0001a438       0x46 Device_Startup/startup_same53.o
 .debug_macro   0x0001a47e       0x6a Device_Startup/startup_same53.o
 .debug_macro   0x0001a4e8       0x46 Device_Startup/startup_same53.o
 .debug_macro   0x0001a52e       0x88 Device_Startup/startup_same53.o
 .debug_macro   0x0001a5b6       0x46 Device_Startup/startup_same53.o
 .debug_macro   0x0001a5fc      0x1e1 Device_Startup/startup_same53.o
 .debug_macro   0x0001a7dd       0x1c Device_Startup/startup_same53.o
 .debug_macro   0x0001a7f9       0x76 Device_Startup/startup_same53.o
 .debug_macro   0x0001a86f       0x3a Device_Startup/startup_same53.o
 .debug_macro   0x0001a8a9       0x2e Device_Startup/startup_same53.o
 .debug_macro   0x0001a8d7      0x196 Device_Startup/startup_same53.o
 .debug_macro   0x0001aa6d      0x16f Device_Startup/startup_same53.o
 .debug_macro   0x0001abdc      0x16f Device_Startup/startup_same53.o
 .debug_macro   0x0001ad4b      0x25d Device_Startup/startup_same53.o
 .debug_macro   0x0001afa8      0x25d Device_Startup/startup_same53.o
 .debug_macro   0x0001b205      0x25d Device_Startup/startup_same53.o
 .debug_macro   0x0001b462      0x25d Device_Startup/startup_same53.o
 .debug_macro   0x0001b6bf      0x25d Device_Startup/startup_same53.o
 .debug_macro   0x0001b91c      0x25d Device_Startup/startup_same53.o
 .debug_macro   0x0001bb79      0x25d Device_Startup/startup_same53.o
 .debug_macro   0x0001bdd6      0x25d Device_Startup/startup_same53.o
 .debug_macro   0x0001c033       0x52 Device_Startup/startup_same53.o
 .debug_macro   0x0001c085       0xfa Device_Startup/startup_same53.o
 .debug_macro   0x0001c17f       0xfa Device_Startup/startup_same53.o
 .debug_macro   0x0001c279       0xfa Device_Startup/startup_same53.o
 .debug_macro   0x0001c373       0xfa Device_Startup/startup_same53.o
 .debug_macro   0x0001c46d       0xfa Device_Startup/startup_same53.o
 .debug_macro   0x0001c567       0xfa Device_Startup/startup_same53.o
 .debug_macro   0x0001c661       0xfa Device_Startup/startup_same53.o
 .debug_macro   0x0001c75b       0xfa Device_Startup/startup_same53.o
 .debug_macro   0x0001c855      0x148 Device_Startup/startup_same53.o
 .debug_macro   0x0001c99d      0x124 Device_Startup/startup_same53.o
 .debug_macro   0x0001cac1      0x106 Device_Startup/startup_same53.o
 .debug_macro   0x0001cbc7       0xee Device_Startup/startup_same53.o
 .debug_macro   0x0001ccb5       0xee Device_Startup/startup_same53.o
 .debug_macro   0x0001cda3       0x2e Device_Startup/startup_same53.o
 .debug_macro   0x0001cdd1      0x46a Device_Startup/startup_same53.o
 .debug_macro   0x0001d23b       0x3a Device_Startup/startup_same53.o
 .debug_macro   0x0001d275      0x575 Device_Startup/startup_same53.o
 .debug_macro   0x0001d7ea     0x4645 Device_Startup/startup_same53.o
 .debug_macro   0x00021e2f       0xcf Device_Startup/startup_same53.o
 .debug_macro   0x00021efe      0x499 main.o
 .debug_macro   0x00022397      0x982 main.o
 .debug_macro   0x00022d19       0x1c main.o
 .debug_macro   0x00022d35       0x87 main.o
 .debug_macro   0x00022dbc     0x102d main.o

.debug_line     0x00000000     0x10ac
 .debug_line    0x00000000      0x873 Device_Startup/startup_same53.o
 .debug_line    0x00000873      0x839 main.o

.debug_str      0x00000000    0xdc292
 .debug_str     0x00000000    0xdbcd1 Device_Startup/startup_same53.o
                              0xdc0b5 (size before relaxing)
 .debug_str     0x000dbcd1      0x5c1 main.o
                              0xdb8be (size before relaxing)

.debug_frame    0x00000000      0x218
 .debug_frame   0x00000000       0x38 Device_Startup/startup_same53.o
 .debug_frame   0x00000038       0x20 main.o
 .debug_frame   0x00000058       0x2c c:/program files (x86)/atmel/studio/7.0/toolchain/arm/arm-gnu-toolchain/bin/../lib/gcc/arm-none-eabi/6.3.1/../../../../arm-none-eabi/lib/thumb/v7e-m\libc.a(lib_a-init.o)
 .debug_frame   0x00000084       0x5c c:/program files (x86)/atmel/studio/7.0/toolchain/arm/arm-gnu-toolchain/bin/../lib/gcc/arm-none-eabi/6.3.1/../../../../arm-none-eabi/lib/thumb/v7e-m\libc.a(lib_a-__call_atexit.o)
 .debug_frame   0x000000e0       0x20 c:/program files (x86)/atmel/studio/7.0/toolchain/arm/arm-gnu-toolchain/bin/../lib/gcc/arm-none-eabi/6.3.1/../../../../arm-none-eabi/lib/thumb/v7e-m\libc.a(lib_a-atexit.o)
 .debug_frame   0x00000100       0x34 c:/program files (x86)/atmel/studio/7.0/toolchain/arm/arm-gnu-toolchain/bin/../lib/gcc/arm-none-eabi/6.3.1/../../../../arm-none-eabi/lib/thumb/v7e-m\libc.a(lib_a-fini.o)
 .debug_frame   0x00000134       0xb0 c:/program files (x86)/atmel/studio/7.0/toolchain/arm/arm-gnu-toolchain/bin/../lib/gcc/arm-none-eabi/6.3.1/../../../../arm-none-eabi/lib/thumb/v7e-m\libc.a(lib_a-lock.o)
 .debug_frame   0x000001e4       0x34 c:/program files (x86)/atmel/studio/7.0/toolchain/arm/arm-gnu-toolchain/bin/../lib/gcc/arm-none-eabi/6.3.1/../../../../arm-none-eabi/lib/thumb/v7e-m\libc.a(lib_a-__atexit.o)
