Archive member included to satisfy reference by file (symbol)

C:\Users\user\Documents\repos\ClearCoreModbus\libClearCore\Debug\libClearCore.a(MotorDriver.o)
                              StepperControl/inc/StepperControl.o (ClearCore::MotorDriver::EnableRequest(bool))
C:\Users\user\Documents\repos\ClearCoreModbus\libClearCore\Debug\libClearCore.a(SerialUsb.o)
                              main.o (ClearCore::SerialUsb::PortOpen())
C:\Users\user\Documents\repos\ClearCoreModbus\libClearCore\Debug\libClearCore.a(UsbManager.o)
                              C:\Users\user\Documents\repos\ClearCoreModbus\libClearCore\Debug\libClearCore.a(SerialUsb.o) (ClearCore::UsbManager::Speed(unsigned long))
C:\Users\user\Documents\repos\ClearCoreModbus\libClearCore\Debug\libClearCore.a(SysManager.o)
                              C:\Users\user\Documents\repos\ClearCoreModbus\libClearCore\Debug\libClearCore.a(MotorDriver.o) (ClearCore::SysManager::ConnectorByIndex(ClearCorePins))
C:\Users\user\Documents\repos\ClearCoreModbus\libClearCore\Debug\libClearCore.a(SysTiming.o)
                              C:\Users\user\Documents\repos\ClearCoreModbus\libClearCore\Debug\libClearCore.a(SysManager.o) (ClearCore::SysTiming::IsrStart())
C:\Users\user\Documents\repos\ClearCoreModbus\libClearCore\Debug\libClearCore.a(EthernetManager.o)
                              C:\Users\user\Documents\repos\ClearCoreModbus\libClearCore\Debug\libClearCore.a(SysManager.o) (ClearCore::EthernetManager::Initialize())
C:\Users\user\Documents\repos\ClearCoreModbus\libClearCore\Debug\libClearCore.a(ShiftRegister.o)
                              C:\Users\user\Documents\repos\ClearCoreModbus\libClearCore\Debug\libClearCore.a(SysManager.o) (ClearCore::ShiftRegister::ShiftRegister())
C:\Users\user\Documents\repos\ClearCoreModbus\libClearCore\Debug\libClearCore.a(MotorManager.o)
                              StepperControl/inc/StepperControl.o (ClearCore::MotorManager::MotorInputClocking(ClearCore::MotorManager::MotorClockRates))
C:\Users\user\Documents\repos\ClearCoreModbus\libClearCore\Debug\libClearCore.a(StepGenerator.o)
                              C:\Users\user\Documents\repos\ClearCoreModbus\libClearCore\Debug\libClearCore.a(MotorDriver.o) (ClearCore::StepGenerator::Move(long, ClearCore::StepGenerator::MoveTarget))
C:\Users\user\Documents\repos\ClearCoreModbus\libClearCore\Debug\libClearCore.a(system_same53.o)
                              C:\Users\user\Documents\repos\ClearCoreModbus\libClearCore\Debug\libClearCore.a(SysManager.o) (SystemInit)
C:\Users\user\Documents\repos\ClearCoreModbus\libClearCore\Debug\libClearCore.a(EncoderInput.o)
                              C:\Users\user\Documents\repos\ClearCoreModbus\libClearCore\Debug\libClearCore.a(SysManager.o) (ClearCore::EncoderInput::EncoderInput())
C:\Users\user\Documents\repos\ClearCoreModbus\libClearCore\Debug\libClearCore.a(cdcdf_acm.o)
                              C:\Users\user\Documents\repos\ClearCoreModbus\libClearCore\Debug\libClearCore.a(UsbManager.o) (cdcdf_acm_init)
C:\Users\user\Documents\repos\ClearCoreModbus\libClearCore\Debug\libClearCore.a(usbdc.o)
                              C:\Users\user\Documents\repos\ClearCoreModbus\libClearCore\Debug\libClearCore.a(cdcdf_acm.o) (usbdc_xfer)
C:\Users\user\Documents\repos\ClearCoreModbus\libClearCore\Debug\libClearCore.a(usb_protocol.o)
                              C:\Users\user\Documents\repos\ClearCoreModbus\libClearCore\Debug\libClearCore.a(cdcdf_acm.o) (usb_find_desc)
C:\Users\user\Documents\repos\ClearCoreModbus\libClearCore\Debug\libClearCore.a(hal_usb_device.o)
                              C:\Users\user\Documents\repos\ClearCoreModbus\libClearCore\Debug\libClearCore.a(usbdc.o) (usb_d_init)
C:\Users\user\Documents\repos\ClearCoreModbus\libClearCore\Debug\libClearCore.a(utils_assert.o)
                              C:\Users\user\Documents\repos\ClearCoreModbus\libClearCore\Debug\libClearCore.a(usbdc.o) (assert)
C:\Users\user\Documents\repos\ClearCoreModbus\libClearCore\Debug\libClearCore.a(utils_list.o)
                              C:\Users\user\Documents\repos\ClearCoreModbus\libClearCore\Debug\libClearCore.a(usbdc.o) (list_insert_at_end)
C:\Users\user\Documents\repos\ClearCoreModbus\libClearCore\Debug\libClearCore.a(AdcManager.o)
                              C:\Users\user\Documents\repos\ClearCoreModbus\libClearCore\Debug\libClearCore.a(SysManager.o) (ClearCore::AdcManager::Initialize())
C:\Users\user\Documents\repos\ClearCoreModbus\libClearCore\Debug\libClearCore.a(DigitalInOutAnalogOut.o)
                              C:\Users\user\Documents\repos\ClearCoreModbus\libClearCore\Debug\libClearCore.a(SysManager.o) (ClearCore::DigitalInOutAnalogOut::DigitalInOutAnalogOut(ClearCore::ShiftRegister::Masks, PeripheralRoute const*, PeripheralRoute const*, PeripheralRoute const*, bool))
C:\Users\user\Documents\repos\ClearCoreModbus\libClearCore\Debug\libClearCore.a(DigitalInAnalogIn.o)
[...]
Memory Configuration

Name             Origin             Length             Attributes
FLASH            0x00004000         0x0007c000         xr
RAM              0x20000000         0x00030000         xrw
*default*        0x00000000         0xffffffff

Linker script and memory map

LOAD c:/program files (x86)/atmel/studio/7.0/toolchain/arm/arm-gnu-toolchain/bin/../lib/gcc/arm-none-eabi/6.3.1/thumb/v7e-m/fpv4-sp/hard/crti.o
LOAD c:/program files (x86)/atmel/studio/7.0/toolchain/arm/arm-gnu-toolchain/bin/../lib/gcc/arm-none-eabi/6.3.1/thumb/v7e-m/fpv4-sp/hard/crtbegin.o
LOAD c:/program files (x86)/atmel/studio/7.0/toolchain/arm/arm-gnu-toolchain/bin/../lib/gcc/arm-none-eabi/6.3.1/../../../../arm-none-eabi/lib/thumb/v7e-m/fpv4-sp/hard/rdimon-crt0.o
LOAD Device_Startup/startup_same53.o
LOAD StepperControl/inc/StepperControl.o
LOAD main.o
START GROUP
LOAD C:\Program Files (x86)\Atmel\Studio\7.0\Packs\arm\CMSIS\4.5.0\CMSIS\Lib\GCC\libarm_cortexM4lf_math.a
LOAD C:\Users\user\Documents\repos\ClearCoreModbus\libClearCore\Debug\libClearCore.a
LOAD C:\Users\user\Documents\repos\ClearCoreModbus\LwIP\Debug\libLwIP.a
LOAD C:\Users\user\Documents\repos\ClearCoreModbus\ModbusLib\Debug\libModbusLib.a
END GROUP
LOAD c:/program files (x86)/atmel/studio/7.0/toolchain/arm/arm-gnu-toolchain/bin/../lib/gcc/arm-none-eabi/6.3.1/../../../../arm-none-eabi/lib/thumb/v7e-m/fpv4-sp/hard\libstdc++.a
LOAD c:/program files (x86)/atmel/studio/7.0/toolchain/arm/arm-gnu-toolchain/bin/../lib/gcc/arm-none-eabi/6.3.1/../../../../arm-none-eabi/lib/thumb/v7e-m/fpv4-sp/hard\libm.a
START GROUP
LOAD c:/program files (x86)/atmel/studio/7.0/toolchain/arm/arm-gnu-toolchain/bin/../lib/gcc/arm-none-eabi/6.3.1/thumb/v7e-m/fpv4-sp/hard\libgcc.a
LOAD c:/program files (x86)/atmel/studio/7.0/toolchain/arm/arm-gnu-toolchain/bin/../lib/gcc/arm-none-eabi/6.3.1/../../../../arm-none-eabi/lib/thumb/v7e-m/fpv4-sp/hard\libc.a
END GROUP
START GROUP
LOAD c:/program files (x86)/atmel/studio/7.0/toolchain/arm/arm-gnu-toolchain/bin/../lib/gcc/arm-none-eabi/6.3.1/thumb/v7e-m/fpv4-sp/hard\libgcc.a
LOAD c:/program files (x86)/atmel/studio/7.0/toolchain/arm/arm-gnu-toolchain/bin/../lib/gcc/arm-none-eabi/6.3.1/../../../../arm-none-eabi/lib/thumb/v7e-m/fpv4-sp/hard\libc.a
LOAD c:/program files (x86)/atmel/studio/7.0/toolchain/arm/arm-gnu-toolchain/bin/../lib/gcc/arm-none-eabi/6.3.1/../../../../arm-none-eabi/lib/thumb/v7e-m/fpv4-sp/hard\librdimon.a
END GROUP
LOAD c:/program files (x86)/atmel/studio/7.0/toolchain/arm/arm-gnu-toolchain/bin/../lib/gcc/arm-none-eabi/6.3.1/thumb/v7e-m/fpv4-sp/hard/crtend.o
LOAD c:/program files (x86)/atmel/studio/7.0/toolchain/arm/arm-gnu-toolchain/bin/../lib/gcc/arm-none-eabi/6.3.1/thumb/v7e-m/fpv4-sp/hard/crtn.o

.text           0x00004000    0x2ea18
                0x00004000                __text_start__ = .
 *(.sketch_boot)
                0x00004000                . = ALIGN (0x4000)
 *(.vectors)
 .vectors       0x00004000      0x264 Device_Startup/startup_same53.o
                0x00004000                exception_table
 *(.text*)
 .text          0x00004264       0x6c c:/program files (x86)/atmel/studio/7.0/toolchain/arm/arm-gnu-toolchain/bin/../lib/gcc/arm-none-eabi/6.3.1/thumb/v7e-m/fpv4-sp/hard/crtbegin.o
 .text.Dummy_Handler
                0x000042d0        0x4 Device_Startup/startup_same53.o
                0x000042d0                SVCall_Handler
                0x000042d0                EVSYS_0_Handler
                0x000042d0                TCC1_3_Handler
                0x000042d0                DAC_3_Handler
                0x000042d0                TRNG_Handler
                0x000042d0                HardFault_Handler
                0x000042d0                TC2_Handler
                0x000042d0                PDEC_2_Handler
                0x000042d0                AC_Handler
                0x000042d0                SERCOM3_1_Handler
                0x000042d0                TCC2_3_Handler
                0x000042d0                SERCOM3_2_Handler
                0x000042d0                PendSV_Handler
                0x000042d0                TC7_Handler
                0x000042d0                ADC1_1_Handler
                0x000042d0                EVSYS_3_Handler
                0x000042d0                PDEC_0_Handler
                0x000042d0                QSPI_Handler
                0x000042d0                NonMaskableInt_Handler
                0x000042d0                MemManagement_Handler
                0x000042d0                DAC_2_Handler
                0x000042d0                RTC_Handler
                0x000042d0                UsageFault_Handler
                0x000042d0                SERCOM4_0_Handler
                0x000042d0                OSC32KCTRL_Handler
                0x000042d0                TCC2_1_Handler
                0x000042d0                SUPC_1_Handler
                0x000042d0                TCC0_5_Handler
                0x000042d0                TCC0_6_Handler
                0x000042d0                SERCOM6_2_Handler
                0x000042d0                EVSYS_1_Handler
                0x000042d0                TCC1_4_Handler
                0x000042d0                TC6_Handler
                0x000042d0                DMAC_0_Handler
                0x000042d0                WDT_Handler
                0x000042d0                SERCOM6_0_Handler
                0x000042d0                SERCOM5_0_Handler
                0x000042d0                TC4_Handler
                0x000042d0                TC1_Handler
                0x000042d0                OSCCTRL_4_Handler
                0x000042d0                SERCOM4_3_Handler
                0x000042d0                DMAC_4_Handler
                0x000042d0                TCC4_2_Handler
                0x000042d0                PAC_Handler
                0x000042d0                TCC1_0_Handler
                0x000042d0                OSCCTRL_0_Handler
                0x000042d0                OSCCTRL_3_Handler
                0x000042d0                SERCOM4_1_Handler
                0x000042d0                TC3_Handler
                0x000042d0                Dummy_Handler
                0x000042d0                TCC2_2_Handler
                0x000042d0                SERCOM5_1_Handler
                0x000042d0                TCC1_1_Handler
                0x000042d0                DMAC_2_Handler
                0x000042d0                ADC0_0_Handler
                0x000042d0                SERCOM0_1_Handler
                0x000042d0                OSCCTRL_2_Handler
                0x000042d0                ADC1_0_Handler
                0x000042d0                TCC1_2_Handler
                0x000042d0                SERCOM7_1_Handler
                0x000042d0                PM_Handler
                0x000042d0                SERCOM6_3_Handler
                0x000042d0                DAC_4_Handler
                0x000042d0                TCC3_2_Handler
                0x000042d0                TCC0_2_Handler
                0x000042d0                DMAC_1_Handler
                0x000042d0                SDHC1_Handler
                0x000042d0                TCC2_0_Handler
                0x000042d0                PDEC_1_Handler
                0x000042d0                TCC4_1_Handler
                0x000042d0                SERCOM5_3_Handler
                0x000042d0                SERCOM6_1_Handler
                0x000042d0                SDHC0_Handler
                0x000042d0                SERCOM1_1_Handler
                0x000042d0                I2S_Handler
                0x000042d0                PCC_Handler
                0x000042d0                DAC_0_Handler
                0x000042d0                TCC0_1_Handler
                0x000042d0                SERCOM1_3_Handler
                0x000042d0                OSCCTRL_1_Handler
                0x000042d0                SERCOM1_0_Handler
                0x000042d0                PUKCC_Handler
                0x000042d0                SERCOM2_1_Handler
                0x000042d0                SERCOM1_2_Handler
                0x000042d0                SERCOM3_0_Handler
                0x000042d0                SERCOM4_2_Handler
                0x000042d0                EVSYS_4_Handler
                0x000042d0                NVMCTRL_1_Handler
                0x000042d0                SERCOM5_2_Handler
                0x000042d0                SERCOM3_3_Handler
                0x000042d0                ADC0_1_Handler
                0x000042d0                TCC3_1_Handler
                0x000042d0                DAC_1_Handler
                0x000042d0                NVMCTRL_0_Handler
                0x000042d0                MCLK_Handler
                0x000042d0                EVSYS_2_Handler
                0x000042d0                SUPC_0_Handler
                0x000042d0                BusFault_Handler
                0x000042d0                FREQM_Handler
                0x000042d0                TC0_Handler
                0x000042d0                TCC0_3_Handler
                0x000042d0                DMAC_3_Handler
                0x000042d0                DebugMonitor_Handler
                0x000042d0                TCC0_4_Handler
                0x000042d0                RAMECC_Handler
                0x000042d0                TC5_Handler
                0x000042d0                AES_Handler
                0x000042d0                ICM_Handler
 .text._ZN14StepperControlC2Ev
                0x000042d4       0x32 StepperControl/inc/StepperControl.o
                0x000042d4                StepperControl::StepperControl()
                0x000042d4                StepperControl::StepperControl()
 .text._ZN14StepperControlD2Ev
                0x00004306       0x16 StepperControl/inc/StepperControl.o
                0x00004306                StepperControl::~StepperControl()
                0x00004306                StepperControl::~StepperControl()
 .text._ZN14StepperControl5BeginEPN9ClearCore11MotorDriverEh
                0x0000431c       0x9c StepperControl/inc/StepperControl.o
                0x0000431c                StepperControl::Begin(ClearCore::MotorDriver*, unsigned char)
 .text._ZN14StepperControl6MoveToEl
                0x000043b8       0x2e StepperControl/inc/StepperControl.o
                0x000043b8                StepperControl::MoveTo(long)
 .text._ZN14StepperControl5HomedEv
                0x000043e6       0x2a StepperControl/inc/StepperControl.o
                0x000043e6                StepperControl::Homed()
 .text.Delay_ms
                0x00004410       0x90 main.o
                0x00004410                Delay_ms
 .text._ZN9ClearCore9SerialUsb4ModeENS_9Connector14ConnectorModesE
                0x000044a0       0x2e main.o
                0x000044a0                ClearCore::SerialUsb::Mode(ClearCore::Connector::ConnectorModes)
                0x000044c8                non-virtual thunk to ClearCore::SerialUsb::Mode(ClearCore::Connector::ConnectorModes)
 *fill*         0x000044ce        0x2 
 .text._Z5setupv
                0x000044d0       0x8c main.o
                0x000044d0                setup()
 .text._Z11update_ledsv
                0x0000455c       0x8c main.o
                0x0000455c                update_leds()
 .text.main     0x000045e8       0x20 main.o
                0x000045e8                main
 .text._Z41__static_initialization_and_destruction_0ii
                0x00004608       0x58 main.o
 .text._GLOBAL__sub_I_server
                0x00004660       0x10 main.o
 .text._ZN9ClearCore9DigitalIn5StateEs
                0x00004670        0x4 C:\Users\user\Documents\repos\ClearCoreModbus\libClearCore\Debug\libClearCore.a(MotorDriver.o)
                0x00004670                ClearCore::DigitalIn::State(short)
 .text._ZN9ClearCore9DigitalIn17ExternalInterruptEv
                0x00004674        0x8 C:\Users\user\Documents\repos\ClearCoreModbus\libClearCore\Debug\libClearCore.a(MotorDriver.o)
                0x00004674                ClearCore::DigitalIn::ExternalInterrupt()
 .text._ZN9ClearCore11MotorDriver4TypeEv
                0x0000467c        0x4 C:\Users\user\Documents\repos\ClearCoreModbus\libClearCore\Debug\libClearCore.a(MotorDriver.o)
                0x0000467c                ClearCore::MotorDriver::Type()
 .text._ZN9ClearCore11MotorDriver10IsWritableEv
                0x00004680        0x4 C:\Users\user\Documents\repos\ClearCoreModbus\libClearCore\Debug\libClearCore.a(MotorDriver.o)
                0x00004680                ClearCore::MotorDriver::IsWritable()
 .text._ZN9ClearCore11MotorDriver11IsInHwFaultEv
                0x00004684        0x8 C:\Users\user\Documents\repos\ClearCoreModbus\libClearCore\Debug\libClearCore.a(MotorDriver.o)
                0x00004684                ClearCore::MotorDriver::IsInHwFault()
 .text._ZN9ClearCore11MotorDriver4ModeEv
                0x0000468c        0x4 C:\Users\user\Documents\repos\ClearCoreModbus\libClearCore\Debug\libClearCore.a(MotorDriver.o)
                0x0000468c                ClearCore::MotorDriver::Mode()
 .text._ZN9ClearCore11MotorDriver4ModeENS_9Connector14ConnectorModesE
                0x00004690      0x164 C:\Users\user\Documents\repos\ClearCoreModbus\libClearCore\Debug\libClearCore.a(MotorDriver.o)
                0x00004690                ClearCore::MotorDriver::Mode(ClearCore::Connector::ConnectorModes)
 .text._ZN9ClearCore11MotorDriver15OutputDirectionEv
                0x000047f4       0x58 C:\Users\user\Documents\repos\ClearCoreModbus\libClearCore\Debug\libClearCore.a(MotorDriver.o)
                0x000047f4                ClearCore::MotorDriver::OutputDirection()
                0x00004844                non-virtual thunk to ClearCore::MotorDriver::OutputDirection()
 .text._ZN9ClearCore11MotorDriverC2ENS_13ShiftRegister5MasksEPK15PeripheralRouteS5_S5_tt
                0x0000484c      0x1a8 C:\Users\user\Documents\repos\ClearCoreModbus\libClearCore\Debug\libClearCore.a(MotorDriver.o)
                0x0000484c                ClearCore::MotorDriver::MotorDriver(ClearCore::ShiftRegister::Masks, PeripheralRoute const*, PeripheralRoute const*, PeripheralRoute const*, unsigned short, unsigned short)
                0x0000484c                ClearCore::MotorDriver::MotorDriver(ClearCore::ShiftRegister::Masks, PeripheralRoute const*, PeripheralRoute const*, PeripheralRoute const*, unsigned short, unsigned short)
 .text._ZN9ClearCore11MotorDriver13EnableRequestEb
                0x000049f4      0x124 C:\Users\user\Documents\repos\ClearCoreModbus\libClearCore\Debug\libClearCore.a(MotorDriver.o)
                0x000049f4                ClearCore::MotorDriver::EnableRequest(bool)
 .text._ZN9ClearCore11MotorDriver22PolarityInvertSDEnableEb
                0x00004b18      0x10c C:\Users\user\Documents\repos\ClearCoreModbus\libClearCore\Debug\libClearCore.a(MotorDriver.o)
                0x00004b18                ClearCore::MotorDriver::PolarityInvertSDEnable(bool)
 .text._ZN9ClearCore11MotorDriver11RefreshSlowEv
                0x00004c24       0xe8 C:\Users\user\Documents\repos\ClearCoreModbus\libClearCore\Debug\libClearCore.a(MotorDriver.o)
                0x00004c24                ClearCore::MotorDriver::RefreshSlow()
 .text._ZN9ClearCore11MotorDriver10FaultStateEb
                0x00004d0c       0xf8 C:\Users\user\Documents\repos\ClearCoreModbus\libClearCore\Debug\libClearCore.a(MotorDriver.o)
                0x00004d0c                ClearCore::MotorDriver::FaultState(bool)
 *fill*         0x00004e04        0x4 
 .text._ZN9ClearCore11MotorDriver7RefreshEv
                0x00004e08      0x65c C:\Users\user\Documents\repos\ClearCoreModbus\libClearCore\Debug\libClearCore.a(MotorDriver.o)
                0x00004e08                ClearCore::MotorDriver::Refresh()
 .text._ZN9ClearCore11MotorDriver4MoveElNS_13StepGenerator10MoveTargetE
                0x00005464       0xf0 C:\Users\user\Documents\repos\ClearCoreModbus\libClearCore\Debug\libClearCore.a(MotorDriver.o)
                0x00005464                ClearCore::MotorDriver::Move(long, ClearCore::StepGenerator::MoveTarget)
 .text._ZThn48_N9ClearCore11MotorDriver4MoveElNS_13StepGenerator10MoveTargetE
                0x00005554        0x8 C:\Users\user\Documents\repos\ClearCoreModbus\libClearCore\Debug\libClearCore.a(MotorDriver.o)
                0x00005554                non-virtual thunk to ClearCore::MotorDriver::Move(long, ClearCore::StepGenerator::MoveTarget)
 .text._ZN9ClearCore11MotorDriver12MoveVelocityEl
                0x0000555c       0xd8 C:\Users\user\Documents\repos\ClearCoreModbus\libClearCore\Debug\libClearCore.a(MotorDriver.o)
                0x0000555c                ClearCore::MotorDriver::MoveVelocity(long)
 .text._ZThn48_N9ClearCore11MotorDriver12MoveVelocityEl
                0x00005634        0x8 C:\Users\user\Documents\repos\ClearCoreModbus\libClearCore\Debug\libClearCore.a(MotorDriver.o)
                0x00005634                non-virtual thunk to ClearCore::MotorDriver::MoveVelocity(long)
 .text._ZN9ClearCore11MotorDriver10InitializeE13ClearCorePins
                0x0000563c      0x314 C:\Users\user\Documents\repos\ClearCoreModbus\libClearCore\Debug\libClearCore.a(MotorDriver.o)
                0x0000563c                ClearCore::MotorDriver::Initialize(ClearCorePins)
 .text._ZN9ClearCore9Connector17ExternalInterruptEv
                0x00005950        0x8 C:\Users\user\Documents\repos\ClearCoreModbus\libClearCore\Debug\libClearCore.a(SerialUsb.o)
                0x00005950                ClearCore::Connector::ExternalInterrupt()
 .text._ZN9ClearCore9SerialUsb6ParityENS_7ISerial9_ParitiesE
                0x00005958        0xc C:\Users\user\Documents\repos\ClearCoreModbus\libClearCore\Debug\libClearCore.a(SerialUsb.o)
                0x00005958                ClearCore::SerialUsb::Parity(ClearCore::ISerial::_Parities)
 .text._ZN9ClearCore9SerialUsb6ParityEv
                0x00005964        0x4 C:\Users\user\Documents\repos\ClearCoreModbus\libClearCore\Debug\libClearCore.a(SerialUsb.o)
                0x00005964                ClearCore::SerialUsb::Parity()
 .text._ZN9ClearCore9SerialUsb8StopBitsEh
                0x00005968        0xc C:\Users\user\Documents\repos\ClearCoreModbus\libClearCore\Debug\libClearCore.a(SerialUsb.o)
                0x00005968                ClearCore::SerialUsb::StopBits(unsigned char)
 .text._ZN9ClearCore9SerialUsb8CharSizeEh
                0x00005974        0xc C:\Users\user\Documents\repos\ClearCoreModbus\libClearCore\Debug\libClearCore.a(SerialUsb.o)
                0x00005974                ClearCore::SerialUsb::CharSize(unsigned char)
 .text._ZN9ClearCore9SerialUsb4ModeEv
                0x00005980        0xc C:\Users\user\Documents\repos\ClearCoreModbus\libClearCore\Debug\libClearCore.a(SerialUsb.o)
                0x00005980                ClearCore::SerialUsb::Mode()
                0x00005984                non-virtual thunk to ClearCore::SerialUsb::Mode()
 .text._ZN9ClearCore9SerialUsb4TypeEv
                0x0000598c        0xc C:\Users\user\Documents\repos\ClearCoreModbus\libClearCore\Debug\libClearCore.a(SerialUsb.o)
                0x0000598c                ClearCore::SerialUsb::Type()
                0x00005990                non-virtual thunk to ClearCore::SerialUsb::Type()
 .text._ZN9ClearCore9SerialUsb11IsInHwFaultEv
                0x00005998        0xc C:\Users\user\Documents\repos\ClearCoreModbus\libClearCore\Debug\libClearCore.a(SerialUsb.o)
                0x00005998                ClearCore::SerialUsb::IsInHwFault()
                0x0000599c                non-virtual thunk to ClearCore::SerialUsb::IsInHwFault()
 .text._ZN9ClearCore9SerialUsb10InitializeE13ClearCorePins
                0x000059a4       0x10 C:\Users\user\Documents\repos\ClearCoreModbus\libClearCore\Debug\libClearCore.a(SerialUsb.o)
                0x000059a4                ClearCore::SerialUsb::Initialize(ClearCorePins)
                0x000059ac                non-virtual thunk to ClearCore::SerialUsb::Initialize(ClearCorePins)
 .text._ZN9ClearCore9SerialUsb7RefreshEv
                0x000059b4        0xc C:\Users\user\Documents\repos\ClearCoreModbus\libClearCore\Debug\libClearCore.a(SerialUsb.o)
                0x000059b4                ClearCore::SerialUsb::Refresh()
                0x000059b8                non-virtual thunk to ClearCore::SerialUsb::Refresh()
 .text._ZN9ClearCore9SerialUsb10FlushInputEv
                0x000059c0        0xc C:\Users\user\Documents\repos\ClearCoreModbus\libClearCore\Debug\libClearCore.a(SerialUsb.o)
                0x000059c0                ClearCore::SerialUsb::FlushInput()
 .text._ZN9ClearCore9SerialUsb19WaitForTransmitIdleEv
                0x000059cc        0xc C:\Users\user\Documents\repos\ClearCoreModbus\libClearCore\Debug\libClearCore.a(SerialUsb.o)
                0x000059cc                ClearCore::SerialUsb::WaitForTransmitIdle()
                0x000059cc                ClearCore::SerialUsb::Flush()
 .text._ZN9ClearCore9SerialUsbcvbEv
                0x000059d8        0xc C:\Users\user\Documents\repos\ClearCoreModbus\libClearCore\Debug\libClearCore.a(SerialUsb.o)
                0x000059d8                ClearCore::SerialUsb::PortIsOpen()
                0x000059d8                ClearCore::SerialUsb::operator bool()
 .text._ZN9ClearCore9SerialUsb8PortOpenEv
                0x000059e4        0xc C:\Users\user\Documents\repos\ClearCoreModbus\libClearCore\Debug\libClearCore.a(SerialUsb.o)
                0x000059e4                ClearCore::SerialUsb::PortOpen()
 .text._ZN9ClearCore9SerialUsb9PortCloseEv
                0x000059f0        0xc C:\Users\user\Documents\repos\ClearCoreModbus\libClearCore\Debug\libClearCore.a(SerialUsb.o)
                0x000059f0                ClearCore::SerialUsb::PortClose()
 .text._ZN9ClearCore9SerialUsb5SpeedEm
                0x000059fc        0xc C:\Users\user\Documents\repos\ClearCoreModbus\libClearCore\Debug\libClearCore.a(SerialUsb.o)
                0x000059fc                ClearCore::SerialUsb::Speed(unsigned long)
 .text._ZN9ClearCore9SerialUsb5SpeedEv
                0x00005a08        0xc C:\Users\user\Documents\repos\ClearCoreModbus\libClearCore\Debug\libClearCore.a(SerialUsb.o)
                0x00005a08                ClearCore::SerialUsb::Speed()
 .text._ZN9ClearCore9SerialUsb7CharGetEv
                0x00005a14        0xc C:\Users\user\Documents\repos\ClearCoreModbus\libClearCore\Debug\libClearCore.a(SerialUsb.o)
                0x00005a14                ClearCore::SerialUsb::CharGet()
 .text._ZN9ClearCore9SerialUsb8CharPeekEv
                0x00005a20        0xc C:\Users\user\Documents\repos\ClearCoreModbus\libClearCore\Debug\libClearCore.a(SerialUsb.o)
                0x00005a20                ClearCore::SerialUsb::CharPeek()
 .text._ZN9ClearCore9SerialUsb8SendCharEh
                0x00005a2c        0xc C:\Users\user\Documents\repos\ClearCoreModbus\libClearCore\Debug\libClearCore.a(SerialUsb.o)
                0x00005a2c                ClearCore::SerialUsb::SendChar(unsigned char)
 .text._ZN9ClearCore9SerialUsb16AvailableForReadEv
                0x00005a38        0xc C:\Users\user\Documents\repos\ClearCoreModbus\libClearCore\Debug\libClearCore.a(SerialUsb.o)
                0x00005a38                ClearCore::SerialUsb::AvailableForRead()
 .text._ZN9ClearCore9SerialUsb17AvailableForWriteEv
                0x00005a44        0xc C:\Users\user\Documents\repos\ClearCoreModbus\libClearCore\Debug\libClearCore.a(SerialUsb.o)
                0x00005a44                ClearCore::SerialUsb::AvailableForWrite()
 .text._ZN9ClearCore9SerialUsb10IsWritableEv
                0x00005a50       0x24 C:\Users\user\Documents\repos\ClearCoreModbus\libClearCore\Debug\libClearCore.a(SerialUsb.o)
                0x00005a50                ClearCore::SerialUsb::IsWritable()
                0x00005a6c                non-virtual thunk to ClearCore::SerialUsb::IsWritable()
 .text._ZN9ClearCore9SerialUsb5StateEv
                0x00005a74       0x30 C:\Users\user\Documents\repos\ClearCoreModbus\libClearCore\Debug\libClearCore.a(SerialUsb.o)
                0x00005a74                ClearCore::SerialUsb::State()
                0x00005a9c                non-virtual thunk to ClearCore::SerialUsb::State()
 .text._ZN9ClearCore9SerialUsb5StateEs
                0x00005aa4       0x48 C:\Users\user\Documents\repos\ClearCoreModbus\libClearCore\Debug\libClearCore.a(SerialUsb.o)
                0x00005aa4                ClearCore::SerialUsb::State(short)
                0x00005ae4                non-virtual thunk to ClearCore::SerialUsb::State(short)
 .text._ZN9ClearCore10UsbManager18CBLineStateChangedE22usb_cdc_control_signal
                0x00005aec       0x80 C:\Users\user\Documents\repos\ClearCoreModbus\libClearCore\Debug\libClearCore.a(UsbManager.o)
                0x00005aec                ClearCore::UsbManager::CBLineStateChanged(usb_cdc_control_signal)
 .text._ZN9ClearCore10UsbManager10RxCompleteEh13usb_xfer_codem
                0x00005b6c      0x238 C:\Users\user\Documents\repos\ClearCoreModbus\libClearCore\Debug\libClearCore.a(UsbManager.o)
                0x00005b6c                ClearCore::UsbManager::RxComplete(unsigned char, usb_xfer_code, unsigned long)
 .text._ZN9ClearCore10UsbManager10TxCompleteEh13usb_xfer_codem
                0x00005da4      0x3d0 C:\Users\user\Documents\repos\ClearCoreModbus\libClearCore\Debug\libClearCore.a(UsbManager.o)
                0x00005da4                ClearCore::UsbManager::TxComplete(unsigned char, usb_xfer_code, unsigned long)
 .text._ZN9ClearCore10UsbManager8InstanceEv
                0x00006174       0x68 C:\Users\user\Documents\repos\ClearCoreModbus\libClearCore\Debug\libClearCore.a(UsbManager.o)
                0x00006174                ClearCore::UsbManager::Instance()
 .text._ZN9ClearCore10UsbManager10InitializeEv
                0x000061dc      0x460 C:\Users\user\Documents\repos\ClearCoreModbus\libClearCore\Debug\libClearCore.a(UsbManager.o)
                0x000061dc                ClearCore::UsbManager::Initialize()
 .text._ZN9ClearCore10UsbManager5SpeedEm
                0x0000663c        0x4 C:\Users\user\Documents\repos\ClearCoreModbus\libClearCore\Debug\libClearCore.a(UsbManager.o)
                0x0000663c                ClearCore::UsbManager::Speed(unsigned long)
 .text._ZN9ClearCore10UsbManager5SpeedEv
                0x00006640        0xc C:\Users\user\Documents\repos\ClearCoreModbus\libClearCore\Debug\libClearCore.a(UsbManager.o)
                0x00006640                ClearCore::UsbManager::Speed()
 .text._ZN9ClearCore10UsbManager8PortOpenEv
                0x0000664c       0x38 C:\Users\user\Documents\repos\ClearCoreModbus\libClearCore\Debug\libClearCore.a(UsbManager.o)
                0x0000664c                ClearCore::UsbManager::PortOpen()
 .text._ZN9ClearCore10UsbManager10FlushInputEv
                0x00006684       0x1c C:\Users\user\Documents\repos\ClearCoreModbus\libClearCore\Debug\libClearCore.a(UsbManager.o)
                0x00006684                ClearCore::UsbManager::FlushInput()
 .text._ZN9ClearCore10UsbManager18WaitForWriteFinishEv
                0x000066a0       0x34 C:\Users\user\Documents\repos\ClearCoreModbus\libClearCore\Debug\libClearCore.a(UsbManager.o)
                0x000066a0                ClearCore::UsbManager::WaitForWriteFinish()
 .text._ZN9ClearCore10UsbManagercvbEv
                0x000066d4       0x3c C:\Users\user\Documents\repos\ClearCoreModbus\libClearCore\Debug\libClearCore.a(UsbManager.o)
                0x000066d4                ClearCore::UsbManager::operator bool()
 .text._ZN9ClearCore10UsbManager7CharGetEv
                0x00006710      0x258 C:\Users\user\Documents\repos\ClearCoreModbus\libClearCore\Debug\libClearCore.a(UsbManager.o)
                0x00006710                ClearCore::UsbManager::CharGet()
 .text._ZN9ClearCore10UsbManager8CharPeekEv
                0x00006968       0x18 C:\Users\user\Documents\repos\ClearCoreModbus\libClearCore\Debug\libClearCore.a(UsbManager.o)
                0x00006968                ClearCore::UsbManager::CharPeek()
 .text._ZN9ClearCore10UsbManager8SendCharEh
                0x00006980       0x68 C:\Users\user\Documents\repos\ClearCoreModbus\libClearCore\Debug\libClearCore.a(UsbManager.o)
                0x00006980                ClearCore::UsbManager::SendChar(unsigned char)
 .text._ZN9ClearCore10UsbManager16AvailableForReadEv
                0x000069e8       0x10 C:\Users\user\Documents\repos\ClearCoreModbus\libClearCore\Debug\libClearCore.a(UsbManager.o)
                0x000069e8                ClearCore::UsbManager::AvailableForRead()
 .text._ZN9ClearCore10UsbManager17AvailableForWriteEv
                0x000069f8       0x14 C:\Users\user\Documents\repos\ClearCoreModbus\libClearCore\Debug\libClearCore.a(UsbManager.o)
                0x000069f8                ClearCore::UsbManager::AvailableForWrite()
 .text._ZN9ClearCore10UsbManager6TxPumpEv
                0x00006a0c      0x3f4 C:\Users\user\Documents\repos\ClearCoreModbus\libClearCore\Debug\libClearCore.a(UsbManager.o)
                0x00006a0c                ClearCore::UsbManager::TxPump()
 .text._ZN9ClearCore10UsbManager9PortCloseEv
                0x00006e00       0x70 C:\Users\user\Documents\repos\ClearCoreModbus\libClearCore\Debug\libClearCore.a(UsbManager.o)
                0x00006e00                ClearCore::UsbManager::PortClose()
 .text._ZN9ClearCore10UsbManager7RefreshEv
                0x00006e70      0x3f4 C:\Users\user\Documents\repos\ClearCoreModbus\libClearCore\Debug\libClearCore.a(UsbManager.o)
                0x00006e70                ClearCore::UsbManager::Refresh()
 .text.startup._GLOBAL__sub_I__ZN9ClearCore6UsbMgrE
                0x00007264       0x10 C:\Users\user\Documents\repos\ClearCoreModbus\libClearCore\Debug\libClearCore.a(UsbManager.o)
 .text._ZN9ClearCore10SerialBase5SpeedEv
                0x00007274        0x4 C:\Users\user\Documents\repos\ClearCoreModbus\libClearCore\Debug\libClearCore.a(SysManager.o)
                0x00007274                ClearCore::SerialBase::Speed()
 .text._ZN9ClearCore10SerialBase6ParityEv
                0x00007278        0x4 C:\Users\user\Documents\repos\ClearCoreModbus\libClearCore\Debug\libClearCore.a(SysManager.o)
                0x00007278                ClearCore::SerialBase::Parity()
 .text._ZN9ClearCore10SerialBasecvbEv
                0x0000727c        0x4 C:\Users\user\Documents\repos\ClearCoreModbus\libClearCore\Debug\libClearCore.a(SysManager.o)
                0x0000727c                ClearCore::SerialBase::operator bool()
 .text._ZN9ClearCore11MotorDriverC2Ev
                0x00007280       0x44 C:\Users\user\Documents\repos\ClearCoreModbus\libClearCore\Debug\libClearCore.a(SysManager.o)
                0x00007280                ClearCore::MotorDriver::MotorDriver()
                0x00007280                ClearCore::MotorDriver::MotorDriver()
 .text._ZN9ClearCore10SysManagerC2Ev
                0x000072c4     0x1784 C:\Users\user\Documents\repos\ClearCoreModbus\libClearCore\Debug\libClearCore.a(SysManager.o)
                0x000072c4                ClearCore::SysManager::SysManager()
                0x000072c4                ClearCore::SysManager::SysManager()
 .text._ZN9ClearCore10SysManager16ConnectorByIndexE13ClearCorePins
                0x00008a48       0x1c C:\Users\user\Documents\repos\ClearCoreModbus\libClearCore\Debug\libClearCore.a(SysManager.o)
                0x00008a48                ClearCore::SysManager::ConnectorByIndex(ClearCorePins)
 .text._ZN9ClearCore10SysManager10InitClocksEv
                0x00008a64      0x2dc C:\Users\user\Documents\repos\ClearCoreModbus\libClearCore\Debug\libClearCore.a(SysManager.o)
                0x00008a64                ClearCore::SysManager::InitClocks()
 .text._ZN9ClearCore10SysManager10InitializeEv
                0x00008d40      0x280 C:\Users\user\Documents\repos\ClearCoreModbus\libClearCore\Debug\libClearCore.a(SysManager.o)
                0x00008d40                ClearCore::SysManager::Initialize()
 .text._ZN9ClearCore10SysManager10ResetBoardENS0_10ResetModesE
                0x00008fc0       0x38 C:\Users\user\Documents\repos\ClearCoreModbus\libClearCore\Debug\libClearCore.a(SysManager.o)
                0x00008fc0                ClearCore::SysManager::ResetBoard(ClearCore::SysManager::ResetModes)
 .text.GMAC_Handler
                0x00008ff8        0xc C:\Users\user\Documents\repos\ClearCoreModbus\libClearCore\Debug\libClearCore.a(SysManager.o)
                0x00008ff8                GMAC_Handler
 .text.SERCOM0_0_Handler
                0x00009004        0xc C:\Users\user\Documents\repos\ClearCoreModbus\libClearCore\Debug\libClearCore.a(SysManager.o)
                0x00009004                SERCOM0_0_Handler
 .text.SERCOM0_2_Handler
                0x00009010        0xc C:\Users\user\Documents\repos\ClearCoreModbus\libClearCore\Debug\libClearCore.a(SysManager.o)
                0x00009010                SERCOM0_2_Handler
 .text.SERCOM0_3_Handler
                0x0000901c        0xc C:\Users\user\Documents\repos\ClearCoreModbus\libClearCore\Debug\libClearCore.a(SysManager.o)
                0x0000901c                SERCOM0_3_Handler
 .text.SERCOM2_0_Handler
                0x00009028        0xc C:\Users\user\Documents\repos\ClearCoreModbus\libClearCore\Debug\libClearCore.a(SysManager.o)
                0x00009028                SERCOM2_0_Handler
 .text.SERCOM2_2_Handler
                0x00009034        0xc C:\Users\user\Documents\repos\ClearCoreModbus\libClearCore\Debug\libClearCore.a(SysManager.o)
                0x00009034                SERCOM2_2_Handler
 .text.SERCOM2_3_Handler
                0x00009040        0xc C:\Users\user\Documents\repos\ClearCoreModbus\libClearCore\Debug\libClearCore.a(SysManager.o)
                0x00009040                SERCOM2_3_Handler
 .text.SERCOM7_0_Handler
                0x0000904c        0xc C:\Users\user\Documents\repos\ClearCoreModbus\libClearCore\Debug\libClearCore.a(SysManager.o)
                0x0000904c                SERCOM7_0_Handler
 .text.SERCOM7_2_Handler
                0x00009058        0xc C:\Users\user\Documents\repos\ClearCoreModbus\libClearCore\Debug\libClearCore.a(SysManager.o)
                0x00009058                SERCOM7_2_Handler
 .text.SERCOM7_3_Handler
                0x00009064        0xc C:\Users\user\Documents\repos\ClearCoreModbus\libClearCore\Debug\libClearCore.a(SysManager.o)
                0x00009064                SERCOM7_3_Handler
 .text.EIC_0_Handler
                0x00009070       0x10 C:\Users\user\Documents\repos\ClearCoreModbus\libClearCore\Debug\libClearCore.a(SysManager.o)
                0x00009070                EIC_0_Handler
 .text.EIC_1_Handler
                0x00009080       0x10 C:\Users\user\Documents\repos\ClearCoreModbus\libClearCore\Debug\libClearCore.a(SysManager.o)
                0x00009080                EIC_1_Handler
 .text.EIC_2_Handler
                0x00009090       0x10 C:\Users\user\Documents\repos\ClearCoreModbus\libClearCore\Debug\libClearCore.a(SysManager.o)
                0x00009090                EIC_2_Handler
 .text.EIC_3_Handler
                0x000090a0       0x10 C:\Users\user\Documents\repos\ClearCoreModbus\libClearCore\Debug\libClearCore.a(SysManager.o)
                0x000090a0                EIC_3_Handler
 .text.EIC_4_Handler
                0x000090b0       0x10 C:\Users\user\Documents\repos\ClearCoreModbus\libClearCore\Debug\libClearCore.a(SysManager.o)
                0x000090b0                EIC_4_Handler
 .text.EIC_5_Handler
                0x000090c0       0x10 C:\Users\user\Documents\repos\ClearCoreModbus\libClearCore\Debug\libClearCore.a(SysManager.o)
                0x000090c0                EIC_5_Handler
 .text.EIC_6_Handler
                0x000090d0       0x10 C:\Users\user\Documents\repos\ClearCoreModbus\libClearCore\Debug\libClearCore.a(SysManager.o)
                0x000090d0                EIC_6_Handler
 .text.EIC_7_Handler
                0x000090e0       0x10 C:\Users\user\Documents\repos\ClearCoreModbus\libClearCore\Debug\libClearCore.a(SysManager.o)
                0x000090e0                EIC_7_Handler
 .text.EIC_8_Handler
                0x000090f0       0x10 C:\Users\user\Documents\repos\ClearCoreModbus\libClearCore\Debug\libClearCore.a(SysManager.o)
                0x000090f0                EIC_8_Handler
 .text.EIC_9_Handler
                0x00009100       0x10 C:\Users\user\Documents\repos\ClearCoreModbus\libClearCore\Debug\libClearCore.a(SysManager.o)
                0x00009100                EIC_9_Handler
 .text.EIC_10_Handler
                0x00009110       0x10 C:\Users\user\Documents\repos\ClearCoreModbus\libClearCore\Debug\libClearCore.a(SysManager.o)
                0x00009110                EIC_10_Handler
 .text.EIC_11_Handler
                0x00009120       0x10 C:\Users\user\Documents\repos\ClearCoreModbus\libClearCore\Debug\libClearCore.a(SysManager.o)
                0x00009120                EIC_11_Handler
 .text.EIC_12_Handler
                0x00009130        0xc C:\Users\user\Documents\repos\ClearCoreModbus\libClearCore\Debug\libClearCore.a(SysManager.o)
                0x00009130                EIC_12_Handler
 .text.EIC_13_Handler
                0x0000913c       0x10 C:\Users\user\Documents\repos\ClearCoreModbus\libClearCore\Debug\libClearCore.a(SysManager.o)
                0x0000913c                EIC_13_Handler
 .text.EIC_14_Handler
                0x0000914c       0x10 C:\Users\user\Documents\repos\ClearCoreModbus\libClearCore\Debug\libClearCore.a(SysManager.o)
                0x0000914c                EIC_14_Handler
 .text.EIC_15_Handler
                0x0000915c       0x10 C:\Users\user\Documents\repos\ClearCoreModbus\libClearCore\Debug\libClearCore.a(SysManager.o)
                0x0000915c                EIC_15_Handler
 .text.TCC3_0_Handler
                0x0000916c       0x18 C:\Users\user\Documents\repos\ClearCoreModbus\libClearCore\Debug\libClearCore.a(SysManager.o)
                0x0000916c                TCC3_0_Handler
 .text.TCC4_0_Handler
                0x00009184       0x18 C:\Users\user\Documents\repos\ClearCoreModbus\libClearCore\Debug\libClearCore.a(SysManager.o)
                0x00009184                TCC4_0_Handler
 .text.SysTick_Handler
                0x0000919c       0x54 C:\Users\user\Documents\repos\ClearCoreModbus\libClearCore\Debug\libClearCore.a(SysManager.o)
                0x0000919c                SysTick_Handler
 .text.TCC0_0_Handler
                0x000091f0      0x110 C:\Users\user\Documents\repos\ClearCoreModbus\libClearCore\Debug\libClearCore.a(SysManager.o)
                0x000091f0                TCC0_0_Handler
 .text.Reset_Handler
                0x00009300       0x68 C:\Users\user\Documents\repos\ClearCoreModbus\libClearCore\Debug\libClearCore.a(SysManager.o)
                0x00009300                Reset_Handler
 .text.startup._GLOBAL__sub_I__ZN9ClearCore11FastSysTickE
                0x00009368      0x1e8 C:\Users\user\Documents\repos\ClearCoreModbus\libClearCore\Debug\libClearCore.a(SysManager.o)
 .text._ZN9ClearCore9SysTiming8InstanceEv
                0x00009550       0x48 C:\Users\user\Documents\repos\ClearCoreModbus\libClearCore\Debug\libClearCore.a(SysTiming.o)
                0x00009550                ClearCore::SysTiming::Instance()
 .text._ZN9ClearCore9SysTiming8IsrStartEv
                0x00009598        0xc C:\Users\user\Documents\repos\ClearCoreModbus\libClearCore\Debug\libClearCore.a(SysTiming.o)
                0x00009598                ClearCore::SysTiming::IsrStart()
 .text._ZN9ClearCore9SysTiming6IsrEndEv
                0x000095a4       0x20 C:\Users\user\Documents\repos\ClearCoreModbus\libClearCore\Debug\libClearCore.a(SysTiming.o)
                0x000095a4                ClearCore::SysTiming::IsrEnd()
 .text._ZN9ClearCore9SysTiming6UpdateEv
                0x000095c4       0x78 C:\Users\user\Documents\repos\ClearCoreModbus\libClearCore\Debug\libClearCore.a(SysTiming.o)
                0x000095c4                ClearCore::SysTiming::Update()
 .text._ZN9ClearCore9SysTiming21SysTickPeriodMicroSecEm
                0x0000963c       0x4c C:\Users\user\Documents\repos\ClearCoreModbus\libClearCore\Debug\libClearCore.a(SysTiming.o)
                0x0000963c                ClearCore::SysTiming::SysTickPeriodMicroSec(unsigned long)
 .text.Milliseconds
                0x00009688        0xc C:\Users\user\Documents\repos\ClearCoreModbus\libClearCore\Debug\libClearCore.a(SysTiming.o)
                0x00009688                Milliseconds
 .text.Microseconds
                0x00009694       0x48 C:\Users\user\Documents\repos\ClearCoreModbus\libClearCore\Debug\libClearCore.a(SysTiming.o)
                0x00009694                Microseconds
 .text.Delay_cycles
                0x000096dc       0x3c C:\Users\user\Documents\repos\ClearCoreModbus\libClearCore\Debug\libClearCore.a(SysTiming.o)
                0x000096dc                Delay_cycles
 .text.startup._GLOBAL__sub_I__ZN9ClearCore7tickCntE
                0x00009718       0x10 C:\Users\user\Documents\repos\ClearCoreModbus\libClearCore\Debug\libClearCore.a(SysTiming.o)
 .text._Z15ethernetif_initP5netif
                0x00009728       0x5c C:\Users\user\Documents\repos\ClearCoreModbus\libClearCore\Debug\libClearCore.a(EthernetManager.o)
                0x00009728                ethernetif_init(netif*)
 .text._ZL11PacketWriteP6ethIntPhm.isra.0
                0x00009784      0x118 C:\Users\user\Documents\repos\ClearCoreModbus\libClearCore\Debug\libClearCore.a(EthernetManager.o)
 .text._ZL16low_level_outputP5netifP4pbuf
                0x0000989c       0x6c C:\Users\user\Documents\repos\ClearCoreModbus\libClearCore\Debug\libClearCore.a(EthernetManager.o)
 .text._Z10PacketReadP6ethIntPhm
                0x00009908       0xfc C:\Users\user\Documents\repos\ClearCoreModbus\libClearCore\Debug\libClearCore.a(EthernetManager.o)
                0x00009908                PacketRead(ethInt*, unsigned char*, unsigned long)
 .text._ZN9ClearCore15EthernetManager8InstanceEv
                0x00009a04       0xe8 C:\Users\user\Documents\repos\ClearCoreModbus\libClearCore\Debug\libClearCore.a(EthernetManager.o)
                0x00009a04                ClearCore::EthernetManager::Instance()
 .text._ZN9ClearCore15EthernetManager13PhyInitializeEv
                0x00009aec      0x110 C:\Users\user\Documents\repos\ClearCoreModbus\libClearCore\Debug\libClearCore.a(EthernetManager.o)
                0x00009aec                ClearCore::EthernetManager::PhyInitialize()
 .text._ZN9ClearCore15EthernetManager10InitializeEv
                0x00009bfc      0x578 C:\Users\user\Documents\repos\ClearCoreModbus\libClearCore\Debug\libClearCore.a(EthernetManager.o)
                0x00009bfc                ClearCore::EthernetManager::Initialize()
 .text._ZN9ClearCore15EthernetManager13IrqHandlerPhyEv
                0x0000a174      0x378 C:\Users\user\Documents\repos\ClearCoreModbus\libClearCore\Debug\libClearCore.a(EthernetManager.o)
                0x0000a174                ClearCore::EthernetManager::IrqHandlerPhy()
 .text._ZN9ClearCore15EthernetManager14IrqHandlerGmacEv
                0x0000a4ec       0x34 C:\Users\user\Documents\repos\ClearCoreModbus\libClearCore\Debug\libClearCore.a(EthernetManager.o)
                0x0000a4ec                ClearCore::EthernetManager::IrqHandlerGmac()
 .text._ZN9ClearCore15EthernetManager7LocalIpEv
                0x0000a520        0x8 C:\Users\user\Documents\repos\ClearCoreModbus\libClearCore\Debug\libClearCore.a(EthernetManager.o)
                0x0000a520                ClearCore::EthernetManager::LocalIp()
 .text._ZN9ClearCore15EthernetManager7LocalIpENS_9IpAddressE
                0x0000a528       0x10 C:\Users\user\Documents\repos\ClearCoreModbus\libClearCore\Debug\libClearCore.a(EthernetManager.o)
                0x0000a528                ClearCore::EthernetManager::LocalIp(ClearCore::IpAddress)
 .text._ZN9ClearCore15EthernetManager9NetmaskIpENS_9IpAddressE
                0x0000a538       0x10 C:\Users\user\Documents\repos\ClearCoreModbus\libClearCore\Debug\libClearCore.a(EthernetManager.o)
                0x0000a538                ClearCore::EthernetManager::NetmaskIp(ClearCore::IpAddress)
 .text._ZN9ClearCore15EthernetManager9GatewayIpENS_9IpAddressE
                0x0000a548       0x10 C:\Users\user\Documents\repos\ClearCoreModbus\libClearCore\Debug\libClearCore.a(EthernetManager.o)
                0x0000a548                ClearCore::EthernetManager::GatewayIp(ClearCore::IpAddress)
 .text._ZN9ClearCore15EthernetManager5SetupEv
                0x0000a558       0x88 C:\Users\user\Documents\repos\ClearCoreModbus\libClearCore\Debug\libClearCore.a(EthernetManager.o)
                0x0000a558                ClearCore::EthernetManager::Setup()
 .text._ZN9ClearCore15EthernetManager7RefreshEv
                0x0000a5e0       0xbc C:\Users\user\Documents\repos\ClearCoreModbus\libClearCore\Debug\libClearCore.a(EthernetManager.o)
                0x0000a5e0                ClearCore::EthernetManager::Refresh()
 .text.startup._GLOBAL__sub_I__Z12PacketLengthP6ethInt
                0x0000a69c       0x10 C:\Users\user\Documents\repos\ClearCoreModbus\libClearCore\Debug\libClearCore.a(EthernetManager.o)
 .text._ZN9ClearCore13ShiftRegisterC2Ev
                0x0000a6ac      0x124 C:\Users\user\Documents\repos\ClearCoreModbus\libClearCore\Debug\libClearCore.a(ShiftRegister.o)
                0x0000a6ac                ClearCore::ShiftRegister::ShiftRegister()
                0x0000a6ac                ClearCore::ShiftRegister::ShiftRegister()
 .text._ZN9ClearCore13ShiftRegister10InitializeEv
                0x0000a7d0      0x1a4 C:\Users\user\Documents\repos\ClearCoreModbus\libClearCore\Debug\libClearCore.a(ShiftRegister.o)
                0x0000a7d0                ClearCore::ShiftRegister::Initialize()
 .text._ZN9ClearCore13ShiftRegister6UpdateEv
                0x0000a974      0x414 C:\Users\user\Documents\repos\ClearCoreModbus\libClearCore\Debug\libClearCore.a(ShiftRegister.o)
                0x0000a974                ClearCore::ShiftRegister::Update()
 .text._ZN9ClearCore13ShiftRegister18DiagnosticLedSweepEv
                0x0000ad88      0x148 C:\Users\user\Documents\repos\ClearCoreModbus\libClearCore\Debug\libClearCore.a(ShiftRegister.o)
                0x0000ad88                ClearCore::ShiftRegister::DiagnosticLedSweep()
 .text._ZN9ClearCore12MotorManager8InstanceEv
                0x0000aed0       0x44 C:\Users\user\Documents\repos\ClearCoreModbus\libClearCore\Debug\libClearCore.a(MotorManager.o)
                0x0000aed0                ClearCore::MotorManager::Instance()
 .text._ZN9ClearCore12MotorManager18MotorInputClockingENS0_15MotorClockRatesE
                0x0000af14      0x120 C:\Users\user\Documents\repos\ClearCoreModbus\libClearCore\Debug\libClearCore.a(MotorManager.o)
                0x0000af14                ClearCore::MotorManager::MotorInputClocking(ClearCore::MotorManager::MotorClockRates)
 .text._ZN9ClearCore12MotorManager12MotorModeSetENS0_9MotorPairENS_9Connector14ConnectorModesE
                0x0000b034       0xec C:\Users\user\Documents\repos\ClearCoreModbus\libClearCore\Debug\libClearCore.a(MotorManager.o)
                0x0000b034                ClearCore::MotorManager::MotorModeSet(ClearCore::MotorManager::MotorPair, ClearCore::Connector::ConnectorModes)
 .text._ZN9ClearCore12MotorManager10InitializeEv
                0x0000b120      0x10c C:\Users\user\Documents\repos\ClearCoreModbus\libClearCore\Debug\libClearCore.a(MotorManager.o)
                0x0000b120                ClearCore::MotorManager::Initialize()
 .text.startup._GLOBAL__sub_I__ZN9ClearCore8MotorMgrE
                0x0000b22c       0x10 C:\Users\user\Documents\repos\ClearCoreModbus\libClearCore\Debug\libClearCore.a(MotorManager.o)
 .text._ZN9ClearCore13StepGenerator4MoveElNS0_10MoveTargetE
                0x0000b23c       0x74 C:\Users\user\Documents\repos\ClearCoreModbus\libClearCore\Debug\libClearCore.a(StepGenerator.o)
                0x0000b23c                ClearCore::StepGenerator::Move(long, ClearCore::StepGenerator::MoveTarget)
 .text._ZN9ClearCore13StepGenerator12MoveVelocityEl
                0x0000b2b0       0x94 C:\Users\user\Documents\repos\ClearCoreModbus\libClearCore\Debug\libClearCore.a(StepGenerator.o)
                0x0000b2b0                ClearCore::StepGenerator::MoveVelocity(long)
 .text._ZN9ClearCore13StepGenerator15StepsCalculatedEv
                0x0000b344      0x4ec C:\Users\user\Documents\repos\ClearCoreModbus\libClearCore\Debug\libClearCore.a(StepGenerator.o)
                0x0000b344                ClearCore::StepGenerator::StepsCalculated()
 .text._ZN9ClearCore13StepGeneratorC2Ev
                0x0000b830       0x64 C:\Users\user\Documents\repos\ClearCoreModbus\libClearCore\Debug\libClearCore.a(StepGenerator.o)
                0x0000b830                ClearCore::StepGenerator::StepGenerator()
                0x0000b830                ClearCore::StepGenerator::StepGenerator()
 .text._ZN9ClearCore13StepGenerator14MoveStopAbruptEv
                0x0000b894       0x34 C:\Users\user\Documents\repos\ClearCoreModbus\libClearCore\Debug\libClearCore.a(StepGenerator.o)
                0x0000b894                ClearCore::StepGenerator::MoveStopAbrupt()
 .text._ZN9ClearCore13StepGenerator13MoveStopDecelEm
                0x0000b8c8       0x58 C:\Users\user\Documents\repos\ClearCoreModbus\libClearCore\Debug\libClearCore.a(StepGenerator.o)
                0x0000b8c8                ClearCore::StepGenerator::MoveStopDecel(unsigned long)
 .text._ZN9ClearCore13StepGenerator6VelMaxEm
                0x0000b920       0x4c C:\Users\user\Documents\repos\ClearCoreModbus\libClearCore\Debug\libClearCore.a(StepGenerator.o)
                0x0000b920                ClearCore::StepGenerator::VelMax(unsigned long)
 *fill*         0x0000b96c        0x4 
 .text._ZN9ClearCore13StepGenerator8AccelMaxEm
                0x0000b970       0x30 C:\Users\user\Documents\repos\ClearCoreModbus\libClearCore\Debug\libClearCore.a(StepGenerator.o)
                0x0000b970                ClearCore::StepGenerator::AccelMax(unsigned long)
 .text._ZN9ClearCore13StepGenerator20StepsPerSampleMaxSetEm
                0x0000b9a0       0x68 C:\Users\user\Documents\repos\ClearCoreModbus\libClearCore\Debug\libClearCore.a(StepGenerator.o)
                0x0000b9a0                ClearCore::StepGenerator::StepsPerSampleMaxSet(unsigned long)
 .text._ZN9ClearCore13StepGenerator17CheckTravelLimitsEv
                0x0000ba08       0x80 C:\Users\user\Documents\repos\ClearCoreModbus\libClearCore\Debug\libClearCore.a(StepGenerator.o)
                0x0000ba08                ClearCore::StepGenerator::CheckTravelLimits()
 .text.SystemInit
                0x0000ba88      0x2b0 C:\Users\user\Documents\repos\ClearCoreModbus\libClearCore\Debug\libClearCore.a(system_same53.o)
                0x0000ba88                SystemInit
 .text.GClkFreqUpdate
                0x0000bd38       0x44 C:\Users\user\Documents\repos\ClearCoreModbus\libClearCore\Debug\libClearCore.a(system_same53.o)
                0x0000bd38                GClkFreqUpdate
 .text._ZN9ClearCore12EncoderInputC2Ev
                0x0000bd7c       0x54 C:\Users\user\Documents\repos\ClearCoreModbus\libClearCore\Debug\libClearCore.a(EncoderInput.o)
                0x0000bd7c                ClearCore::EncoderInput::EncoderInput()
                0x0000bd7c                ClearCore::EncoderInput::EncoderInput()
 .text._ZN9ClearCore12EncoderInput10InitializeEv
                0x0000bdd0       0x5c C:\Users\user\Documents\repos\ClearCoreModbus\libClearCore\Debug\libClearCore.a(EncoderInput.o)
                0x0000bdd0                ClearCore::EncoderInput::Initialize()
 .text._ZN9ClearCore12EncoderInput6UpdateEv
                0x0000be2c       0xbc C:\Users\user\Documents\repos\ClearCoreModbus\libClearCore\Debug\libClearCore.a(EncoderInput.o)
                0x0000be2c                ClearCore::EncoderInput::Update()
 .text.cdcdf_acm_req
                0x0000bee8       0xe0 C:\Users\user\Documents\repos\ClearCoreModbus\libClearCore\Debug\libClearCore.a(cdcdf_acm.o)
 .text.cdcdf_acm_ctrl
                0x0000bfc8      0x130 C:\Users\user\Documents\repos\ClearCoreModbus\libClearCore\Debug\libClearCore.a(cdcdf_acm.o)
 .text.cdcdf_acm_init
                0x0000c0f8       0x3c C:\Users\user\Documents\repos\ClearCoreModbus\libClearCore\Debug\libClearCore.a(cdcdf_acm.o)
                0x0000c0f8                cdcdf_acm_init
 .text.cdcdf_acm_read
                0x0000c134       0x28 C:\Users\user\Documents\repos\ClearCoreModbus\libClearCore\Debug\libClearCore.a(cdcdf_acm.o)
                0x0000c134                cdcdf_acm_read
 .text.cdcdf_acm_write
                0x0000c15c       0x28 C:\Users\user\Documents\repos\ClearCoreModbus\libClearCore\Debug\libClearCore.a(cdcdf_acm.o)
                0x0000c15c                cdcdf_acm_write
 .text.cdcdf_acm_stop_xfer
                0x0000c184       0x18 C:\Users\user\Documents\repos\ClearCoreModbus\libClearCore\Debug\libClearCore.a(cdcdf_acm.o)
                0x0000c184                cdcdf_acm_stop_xfer
 .text.cdcdf_acm_register_callback
                0x0000c19c       0x50 C:\Users\user\Documents\repos\ClearCoreModbus\libClearCore\Debug\libClearCore.a(cdcdf_acm.o)
                0x0000c19c                cdcdf_acm_register_callback
 .text.cdcdf_acm_is_enabled
                0x0000c1ec        0xc C:\Users\user\Documents\repos\ClearCoreModbus\libClearCore\Debug\libClearCore.a(cdcdf_acm.o)
                0x0000c1ec                cdcdf_acm_is_enabled
 .text.cdcdf_acm_get_line_coding
                0x0000c1f8        0x8 C:\Users\user\Documents\repos\ClearCoreModbus\libClearCore\Debug\libClearCore.a(cdcdf_acm.o)
                0x0000c1f8                cdcdf_acm_get_line_coding
 .text.usbd_sof_cb
                0x0000c200       0x1c C:\Users\user\Documents\repos\ClearCoreModbus\libClearCore\Debug\libClearCore.a(usbdc.o)
 .text.usbdc_cb_ctl_done
                0x0000c21c       0x9c C:\Users\user\Documents\repos\ClearCoreModbus\libClearCore\Debug\libClearCore.a(usbdc.o)
 .text.usbdc_cb_ctl_req
                0x0000c2b8      0x408 C:\Users\user\Documents\repos\ClearCoreModbus\libClearCore\Debug\libClearCore.a(usbdc.o)
 .text.usbd_event_cb
                0x0000c6c0       0x7c C:\Users\user\Documents\repos\ClearCoreModbus\libClearCore\Debug\libClearCore.a(usbdc.o)
 .text.usbdc_xfer
                0x0000c73c       0x1c C:\Users\user\Documents\repos\ClearCoreModbus\libClearCore\Debug\libClearCore.a(usbdc.o)
                0x0000c73c                usbdc_xfer
 .text.usbdc_register_handler
                0x0000c758       0x2c C:\Users\user\Documents\repos\ClearCoreModbus\libClearCore\Debug\libClearCore.a(usbdc.o)
                0x0000c758                usbdc_register_handler
 .text.usbdc_init
                0x0000c784       0x50 C:\Users\user\Documents\repos\ClearCoreModbus\libClearCore\Debug\libClearCore.a(usbdc.o)
                0x0000c784                usbdc_init
 .text.usbdc_register_function
                0x0000c7d4        0xc C:\Users\user\Documents\repos\ClearCoreModbus\libClearCore\Debug\libClearCore.a(usbdc.o)
                0x0000c7d4                usbdc_register_function
 .text.usbdc_start
                0x0000c7e0       0x30 C:\Users\user\Documents\repos\ClearCoreModbus\libClearCore\Debug\libClearCore.a(usbdc.o)
                0x0000c7e0                usbdc_start
 .text.usbdc_attach
                0x0000c810        0x4 C:\Users\user\Documents\repos\ClearCoreModbus\libClearCore\Debug\libClearCore.a(usbdc.o)
                0x0000c810                usbdc_attach
 .text.usbdc_get_ctrl_buffer
                0x0000c814        0xc C:\Users\user\Documents\repos\ClearCoreModbus\libClearCore\Debug\libClearCore.a(usbdc.o)
                0x0000c814                usbdc_get_ctrl_buffer
 .text.usbdc_get_state
                0x0000c820       0x14 C:\Users\user\Documents\repos\ClearCoreModbus\libClearCore\Debug\libClearCore.a(usbdc.o)
                0x0000c820                usbdc_get_state
 .text.usb_find_desc
                0x0000c834       0x34 C:\Users\user\Documents\repos\ClearCoreModbus\libClearCore\Debug\libClearCore.a(usb_protocol.o)
                0x0000c834                usb_find_desc
 .text.usb_find_ep_desc
                0x0000c868       0x34 C:\Users\user\Documents\repos\ClearCoreModbus\libClearCore\Debug\libClearCore.a(usb_protocol.o)
                0x0000c868                usb_find_ep_desc
 .text.usb_find_cfg_desc
                0x0000c89c       0x58 C:\Users\user\Documents\repos\ClearCoreModbus\libClearCore\Debug\libClearCore.a(usb_protocol.o)
                0x0000c89c                usb_find_cfg_desc
 .text.usb_find_str_desc
                0x0000c8f4       0x38 C:\Users\user\Documents\repos\ClearCoreModbus\libClearCore\Debug\libClearCore.a(usb_protocol.o)
                0x0000c8f4                usb_find_str_desc
 .text.usb_d_dummy_cb_false
                0x0000c92c        0x4 C:\Users\user\Documents\repos\ClearCoreModbus\libClearCore\Debug\libClearCore.a(hal_usb_device.o)
 .text.usb_d_cb_trans_more
                0x0000c930       0x44 C:\Users\user\Documents\repos\ClearCoreModbus\libClearCore\Debug\libClearCore.a(hal_usb_device.o)
 .text._usb_d_cb_trans_done
                0x0000c974      0x13c C:\Users\user\Documents\repos\ClearCoreModbus\libClearCore\Debug\libClearCore.a(hal_usb_device.o)
 .text.usb_d_cb_trans_setup
                0x0000cab0       0xa4 C:\Users\user\Documents\repos\ClearCoreModbus\libClearCore\Debug\libClearCore.a(hal_usb_device.o)
 .text.usb_d_init
                0x0000cb54      0x104 C:\Users\user\Documents\repos\ClearCoreModbus\libClearCore\Debug\libClearCore.a(hal_usb_device.o)
                0x0000cb54                usb_d_init
 .text.usb_d_register_callback
                0x0000cc58        0x4 C:\Users\user\Documents\repos\ClearCoreModbus\libClearCore\Debug\libClearCore.a(hal_usb_device.o)
                0x0000cc58                usb_d_register_callback
 .text.usb_d_enable
                0x0000cc5c        0x4 C:\Users\user\Documents\repos\ClearCoreModbus\libClearCore\Debug\libClearCore.a(hal_usb_device.o)
                0x0000cc5c                usb_d_enable
 .text.usb_d_attach
                0x0000cc60        0x4 C:\Users\user\Documents\repos\ClearCoreModbus\libClearCore\Debug\libClearCore.a(hal_usb_device.o)
                0x0000cc60                usb_d_attach
 .text.usb_d_set_address
                0x0000cc64        0x4 C:\Users\user\Documents\repos\ClearCoreModbus\libClearCore\Debug\libClearCore.a(hal_usb_device.o)
                0x0000cc64                usb_d_set_address
 .text.usb_d_ep0_init
                0x0000cc68       0x9c C:\Users\user\Documents\repos\ClearCoreModbus\libClearCore\Debug\libClearCore.a(hal_usb_device.o)
                0x0000cc68                usb_d_ep0_init
 .text.usb_d_ep_init
                0x0000cd04       0x6c C:\Users\user\Documents\repos\ClearCoreModbus\libClearCore\Debug\libClearCore.a(hal_usb_device.o)
                0x0000cd04                usb_d_ep_init
 .text.usb_d_ep_deinit
                0x0000cd70       0x38 C:\Users\user\Documents\repos\ClearCoreModbus\libClearCore\Debug\libClearCore.a(hal_usb_device.o)
                0x0000cd70                usb_d_ep_deinit
 .text.usb_d_ep_enable
                0x0000cda8       0x54 C:\Users\user\Documents\repos\ClearCoreModbus\libClearCore\Debug\libClearCore.a(hal_usb_device.o)
                0x0000cda8                usb_d_ep_enable
 .text.usb_d_ep_transfer
                0x0000cdfc      0x128 C:\Users\user\Documents\repos\ClearCoreModbus\libClearCore\Debug\libClearCore.a(hal_usb_device.o)
                0x0000cdfc                usb_d_ep_transfer
 .text.usb_d_ep_abort
                0x0000cf24       0x3c C:\Users\user\Documents\repos\ClearCoreModbus\libClearCore\Debug\libClearCore.a(hal_usb_device.o)
                0x0000cf24                usb_d_ep_abort
 .text.usb_d_ep_halt
                0x0000cf60       0x70 C:\Users\user\Documents\repos\ClearCoreModbus\libClearCore\Debug\libClearCore.a(hal_usb_device.o)
                0x0000cf60                usb_d_ep_halt
 .text.usb_d_ep_register_callback
                0x0000cfd0       0x5c C:\Users\user\Documents\repos\ClearCoreModbus\libClearCore\Debug\libClearCore.a(hal_usb_device.o)
                0x0000cfd0                usb_d_ep_register_callback
 .text.assert   0x0000d02c        0x8 C:\Users\user\Documents\repos\ClearCoreModbus\libClearCore\Debug\libClearCore.a(utils_assert.o)
                0x0000d02c                assert
 .text.list_insert_at_end
                0x0000d034       0x48 C:\Users\user\Documents\repos\ClearCoreModbus\libClearCore\Debug\libClearCore.a(utils_list.o)
                0x0000d034                list_insert_at_end
 .text._ZN9ClearCore10AdcManager8InstanceEv
                0x0000d07c       0x88 C:\Users\user\Documents\repos\ClearCoreModbus\libClearCore\Debug\libClearCore.a(AdcManager.o)
                0x0000d07c                ClearCore::AdcManager::Instance()
 .text._ZN9ClearCore10AdcManager10InitializeEv
                0x0000d104      0x374 C:\Users\user\Documents\repos\ClearCoreModbus\libClearCore\Debug\libClearCore.a(AdcManager.o)
                0x0000d104                ClearCore::AdcManager::Initialize()
 .text._ZN9ClearCore10AdcManager6UpdateEv
                0x0000d478      0x244 C:\Users\user\Documents\repos\ClearCoreModbus\libClearCore\Debug\libClearCore.a(AdcManager.o)
                0x0000d478                ClearCore::AdcManager::Update()
 .text._ZN9ClearCore10AdcManager8FilterTcENS0_11AdcChannelsEtNS0_11FilterUnitsE
                0x0000d6bc       0x9c C:\Users\user\Documents\repos\ClearCoreModbus\libClearCore\Debug\libClearCore.a(AdcManager.o)
                0x0000d6bc                ClearCore::AdcManager::FilterTc(ClearCore::AdcManager::AdcChannels, unsigned short, ClearCore::AdcManager::FilterUnits)
 .text.startup._GLOBAL__sub_I__ZN9ClearCore6AdcMgrE
                0x0000d758       0x4c C:\Users\user\Documents\repos\ClearCoreModbus\libClearCore\Debug\libClearCore.a(AdcManager.o)
 .text._ZN9ClearCore12DigitalInOut11IsInHwFaultEv
                0x0000d7a4        0x8 C:\Users\user\Documents\repos\ClearCoreModbus\libClearCore\Debug\libClearCore.a(DigitalInOutAnalogOut.o)
                0x0000d7a4                ClearCore::DigitalInOut::IsInHwFault()
 .text._ZN9ClearCore21DigitalInOutAnalogOut4ModeEv
                0x0000d7ac        0x4 C:\Users\user\Documents\repos\ClearCoreModbus\libClearCore\Debug\libClearCore.a(DigitalInOutAnalogOut.o)
                0x0000d7ac                ClearCore::DigitalInOutAnalogOut::Mode()
 .text._ZN9ClearCore21DigitalInOutAnalogOut4TypeEv
                0x0000d7b0        0x4 C:\Users\user\Documents\repos\ClearCoreModbus\libClearCore\Debug\libClearCore.a(DigitalInOutAnalogOut.o)
                0x0000d7b0                ClearCore::DigitalInOutAnalogOut::Type()
 .text._ZN9ClearCore21DigitalInOutAnalogOut10IsWritableEv
                0x0000d7b4       0x14 C:\Users\user\Documents\repos\ClearCoreModbus\libClearCore\Debug\libClearCore.a(DigitalInOutAnalogOut.o)
                0x0000d7b4                ClearCore::DigitalInOutAnalogOut::IsWritable()
 .text._ZN9ClearCore21DigitalInOutAnalogOutC2ENS_13ShiftRegister5MasksEPK15PeripheralRouteS5_S5_b
                0x0000d7c8       0x34 C:\Users\user\Documents\repos\ClearCoreModbus\libClearCore\Debug\libClearCore.a(DigitalInOutAnalogOut.o)
                0x0000d7c8                ClearCore::DigitalInOutAnalogOut::DigitalInOutAnalogOut(ClearCore::ShiftRegister::Masks, PeripheralRoute const*, PeripheralRoute const*, PeripheralRoute const*, bool)
                0x0000d7c8                ClearCore::DigitalInOutAnalogOut::DigitalInOutAnalogOut(ClearCore::ShiftRegister::Masks, PeripheralRoute const*, PeripheralRoute const*, PeripheralRoute const*, bool)
 .text._ZN9ClearCore21DigitalInOutAnalogOut13DacInitializeEv
                0x0000d7fc      0x100 C:\Users\user\Documents\repos\ClearCoreModbus\libClearCore\Debug\libClearCore.a(DigitalInOutAnalogOut.o)
                0x0000d7fc                ClearCore::DigitalInOutAnalogOut::DacInitialize()
 .text._ZN9ClearCore21DigitalInOutAnalogOut9DacEnableEv
                0x0000d8fc       0xc8 C:\Users\user\Documents\repos\ClearCoreModbus\libClearCore\Debug\libClearCore.a(DigitalInOutAnalogOut.o)
                0x0000d8fc                ClearCore::DigitalInOutAnalogOut::DacEnable()
 .text._ZN9ClearCore21DigitalInOutAnalogOut7RefreshEv
                0x0000d9c4       0x18 C:\Users\user\Documents\repos\ClearCoreModbus\libClearCore\Debug\libClearCore.a(DigitalInOutAnalogOut.o)
                0x0000d9c4                ClearCore::DigitalInOutAnalogOut::Refresh()
 .text._ZN9ClearCore21DigitalInOutAnalogOut4ModeENS_9Connector14ConnectorModesE
                0x0000d9dc       0xf8 C:\Users\user\Documents\repos\ClearCoreModbus\libClearCore\Debug\libClearCore.a(DigitalInOutAnalogOut.o)
                0x0000d9dc                ClearCore::DigitalInOutAnalogOut::Mode(ClearCore::Connector::ConnectorModes)
 .text._ZN9ClearCore21DigitalInOutAnalogOut5StateEv
                0x0000dad4       0x1c C:\Users\user\Documents\repos\ClearCoreModbus\libClearCore\Debug\libClearCore.a(DigitalInOutAnalogOut.o)
                0x0000dad4                ClearCore::DigitalInOutAnalogOut::State()
 .text._ZN9ClearCore21DigitalInOutAnalogOut5StateEs
                0x0000daf0       0x9c C:\Users\user\Documents\repos\ClearCoreModbus\libClearCore\Debug\libClearCore.a(DigitalInOutAnalogOut.o)
                0x0000daf0                ClearCore::DigitalInOutAnalogOut::State(short)
 .text._ZN9ClearCore21DigitalInOutAnalogOut10InitializeE13ClearCorePins
                0x0000db8c       0xa0 C:\Users\user\Documents\repos\ClearCoreModbus\libClearCore\Debug\libClearCore.a(DigitalInOutAnalogOut.o)
                0x0000db8c                ClearCore::DigitalInOutAnalogOut::Initialize(ClearCorePins)
 .text._ZN9ClearCore9DigitalIn11IsInHwFaultEv
                0x0000dc2c        0x4 C:\Users\user\Documents\repos\ClearCoreModbus\libClearCore\Debug\libClearCore.a(DigitalInAnalogIn.o)
                0x0000dc2c                ClearCore::DigitalIn::IsInHwFault()
 .text._ZN9ClearCore17DigitalInAnalogIn4ModeEv
                0x0000dc30        0x4 C:\Users\user\Documents\repos\ClearCoreModbus\libClearCore\Debug\libClearCore.a(DigitalInAnalogIn.o)
                0x0000dc30                ClearCore::DigitalInAnalogIn::Mode()
 .text._ZN9ClearCore17DigitalInAnalogIn4TypeEv
                0x0000dc34        0x4 C:\Users\user\Documents\repos\ClearCoreModbus\libClearCore\Debug\libClearCore.a(DigitalInAnalogIn.o)
                0x0000dc34                ClearCore::DigitalInAnalogIn::Type()
 .text._ZN9ClearCore17DigitalInAnalogIn10IsWritableEv
                0x0000dc38        0x4 C:\Users\user\Documents\repos\ClearCoreModbus\libClearCore\Debug\libClearCore.a(DigitalInAnalogIn.o)
                0x0000dc38                ClearCore::DigitalInAnalogIn::IsWritable()
 .text._ZN9ClearCore17DigitalInAnalogIn5StateEs
                0x0000dc3c        0x4 C:\Users\user\Documents\repos\ClearCoreModbus\libClearCore\Debug\libClearCore.a(DigitalInAnalogIn.o)
                0x0000dc3c                ClearCore::DigitalInAnalogIn::State(short)
 .text._ZN9ClearCore17DigitalInAnalogIn4ModeENS_9Connector14ConnectorModesE
                0x0000dc40       0xfc C:\Users\user\Documents\repos\ClearCoreModbus\libClearCore\Debug\libClearCore.a(DigitalInAnalogIn.o)
                0x0000dc40                ClearCore::DigitalInAnalogIn::Mode(ClearCore::Connector::ConnectorModes)
 .text._ZN9ClearCore17DigitalInAnalogInC2ENS_13ShiftRegister5MasksES2_PK15PeripheralRouteNS_10AdcManager11AdcChannelsE
                0x0000dd3c       0x2c C:\Users\user\Documents\repos\ClearCoreModbus\libClearCore\Debug\libClearCore.a(DigitalInAnalogIn.o)
                0x0000dd3c                ClearCore::DigitalInAnalogIn::DigitalInAnalogIn(ClearCore::ShiftRegister::Masks, ClearCore::ShiftRegister::Masks, PeripheralRoute const*, ClearCore::AdcManager::AdcChannels)
                0x0000dd3c                ClearCore::DigitalInAnalogIn::DigitalInAnalogIn(ClearCore::ShiftRegister::Masks, ClearCore::ShiftRegister::Masks, PeripheralRoute const*, ClearCore::AdcManager::AdcChannels)
 .text._ZN9ClearCore17DigitalInAnalogIn7RefreshEv
                0x0000dd68       0x78 C:\Users\user\Documents\repos\ClearCoreModbus\libClearCore\Debug\libClearCore.a(DigitalInAnalogIn.o)
                0x0000dd68                ClearCore::DigitalInAnalogIn::Refresh()
 .text._ZN9ClearCore17DigitalInAnalogIn10InitializeE13ClearCorePins
                0x0000dde0       0xb4 C:\Users\user\Documents\repos\ClearCoreModbus\libClearCore\Debug\libClearCore.a(DigitalInAnalogIn.o)
                0x0000dde0                ClearCore::DigitalInAnalogIn::Initialize(ClearCorePins)
 .text._ZN9ClearCore17DigitalInAnalogIn5StateEv
                0x0000de94       0x48 C:\Users\user\Documents\repos\ClearCoreModbus\libClearCore\Debug\libClearCore.a(DigitalInAnalogIn.o)
                0x0000de94                ClearCore::DigitalInAnalogIn::State()
 .text._ZN9ClearCore12DigitalInOut4ModeEv
                0x0000dedc        0x4 C:\Users\user\Documents\repos\ClearCoreModbus\libClearCore\Debug\libClearCore.a(DigitalInOut.o)
                0x0000dedc                ClearCore::DigitalInOut::Mode()
 .text._ZN9ClearCore12DigitalInOut4TypeEv
                0x0000dee0        0x4 C:\Users\user\Documents\repos\ClearCoreModbus\libClearCore\Debug\libClearCore.a(DigitalInOut.o)
                0x0000dee0                ClearCore::DigitalInOut::Type()
 .text._ZN9ClearCore12DigitalInOut10IsWritableEv
                0x0000dee4       0x14 C:\Users\user\Documents\repos\ClearCoreModbus\libClearCore\Debug\libClearCore.a(DigitalInOut.o)
                0x0000dee4                ClearCore::DigitalInOut::IsWritable()
 .text._ZN9ClearCore12DigitalInOut5StateEs
                0x0000def8       0xb8 C:\Users\user\Documents\repos\ClearCoreModbus\libClearCore\Debug\libClearCore.a(DigitalInOut.o)
                0x0000def8                ClearCore::DigitalInOut::State(short)
 .text._ZN9ClearCore12DigitalInOut4ModeENS_9Connector14ConnectorModesE
                0x0000dfb0      0x224 C:\Users\user\Documents\repos\ClearCoreModbus\libClearCore\Debug\libClearCore.a(DigitalInOut.o)
                0x0000dfb0                ClearCore::DigitalInOut::Mode(ClearCore::Connector::ConnectorModes)
 .text._ZN9ClearCore12DigitalInOutC2ENS_13ShiftRegister5MasksEPK15PeripheralRouteS5_b
                0x0000e1d4       0x6c C:\Users\user\Documents\repos\ClearCoreModbus\libClearCore\Debug\libClearCore.a(DigitalInOut.o)
                0x0000e1d4                ClearCore::DigitalInOut::DigitalInOut(ClearCore::ShiftRegister::Masks, PeripheralRoute const*, PeripheralRoute const*, bool)
                0x0000e1d4                ClearCore::DigitalInOut::DigitalInOut(ClearCore::ShiftRegister::Masks, PeripheralRoute const*, PeripheralRoute const*, bool)
 .text._ZN9ClearCore12DigitalInOut7RefreshEv
                0x0000e240      0x20c C:\Users\user\Documents\repos\ClearCoreModbus\libClearCore\Debug\libClearCore.a(DigitalInOut.o)
                0x0000e240                ClearCore::DigitalInOut::Refresh()
 .text._ZN9ClearCore12DigitalInOut5StateEv
                0x0000e44c       0x40 C:\Users\user\Documents\repos\ClearCoreModbus\libClearCore\Debug\libClearCore.a(DigitalInOut.o)
                0x0000e44c                ClearCore::DigitalInOut::State()
 .text._ZN9ClearCore12DigitalInOut10InitializeE13ClearCorePins
                0x0000e48c       0x74 C:\Users\user\Documents\repos\ClearCoreModbus\libClearCore\Debug\libClearCore.a(DigitalInOut.o)
                0x0000e48c                ClearCore::DigitalInOut::Initialize(ClearCorePins)
 .text._ZN9ClearCore9Connector4ModeEv
                0x0000e500        0x4 C:\Users\user\Documents\repos\ClearCoreModbus\libClearCore\Debug\libClearCore.a(DigitalIn.o)
                0x0000e500                ClearCore::Connector::Mode()
 .text._ZN9ClearCore9DigitalIn4ModeEv
                0x0000e504        0x4 C:\Users\user\Documents\repos\ClearCoreModbus\libClearCore\Debug\libClearCore.a(DigitalIn.o)
                0x0000e504                ClearCore::DigitalIn::Mode()
 .text._ZN9ClearCore9DigitalIn4ModeENS_9Connector14ConnectorModesE
                0x0000e508        0xc C:\Users\user\Documents\repos\ClearCoreModbus\libClearCore\Debug\libClearCore.a(DigitalIn.o)
                0x0000e508                ClearCore::DigitalIn::Mode(ClearCore::Connector::ConnectorModes)
 .text._ZN9ClearCore9DigitalIn4TypeEv
                0x0000e514        0x4 C:\Users\user\Documents\repos\ClearCoreModbus\libClearCore\Debug\libClearCore.a(DigitalIn.o)
                0x0000e514                ClearCore::DigitalIn::Type()
 .text._ZN9ClearCore9DigitalIn10IsWritableEv
                0x0000e518        0x4 C:\Users\user\Documents\repos\ClearCoreModbus\libClearCore\Debug\libClearCore.a(DigitalIn.o)
                0x0000e518                ClearCore::DigitalIn::IsWritable()
 .text._ZN9ClearCore9DigitalIn5StateEv
                0x0000e51c       0x28 C:\Users\user\Documents\repos\ClearCoreModbus\libClearCore\Debug\libClearCore.a(DigitalIn.o)
                0x0000e51c                ClearCore::DigitalIn::State()
 .text._ZN9ClearCore9DigitalIn10InitializeE13ClearCorePins
                0x0000e544       0xcc C:\Users\user\Documents\repos\ClearCoreModbus\libClearCore\Debug\libClearCore.a(DigitalIn.o)
                0x0000e544                ClearCore::DigitalIn::Initialize(ClearCorePins)
 .text._ZN9ClearCore9DigitalIn7RefreshEv
                0x0000e610      0x14c C:\Users\user\Documents\repos\ClearCoreModbus\libClearCore\Debug\libClearCore.a(DigitalIn.o)
                0x0000e610                ClearCore::DigitalIn::Refresh()
 .text._ZN9ClearCore9ConnectorC2Ev
                0x0000e75c       0x14 C:\Users\user\Documents\repos\ClearCoreModbus\libClearCore\Debug\libClearCore.a(DigitalIn.o)
                0x0000e75c                ClearCore::Connector::Connector()
                0x0000e75c                ClearCore::Connector::Connector()
 .text._ZN9ClearCore9DigitalInC2ENS_13ShiftRegister5MasksEPK15PeripheralRoute
                0x0000e770       0x48 C:\Users\user\Documents\repos\ClearCoreModbus\libClearCore\Debug\libClearCore.a(DigitalIn.o)
                0x0000e770                ClearCore::DigitalIn::DigitalIn(ClearCore::ShiftRegister::Masks, PeripheralRoute const*)
                0x0000e770                ClearCore::DigitalIn::DigitalIn(ClearCore::ShiftRegister::Masks, PeripheralRoute const*)
 .text._ZN9ClearCore9DigitalIn7StateRTEv
                0x0000e7b8       0x1c C:\Users\user\Documents\repos\ClearCoreModbus\libClearCore\Debug\libClearCore.a(DigitalIn.o)
                0x0000e7b8                ClearCore::DigitalIn::StateRT()
 .text._ZN9ClearCore9DigitalIn17UpdateFilterStateEv
                0x0000e7d4       0x9c C:\Users\user\Documents\repos\ClearCoreModbus\libClearCore\Debug\libClearCore.a(DigitalIn.o)
                0x0000e7d4                ClearCore::DigitalIn::UpdateFilterState()
 .text._ZN9ClearCore19DigitalInOutHBridge4ModeEv
                0x0000e870        0x4 C:\Users\user\Documents\repos\ClearCoreModbus\libClearCore\Debug\libClearCore.a(DigitalInOutHBridge.o)
                0x0000e870                ClearCore::DigitalInOutHBridge::Mode()
 .text._ZN9ClearCore19DigitalInOutHBridge4TypeEv
                0x0000e874        0x4 C:\Users\user\Documents\repos\ClearCoreModbus\libClearCore\Debug\libClearCore.a(DigitalInOutHBridge.o)
                0x0000e874                ClearCore::DigitalInOutHBridge::Type()
 .text._ZN9ClearCore19DigitalInOutHBridge10IsWritableEv
                0x0000e878       0x10 C:\Users\user\Documents\repos\ClearCoreModbus\libClearCore\Debug\libClearCore.a(DigitalInOutHBridge.o)
                0x0000e878                ClearCore::DigitalInOutHBridge::IsWritable()
 .text._ZN9ClearCore19DigitalInOutHBridgeC2ENS_13ShiftRegister5MasksEPK15PeripheralRouteS5_S5_S5_4IRQnb
                0x0000e888       0x60 C:\Users\user\Documents\repos\ClearCoreModbus\libClearCore\Debug\libClearCore.a(DigitalInOutHBridge.o)
                0x0000e888                ClearCore::DigitalInOutHBridge::DigitalInOutHBridge(ClearCore::ShiftRegister::Masks, PeripheralRoute const*, PeripheralRoute const*, PeripheralRoute const*, PeripheralRoute const*, IRQn, bool)
                0x0000e888                ClearCore::DigitalInOutHBridge::DigitalInOutHBridge(ClearCore::ShiftRegister::Masks, PeripheralRoute const*, PeripheralRoute const*, PeripheralRoute const*, PeripheralRoute const*, IRQn, bool)
 .text._ZN9ClearCore19DigitalInOutHBridge10FaultStateEb
                0x0000e8e8       0x54 C:\Users\user\Documents\repos\ClearCoreModbus\libClearCore\Debug\libClearCore.a(DigitalInOutHBridge.o)
                0x0000e8e8                ClearCore::DigitalInOutHBridge::FaultState(bool)
 .text._ZN9ClearCore19DigitalInOutHBridge5StateEv
                0x0000e93c       0x3c C:\Users\user\Documents\repos\ClearCoreModbus\libClearCore\Debug\libClearCore.a(DigitalInOutHBridge.o)
                0x0000e93c                ClearCore::DigitalInOutHBridge::State()
 .text._ZN9ClearCore19DigitalInOutHBridge5StateEs
                0x0000e978       0x70 C:\Users\user\Documents\repos\ClearCoreModbus\libClearCore\Debug\libClearCore.a(DigitalInOutHBridge.o)
                0x0000e978                ClearCore::DigitalInOutHBridge::State(short)
 .text._ZN9ClearCore19DigitalInOutHBridge10ToneUpdateEv
                0x0000e9e8      0x144 C:\Users\user\Documents\repos\ClearCoreModbus\libClearCore\Debug\libClearCore.a(DigitalInOutHBridge.o)
                0x0000e9e8                ClearCore::DigitalInOutHBridge::ToneUpdate()
 .text._ZN9ClearCore19DigitalInOutHBridge7RefreshEv
                0x0000eb2c      0x114 C:\Users\user\Documents\repos\ClearCoreModbus\libClearCore\Debug\libClearCore.a(DigitalInOutHBridge.o)
                0x0000eb2c                ClearCore::DigitalInOutHBridge::Refresh()
 .text._ZN9ClearCore19DigitalInOutHBridge10InitializeE13ClearCorePins
                0x0000ec40       0xc8 C:\Users\user\Documents\repos\ClearCoreModbus\libClearCore\Debug\libClearCore.a(DigitalInOutHBridge.o)
                0x0000ec40                ClearCore::DigitalInOutHBridge::Initialize(ClearCorePins)
 .text._ZN9ClearCore19DigitalInOutHBridge4ModeENS_9Connector14ConnectorModesE
                0x0000ed08      0x1a4 C:\Users\user\Documents\repos\ClearCoreModbus\libClearCore\Debug\libClearCore.a(DigitalInOutHBridge.o)
                0x0000ed08                ClearCore::DigitalInOutHBridge::Mode(ClearCore::Connector::ConnectorModes)
 .text._ZN9ClearCore10DmaManager8InstanceEv
                0x0000eeac       0x28 C:\Users\user\Documents\repos\ClearCoreModbus\libClearCore\Debug\libClearCore.a(DmaManager.o)
                0x0000eeac                ClearCore::DmaManager::Instance()
 .text._ZN9ClearCore10DmaManager10InitializeEv
                0x0000eed4       0x64 C:\Users\user\Documents\repos\ClearCoreModbus\libClearCore\Debug\libClearCore.a(DmaManager.o)
                0x0000eed4                ClearCore::DmaManager::Initialize()
 .text._ZN9ClearCore10DmaManager7ChannelENS_11DmaChannelsE
                0x0000ef38       0x14 C:\Users\user\Documents\repos\ClearCoreModbus\libClearCore\Debug\libClearCore.a(DmaManager.o)
                0x0000ef38                ClearCore::DmaManager::Channel(ClearCore::DmaChannels)
 .text._ZN9ClearCore10DmaManager14BaseDescriptorENS_11DmaChannelsE
                0x0000ef4c       0x14 C:\Users\user\Documents\repos\ClearCoreModbus\libClearCore\Debug\libClearCore.a(DmaManager.o)
                0x0000ef4c                ClearCore::DmaManager::BaseDescriptor(ClearCore::DmaChannels)
 .text.startup._GLOBAL__sub_I__ZN9ClearCore10DmaManager19writeBackDescriptorE
                0x0000ef60       0x10 C:\Users\user\Documents\repos\ClearCoreModbus\libClearCore\Debug\libClearCore.a(DmaManager.o)
 .text._ZN9ClearCore16CcioBoardManager12CcioDiscoverEPNS_12SerialDriverE.part.1
                0x0000ef70      0x488 C:\Users\user\Documents\repos\ClearCoreModbus\libClearCore\Debug\libClearCore.a(CcioBoardManager.o)
 .text._ZN9ClearCore16CcioBoardManager8InstanceEv
                0x0000f3f8      0x118 C:\Users\user\Documents\repos\ClearCoreModbus\libClearCore\Debug\libClearCore.a(CcioBoardManager.o)
                0x0000f3f8                ClearCore::CcioBoardManager::Instance()
 .text._ZN9ClearCore16CcioBoardManager10InitializeEv
                0x0000f510       0xb8 C:\Users\user\Documents\repos\ClearCoreModbus\libClearCore\Debug\libClearCore.a(CcioBoardManager.o)
                0x0000f510                ClearCore::CcioBoardManager::Initialize()
 .text._ZN9ClearCore16CcioBoardManager8PinStateE13ClearCorePins
                0x0000f5c8       0x30 C:\Users\user\Documents\repos\ClearCoreModbus\libClearCore\Debug\libClearCore.a(CcioBoardManager.o)
                0x0000f5c8                ClearCore::CcioBoardManager::PinState(ClearCorePins)
 .text._ZN9ClearCore16CcioBoardManager7RefreshEv
                0x0000f5f8      0x5c4 C:\Users\user\Documents\repos\ClearCoreModbus\libClearCore\Debug\libClearCore.a(CcioBoardManager.o)
                0x0000f5f8                ClearCore::CcioBoardManager::Refresh()
 .text._ZN9ClearCore16CcioBoardManager11RefreshSlowEv
                0x0000fbbc       0x3c C:\Users\user\Documents\repos\ClearCoreModbus\libClearCore\Debug\libClearCore.a(CcioBoardManager.o)
                0x0000fbbc                ClearCore::CcioBoardManager::RefreshSlow()
 .text._ZN9ClearCore16CcioBoardManager9LinkCloseEv
                0x0000fbf8       0x40 C:\Users\user\Documents\repos\ClearCoreModbus\libClearCore\Debug\libClearCore.a(CcioBoardManager.o)
                0x0000fbf8                ClearCore::CcioBoardManager::LinkClose()
 .text._ZN9ClearCore16CcioBoardManager12CcioDiscoverEPNS_12SerialDriverE
                0x0000fc38       0x38 C:\Users\user\Documents\repos\ClearCoreModbus\libClearCore\Debug\libClearCore.a(CcioBoardManager.o)
                0x0000fc38                ClearCore::CcioBoardManager::CcioDiscover(ClearCore::SerialDriver*)
 .text._ZN9ClearCore16CcioBoardManager10PinByIndexE13ClearCorePins
                0x0000fc70       0x18 C:\Users\user\Documents\repos\ClearCoreModbus\libClearCore\Debug\libClearCore.a(CcioBoardManager.o)
                0x0000fc70                ClearCore::CcioBoardManager::PinByIndex(ClearCorePins)
 .text.startup._GLOBAL__sub_I__ZN9ClearCore7CcioMgrE
                0x0000fc88       0x10 C:\Users\user\Documents\repos\ClearCoreModbus\libClearCore\Debug\libClearCore.a(CcioBoardManager.o)
 .text._ZN9ClearCore7CcioPin4ModeEv
                0x0000fc98        0x4 C:\Users\user\Documents\repos\ClearCoreModbus\libClearCore\Debug\libClearCore.a(CcioPin.o)
                0x0000fc98                ClearCore::CcioPin::Mode()
 .text._ZN9ClearCore7CcioPin4TypeEv
                0x0000fc9c        0x4 C:\Users\user\Documents\repos\ClearCoreModbus\libClearCore\Debug\libClearCore.a(CcioPin.o)
                0x0000fc9c                ClearCore::CcioPin::Type()
 .text._ZN9ClearCore7CcioPin10IsWritableEv
                0x0000fca0       0x10 C:\Users\user\Documents\repos\ClearCoreModbus\libClearCore\Debug\libClearCore.a(CcioPin.o)
                0x0000fca0                ClearCore::CcioPin::IsWritable()
 .text._ZN9ClearCore7CcioPin7RefreshEv
                0x0000fcb0        0x4 C:\Users\user\Documents\repos\ClearCoreModbus\libClearCore\Debug\libClearCore.a(CcioPin.o)
                0x0000fcb0                ClearCore::CcioPin::Refresh()
 .text._ZN9ClearCore7CcioPin10InitializeE13ClearCorePins
                0x0000fcb4       0x40 C:\Users\user\Documents\repos\ClearCoreModbus\libClearCore\Debug\libClearCore.a(CcioPin.o)
                0x0000fcb4                ClearCore::CcioPin::Initialize(ClearCorePins)
 .text._ZN9ClearCore7CcioPin4ModeENS_9Connector14ConnectorModesE
                0x0000fcf4       0x70 C:\Users\user\Documents\repos\ClearCoreModbus\libClearCore\Debug\libClearCore.a(CcioPin.o)
                0x0000fcf4                ClearCore::CcioPin::Mode(ClearCore::Connector::ConnectorModes)
 .text._ZN9ClearCore7CcioPin5StateEv
                0x0000fd64       0x3c C:\Users\user\Documents\repos\ClearCoreModbus\libClearCore\Debug\libClearCore.a(CcioPin.o)
                0x0000fd64                ClearCore::CcioPin::State()
 .text._ZN9ClearCore7CcioPin11IsInHwFaultEv
                0x0000fda0       0x20 C:\Users\user\Documents\repos\ClearCoreModbus\libClearCore\Debug\libClearCore.a(CcioPin.o)
                0x0000fda0                ClearCore::CcioPin::IsInHwFault()
 .text._ZN9ClearCore7CcioPin5StateEs
                0x0000fdc0       0x48 C:\Users\user\Documents\repos\ClearCoreModbus\libClearCore\Debug\libClearCore.a(CcioPin.o)
                0x0000fdc0                ClearCore::CcioPin::State(short)
 .text._ZN9ClearCore7CcioPinC2Ev
                0x0000fe08       0x34 C:\Users\user\Documents\repos\ClearCoreModbus\libClearCore\Debug\libClearCore.a(CcioPin.o)
                0x0000fe08                ClearCore::CcioPin::CcioPin()
                0x0000fe08                ClearCore::CcioPin::CcioPin()
 .text._ZN9ClearCore12InputManager8InstanceEv
                0x0000fe3c       0x5c C:\Users\user\Documents\repos\ClearCoreModbus\libClearCore\Debug\libClearCore.a(InputManager.o)
                0x0000fe3c                ClearCore::InputManager::Instance()
 .text._ZN9ClearCore12InputManager10InitializeEv
                0x0000fe98       0x18 C:\Users\user\Documents\repos\ClearCoreModbus\libClearCore\Debug\libClearCore.a(InputManager.o)
                0x0000fe98                ClearCore::InputManager::Initialize()
 .text._ZN9ClearCore12InputManager15InterruptEnableEabb
                0x0000feb0       0x78 C:\Users\user\Documents\repos\ClearCoreModbus\libClearCore\Debug\libClearCore.a(InputManager.o)
                0x0000feb0                ClearCore::InputManager::InterruptEnable(signed char, bool, bool)
 .text._ZN9ClearCore12InputManager11EIC_HandlerEh
                0x0000ff28       0x5c C:\Users\user\Documents\repos\ClearCoreModbus\libClearCore\Debug\libClearCore.a(InputManager.o)
                0x0000ff28                ClearCore::InputManager::EIC_Handler(unsigned char)
 .text._ZN9ClearCore12InputManager11UpdateBeginEv
                0x0000ff84       0x28 C:\Users\user\Documents\repos\ClearCoreModbus\libClearCore\Debug\libClearCore.a(InputManager.o)
                0x0000ff84                ClearCore::InputManager::UpdateBegin()
 .text._ZN9ClearCore12InputManager9UpdateEndEv
                0x0000ffac       0x54 C:\Users\user\Documents\repos\ClearCoreModbus\libClearCore\Debug\libClearCore.a(InputManager.o)
                0x0000ffac                ClearCore::InputManager::UpdateEnd()
 .text.startup._GLOBAL__sub_I__ZN9ClearCore8InputMgrE
                0x00010000       0x10 C:\Users\user\Documents\repos\ClearCoreModbus\libClearCore\Debug\libClearCore.a(InputManager.o)
 .text._ZN9ClearCore12SdCardDriverC2EPK15PeripheralRouteS3_S3_S3_h
                0x00010010       0x40 C:\Users\user\Documents\repos\ClearCoreModbus\libClearCore\Debug\libClearCore.a(SdCardDriver.o)
                0x00010010                ClearCore::SdCardDriver::SdCardDriver(PeripheralRoute const*, PeripheralRoute const*, PeripheralRoute const*, PeripheralRoute const*, unsigned char)
                0x00010010                ClearCore::SdCardDriver::SdCardDriver(PeripheralRoute const*, PeripheralRoute const*, PeripheralRoute const*, PeripheralRoute const*, unsigned char)
 .text._ZN9ClearCore10SerialBase10PortIsOpenEv
                0x00010050        0x8 C:\Users\user\Documents\repos\ClearCoreModbus\libClearCore\Debug\libClearCore.a(SerialBase.o)
                0x00010050                ClearCore::SerialBase::PortIsOpen()
 .text._ZN9ClearCore10SerialBase5FlushEv
                0x00010058       0x10 C:\Users\user\Documents\repos\ClearCoreModbus\libClearCore\Debug\libClearCore.a(SerialBase.o)
                0x00010058                ClearCore::SerialBase::Flush()
 .text._ZN9ClearCore10SerialBase10FlushInputEv
                0x00010068       0x14 C:\Users\user\Documents\repos\ClearCoreModbus\libClearCore\Debug\libClearCore.a(SerialBase.o)
                0x00010068                ClearCore::SerialBase::FlushInput()
 .text._ZN9ClearCore10SerialBase7CharGetEv
                0x0001007c       0x38 C:\Users\user\Documents\repos\ClearCoreModbus\libClearCore\Debug\libClearCore.a(SerialBase.o)
                0x0001007c                ClearCore::SerialBase::CharGet()
 .text._ZN9ClearCore10SerialBase8CharPeekEv
                0x000100b4       0x1c C:\Users\user\Documents\repos\ClearCoreModbus\libClearCore\Debug\libClearCore.a(SerialBase.o)
                0x000100b4                ClearCore::SerialBase::CharPeek()
 .text._ZN9ClearCore10SerialBase16AvailableForReadEv
                0x000100d0       0x10 C:\Users\user\Documents\repos\ClearCoreModbus\libClearCore\Debug\libClearCore.a(SerialBase.o)
                0x000100d0                ClearCore::SerialBase::AvailableForRead()
 .text._ZN9ClearCore10SerialBase17AvailableForWriteEv
                0x000100e0       0x14 C:\Users\user\Documents\repos\ClearCoreModbus\libClearCore\Debug\libClearCore.a(SerialBase.o)
                0x000100e0                ClearCore::SerialBase::AvailableForWrite()
 .text._ZN9ClearCore10SerialBase8SendCharEh
                0x000100f4       0x40 C:\Users\user\Documents\repos\ClearCoreModbus\libClearCore\Debug\libClearCore.a(SerialBase.o)
                0x000100f4                ClearCore::SerialBase::SendChar(unsigned char)
 .text._ZN9ClearCore10SerialBase19WaitForTransmitIdleEv
                0x00010134       0x58 C:\Users\user\Documents\repos\ClearCoreModbus\libClearCore\Debug\libClearCore.a(SerialBase.o)
                0x00010134                ClearCore::SerialBase::WaitForTransmitIdle()
 .text._ZN9ClearCore10SerialBase5SpeedEm
                0x0001018c      0x154 C:\Users\user\Documents\repos\ClearCoreModbus\libClearCore\Debug\libClearCore.a(SerialBase.o)
                0x0001018c                ClearCore::SerialBase::Speed(unsigned long)
 .text._ZN9ClearCore10SerialBase9PortCloseEv
                0x000102e0      0x118 C:\Users\user\Documents\repos\ClearCoreModbus\libClearCore\Debug\libClearCore.a(SerialBase.o)
                0x000102e0                ClearCore::SerialBase::PortClose()
 .text._ZN9ClearCore10SerialBase6ParityENS_7ISerial9_ParitiesE
                0x000103f8       0xf0 C:\Users\user\Documents\repos\ClearCoreModbus\libClearCore\Debug\libClearCore.a(SerialBase.o)
                0x000103f8                ClearCore::SerialBase::Parity(ClearCore::ISerial::_Parities)
 .text._ZN9ClearCore10SerialBase8CharSizeEh
                0x000104e8       0xe4 C:\Users\user\Documents\repos\ClearCoreModbus\libClearCore\Debug\libClearCore.a(SerialBase.o)
                0x000104e8                ClearCore::SerialBase::CharSize(unsigned char)
 .text._ZN9ClearCore10SerialBase8StopBitsEh
                0x000105cc       0xdc C:\Users\user\Documents\repos\ClearCoreModbus\libClearCore\Debug\libClearCore.a(SerialBase.o)
                0x000105cc                ClearCore::SerialBase::StopBits(unsigned char)
 .text._ZN9ClearCore10SerialBase8PortModeENS0_9PortModesE.part.9
                0x000106a8      0x8dc C:\Users\user\Documents\repos\ClearCoreModbus\libClearCore\Debug\libClearCore.a(SerialBase.o)
 .text._ZN9ClearCore10SerialBase8PortOpenEv
                0x00010f84       0x18 C:\Users\user\Documents\repos\ClearCoreModbus\libClearCore\Debug\libClearCore.a(SerialBase.o)
                0x00010f84                ClearCore::SerialBase::PortOpen()
 .text._ZN9ClearCore10SerialBaseC2EPK15PeripheralRouteS3_S3_S3_h
                0x00010f9c       0x98 C:\Users\user\Documents\repos\ClearCoreModbus\libClearCore\Debug\libClearCore.a(SerialBase.o)
                0x00010f9c                ClearCore::SerialBase::SerialBase(PeripheralRoute const*, PeripheralRoute const*, PeripheralRoute const*, PeripheralRoute const*, unsigned char)
                0x00010f9c                ClearCore::SerialBase::SerialBase(PeripheralRoute const*, PeripheralRoute const*, PeripheralRoute const*, PeripheralRoute const*, unsigned char)
 .text._ZN9ClearCore10SerialBase15WaitOneCharTimeEv
                0x00011034       0x24 C:\Users\user\Documents\repos\ClearCoreModbus\libClearCore\Debug\libClearCore.a(SerialBase.o)
                0x00011034                ClearCore::SerialBase::WaitOneCharTime()
 .text._ZN9ClearCore10SerialBase8PortModeENS0_9PortModesE
                0x00011058       0x18 C:\Users\user\Documents\repos\ClearCoreModbus\libClearCore\Debug\libClearCore.a(SerialBase.o)
                0x00011058                ClearCore::SerialBase::PortMode(ClearCore::SerialBase::PortModes)
 .text._ZN9ClearCore10SerialBase9SpiSsModeENS0_13CtrlLineModesE
                0x00011070       0x74 C:\Users\user\Documents\repos\ClearCoreModbus\libClearCore\Debug\libClearCore.a(SerialBase.o)
                0x00011070                ClearCore::SerialBase::SpiSsMode(ClearCore::SerialBase::CtrlLineModes)
 .text._ZN9ClearCore10SerialBase8SpiClockENS0_18SpiClockPolaritiesENS0_14SpiClockPhasesE
                0x000110e4       0xe0 C:\Users\user\Documents\repos\ClearCoreModbus\libClearCore\Debug\libClearCore.a(SerialBase.o)