Archive member included to satisfy reference by file (symbol)

C:\Users\user\Documents\repos\ClearCoreModbus\libClearCore\Debug\libClearCore.a(SysManager.o)
                              Device_Startup/startup_same53.o (Reset_Handler)
C:\Users\user\Documents\repos\ClearCoreModbus\libClearCore\Debug\libClearCore.a(SysTiming.o)
                              C:\Users\user\Documents\repos\ClearCoreModbus\libClearCore\Debug\libClearCore.a(SysManager.o) (ClearCore::SysTiming::IsrStart())
C:\Users\user\Documents\repos\ClearCoreModbus\libClearCore\Debug\libClearCore.a(EthernetManager.o)
                              C:\Users\user\Documents\repos\ClearCoreModbus\libClearCore\Debug\libClearCore.a(SysManager.o) (ClearCore::EthernetManager::Initialize())
C:\Users\user\Documents\repos\ClearCoreModbus\libClearCore\Debug\libClearCore.a(ShiftRegister.o)
                              C:\Users\user\Documents\repos\ClearCoreModbus\libClearCore\Debug\libClearCore.a(SysManager.o) (ClearCore::ShiftRegister::ShiftRegister())
C:\Users\user\Documents\repos\ClearCoreModbus\libClearCore\Debug\libClearCore.a(MotorManager.o)
                              C:\Users\user\Documents\repos\ClearCoreModbus\libClearCore\Debug\libClearCore.a(SysManager.o) (ClearCore::MotorManager::Initialize())
C:\Users\user\Documents\repos\ClearCoreModbus\libClearCore\Debug\libClearCore.a(StepGenerator.o)
                              C:\Users\user\Documents\repos\ClearCoreModbus\libClearCore\Debug\libClearCore.a(SysManager.o) (ClearCore::StepGenerator::StepGenerator())
C:\Users\user\Documents\repos\ClearCoreModbus\libClearCore\Debug\libClearCore.a(system_same53.o)
                              C:\Users\user\Documents\repos\ClearCoreModbus\libClearCore\Debug\libClearCore.a(SysManager.o) (SystemInit)
C:\Users\user\Documents\repos\ClearCoreModbus\libClearCore\Debug\libClearCore.a(EncoderInput.o)
                              C:\Users\user\Documents\repos\ClearCoreModbus\libClearCore\Debug\libClearCore.a(SysManager.o) (ClearCore::EncoderInput::EncoderInput())
C:\Users\user\Documents\repos\ClearCoreModbus\libClearCore\Debug\libClearCore.a(AdcManager.o)
                              C:\Users\user\Documents\repos\ClearCoreModbus\libClearCore\Debug\libClearCore.a(SysManager.o) (ClearCore::AdcManager::Initialize())
C:\Users\user\Documents\repos\ClearCoreModbus\libClearCore\Debug\libClearCore.a(DigitalInOutAnalogOut.o)
                              C:\Users\user\Documents\repos\ClearCoreModbus\libClearCore\Debug\libClearCore.a(SysManager.o) (ClearCore::DigitalInOutAnalogOut::DigitalInOutAnalogOut(ClearCore::ShiftRegister::Masks, PeripheralRoute const*, PeripheralRoute const*, PeripheralRoute const*, bool))
C:\Users\user\Documents\repos\ClearCoreModbus\libClearCore\Debug\libClearCore.a(DigitalInAnalogIn.o)
                              C:\Users\user\Documents\repos\ClearCoreModbus\libClearCore\Debug\libClearCore.a(SysManager.o) (ClearCore::DigitalInAnalogIn::DigitalInAnalogIn(ClearCore::ShiftRegister::Masks, ClearCore::ShiftRegister::Masks, PeripheralRoute const*, ClearCore::AdcManager::AdcChannels))
C:\Users\user\Documents\repos\ClearCoreModbus\libClearCore\Debug\libClearCore.a(DigitalInOut.o)
                              C:\Users\user\Documents\repos\ClearCoreModbus\libClearCore\Debug\libClearCore.a(DigitalInOutAnalogOut.o) (ClearCore::DigitalInOut::State(short))
C:\Users\user\Documents\repos\ClearCoreModbus\libClearCore\Debug\libClearCore.a(DigitalIn.o)
                              C:\Users\user\Documents\repos\ClearCoreModbus\libClearCore\Debug\libClearCore.a(DigitalInAnalogIn.o) (ClearCore::DigitalIn::State())
C:\Users\user\Documents\repos\ClearCoreModbus\libClearCore\Debug\libClearCore.a(DigitalInOutHBridge.o)
                              C:\Users\user\Documents\repos\ClearCoreModbus\libClearCore\Debug\libClearCore.a(SysManager.o) (ClearCore::DigitalInOutHBridge::DigitalInOutHBridge(ClearCore::ShiftRegister::Masks, PeripheralRoute const*, PeripheralRoute const*, PeripheralRoute const*, PeripheralRoute const*, IRQn, bool))
C:\Users\user\Documents\repos\ClearCoreModbus\libClearCore\Debug\libClearCore.a(DmaManager.o)
                              C:\Users\user\Documents\repos\ClearCoreModbus\libClearCore\Debug\libClearCore.a(SysManager.o) (ClearCore::DmaManager::Initialize())
C:\Users\user\Documents\repos\ClearCoreModbus\libClearCore\Debug\libClearCore.a(CcioBoardManager.o)
                              C:\Users\user\Documents\repos\ClearCoreModbus\libClearCore\Debug\libClearCore.a(SysManager.o) (ClearCore::CcioBoardManager::Initialize())
C:\Users\user\Documents\repos\ClearCoreModbus\libClearCore\Debug\libClearCore.a(CcioPin.o)
                              C:\Users\user\Documents\repos\ClearCoreModbus\libClearCore\Debug\libClearCore.a(CcioBoardManager.o) (ClearCore::CcioPin::CcioPin())
C:\Users\user\Documents\repos\ClearCoreModbus\libClearCore\Debug\libClearCore.a(InputManager.o)
[...]
Memory Configuration

Name             Origin             Length             Attributes
FLASH            0x00004000         0x0007c000         xr
RAM              0x20000000         0x00030000         xrw
*default*        0x00000000         0xffffffff

Linker script and memory map

LOAD c:/program files (x86)/atmel/studio/7.0/toolchain/arm/arm-gnu-toolchain/bin/../lib/gcc/arm-none-eabi/6.3.1/thumb/v7e-m/fpv4-sp/hard/crti.o
LOAD c:/program files (x86)/atmel/studio/7.0/toolchain/arm/arm-gnu-toolchain/bin/../lib/gcc/arm-none-eabi/6.3.1/thumb/v7e-m/fpv4-sp/hard/crtbegin.o
LOAD c:/program files (x86)/atmel/studio/7.0/toolchain/arm/arm-gnu-toolchain/bin/../lib/gcc/arm-none-eabi/6.3.1/../../../../arm-none-eabi/lib/thumb/v7e-m/fpv4-sp/hard/rdimon-crt0.o
LOAD Device_Startup/startup_same53.o
LOAD main.o
START GROUP
LOAD C:\Program Files (x86)\Atmel\Studio\7.0\Packs\arm\CMSIS\4.5.0\CMSIS\Lib\GCC\libarm_cortexM4lf_math.a
LOAD C:\Users\user\Documents\repos\ClearCoreModbus\libClearCore\Debug\libClearCore.a
LOAD C:\Users\user\Documents\repos\ClearCoreModbus\LwIP\Debug\libLwIP.a
LOAD C:\Users\user\Documents\repos\ClearCoreModbus\ModbusLib\Debug\libModbusLib.a
END GROUP
LOAD c:/program files (x86)/atmel/studio/7.0/toolchain/arm/arm-gnu-toolchain/bin/../lib/gcc/arm-none-eabi/6.3.1/../../../../arm-none-eabi/lib/thumb/v7e-m/fpv4-sp/hard\libstdc++.a
LOAD c:/program files (x86)/atmel/studio/7.0/toolchain/arm/arm-gnu-toolchain/bin/../lib/gcc/arm-none-eabi/6.3.1/../../../../arm-none-eabi/lib/thumb/v7e-m/fpv4-sp/hard\libm.a
START GROUP
LOAD c:/program files (x86)/atmel/studio/7.0/toolchain/arm/arm-gnu-toolchain/bin/../lib/gcc/arm-none-eabi/6.3.1/thumb/v7e-m/fpv4-sp/hard\libgcc.a
LOAD c:/program files (x86)/atmel/studio/7.0/toolchain/arm/arm-gnu-toolchain/bin/../lib/gcc/arm-none-eabi/6.3.1/../../../../arm-none-eabi/lib/thumb/v7e-m/fpv4-sp/hard\libc.a
END GROUP
START GROUP
LOAD c:/program files (x86)/atmel/studio/7.0/toolchain/arm/arm-gnu-toolchain/bin/../lib/gcc/arm-none-eabi/6.3.1/thumb/v7e-m/fpv4-sp/hard\libgcc.a
LOAD c:/program files (x86)/atmel/studio/7.0/toolchain/arm/arm-gnu-toolchain/bin/../lib/gcc/arm-none-eabi/6.3.1/../../../../arm-none-eabi/lib/thumb/v7e-m/fpv4-sp/hard\libc.a
LOAD c:/program files (x86)/atmel/studio/7.0/toolchain/arm/arm-gnu-toolchain/bin/../lib/gcc/arm-none-eabi/6.3.1/../../../../arm-none-eabi/lib/thumb/v7e-m/fpv4-sp/hard\librdimon.a
END GROUP
LOAD c:/program files (x86)/atmel/studio/7.0/toolchain/arm/arm-gnu-toolchain/bin/../lib/gcc/arm-none-eabi/6.3.1/thumb/v7e-m/fpv4-sp/hard/crtend.o
LOAD c:/program files (x86)/atmel/studio/7.0/toolchain/arm/arm-gnu-toolchain/bin/../lib/gcc/arm-none-eabi/6.3.1/thumb/v7e-m/fpv4-sp/hard/crtn.o

.text           0x00004000    0x2e5d8
                0x00004000                __text_start__ = .
 *(.sketch_boot)
                0x00004000                . = ALIGN (0x4000)
 *(.vectors)
 .vectors       0x00004000      0x264 Device_Startup/startup_same53.o
                0x00004000                exception_table
 *(.text*)
 .text          0x00004264       0x6c c:/program files (x86)/atmel/studio/7.0/toolchain/arm/arm-gnu-toolchain/bin/../lib/gcc/arm-none-eabi/6.3.1/thumb/v7e-m/fpv4-sp/hard/crtbegin.o
 .text.Dummy_Handler
                0x000042d0        0x4 Device_Startup/startup_same53.o
                0x000042d0                SVCall_Handler
                0x000042d0                EVSYS_0_Handler
                0x000042d0                TCC1_3_Handler
                0x000042d0                DAC_3_Handler
                0x000042d0                TRNG_Handler
                0x000042d0                HardFault_Handler
                0x000042d0                TC2_Handler
                0x000042d0                PDEC_2_Handler
                0x000042d0                AC_Handler
                0x000042d0                SERCOM3_1_Handler
                0x000042d0                TCC2_3_Handler
                0x000042d0                SERCOM3_2_Handler
                0x000042d0                PendSV_Handler
                0x000042d0                TC7_Handler
                0x000042d0                ADC1_1_Handler
                0x000042d0                EVSYS_3_Handler
                0x000042d0                PDEC_0_Handler
                0x000042d0                QSPI_Handler
                0x000042d0                NonMaskableInt_Handler
                0x000042d0                MemManagement_Handler
                0x000042d0                DAC_2_Handler
                0x000042d0                RTC_Handler
                0x000042d0                UsageFault_Handler
                0x000042d0                SERCOM4_0_Handler
                0x000042d0                OSC32KCTRL_Handler
                0x000042d0                TCC2_1_Handler
                0x000042d0                SUPC_1_Handler
                0x000042d0                TCC0_5_Handler
                0x000042d0                TCC0_6_Handler
                0x000042d0                SERCOM6_2_Handler
                0x000042d0                EVSYS_1_Handler
                0x000042d0                TCC1_4_Handler
                0x000042d0                TC6_Handler
                0x000042d0                DMAC_0_Handler
                0x000042d0                WDT_Handler
                0x000042d0                SERCOM6_0_Handler
                0x000042d0                SERCOM5_0_Handler
                0x000042d0                TC4_Handler
                0x000042d0                TC1_Handler
                0x000042d0                OSCCTRL_4_Handler
                0x000042d0                SERCOM4_3_Handler
                0x000042d0                DMAC_4_Handler
                0x000042d0                TCC4_2_Handler
                0x000042d0                PAC_Handler
                0x000042d0                TCC1_0_Handler
                0x000042d0                OSCCTRL_0_Handler
                0x000042d0                OSCCTRL_3_Handler
                0x000042d0                SERCOM4_1_Handler
                0x000042d0                TC3_Handler
                0x000042d0                Dummy_Handler
                0x000042d0                TCC2_2_Handler
                0x000042d0                SERCOM5_1_Handler
                0x000042d0                TCC1_1_Handler
                0x000042d0                DMAC_2_Handler
                0x000042d0                ADC0_0_Handler
                0x000042d0                SERCOM0_1_Handler
                0x000042d0                OSCCTRL_2_Handler
                0x000042d0                ADC1_0_Handler
                0x000042d0                TCC1_2_Handler
                0x000042d0                SERCOM7_1_Handler
                0x000042d0                PM_Handler
                0x000042d0                SERCOM6_3_Handler
                0x000042d0                DAC_4_Handler
                0x000042d0                TCC3_2_Handler
                0x000042d0                TCC0_2_Handler
                0x000042d0                DMAC_1_Handler
                0x000042d0                SDHC1_Handler
                0x000042d0                TCC2_0_Handler
                0x000042d0                PDEC_1_Handler
                0x000042d0                TCC4_1_Handler
                0x000042d0                SERCOM5_3_Handler
                0x000042d0                SERCOM6_1_Handler
                0x000042d0                SDHC0_Handler
                0x000042d0                SERCOM1_1_Handler
                0x000042d0                I2S_Handler
                0x000042d0                PCC_Handler
                0x000042d0                DAC_0_Handler
                0x000042d0                TCC0_1_Handler
                0x000042d0                SERCOM1_3_Handler
                0x000042d0                OSCCTRL_1_Handler
                0x000042d0                SERCOM1_0_Handler
                0x000042d0                PUKCC_Handler
                0x000042d0                SERCOM2_1_Handler
                0x000042d0                SERCOM1_2_Handler
                0x000042d0                SERCOM3_0_Handler
                0x000042d0                SERCOM4_2_Handler
                0x000042d0                EVSYS_4_Handler
                0x000042d0                NVMCTRL_1_Handler
                0x000042d0                SERCOM5_2_Handler
                0x000042d0                SERCOM3_3_Handler
                0x000042d0                ADC0_1_Handler
                0x000042d0                TCC3_1_Handler
                0x000042d0                DAC_1_Handler
                0x000042d0                NVMCTRL_0_Handler
                0x000042d0                MCLK_Handler
                0x000042d0                EVSYS_2_Handler
                0x000042d0                SUPC_0_Handler
                0x000042d0                BusFault_Handler
                0x000042d0                FREQM_Handler
                0x000042d0                TC0_Handler
                0x000042d0                TCC0_3_Handler
                0x000042d0                DMAC_3_Handler
                0x000042d0                DebugMonitor_Handler
                0x000042d0                TCC0_4_Handler
                0x000042d0                RAMECC_Handler
                0x000042d0                TC5_Handler
                0x000042d0                AES_Handler
                0x000042d0                ICM_Handler
 .text.Delay_ms
                0x000042d4       0x90 main.o
                0x000042d4                Delay_ms
 .text._Z5setupv
                0x00004364       0x58 main.o
                0x00004364                setup()
 .text._Z11update_ledsv
                0x000043bc       0x7c main.o
                0x000043bc                update_leds()
 .text.main     0x00004438       0x20 main.o
                0x00004438                main
 .text._Z41__static_initialization_and_destruction_0ii
                0x00004458       0x40 main.o
 .text._GLOBAL__sub_I_server
                0x00004498       0x10 main.o
 .text._ZN9ClearCore10SerialBase5SpeedEv
                0x000044a8        0x4 C:\Users\user\Documents\repos\ClearCoreModbus\libClearCore\Debug\libClearCore.a(SysManager.o)
                0x000044a8                ClearCore::SerialBase::Speed()
 .text._ZN9ClearCore10SerialBase6ParityEv
                0x000044ac        0x4 C:\Users\user\Documents\repos\ClearCoreModbus\libClearCore\Debug\libClearCore.a(SysManager.o)
                0x000044ac                ClearCore::SerialBase::Parity()
 .text._ZN9ClearCore10SerialBasecvbEv
                0x000044b0        0x4 C:\Users\user\Documents\repos\ClearCoreModbus\libClearCore\Debug\libClearCore.a(SysManager.o)
                0x000044b0                ClearCore::SerialBase::operator bool()
 .text._ZN9ClearCore11MotorDriverC2Ev
                0x000044b4       0x44 C:\Users\user\Documents\repos\ClearCoreModbus\libClearCore\Debug\libClearCore.a(SysManager.o)
                0x000044b4                ClearCore::MotorDriver::MotorDriver()
                0x000044b4                ClearCore::MotorDriver::MotorDriver()
 .text._ZN9ClearCore10SysManagerC2Ev
                0x000044f8     0x1784 C:\Users\user\Documents\repos\ClearCoreModbus\libClearCore\Debug\libClearCore.a(SysManager.o)
                0x000044f8                ClearCore::SysManager::SysManager()
                0x000044f8                ClearCore::SysManager::SysManager()
 .text._ZN9ClearCore10SysManager16ConnectorByIndexE13ClearCorePins
                0x00005c7c       0x1c C:\Users\user\Documents\repos\ClearCoreModbus\libClearCore\Debug\libClearCore.a(SysManager.o)
                0x00005c7c                ClearCore::SysManager::ConnectorByIndex(ClearCorePins)
 .text._ZN9ClearCore10SysManager10InitClocksEv
                0x00005c98      0x2dc C:\Users\user\Documents\repos\ClearCoreModbus\libClearCore\Debug\libClearCore.a(SysManager.o)
                0x00005c98                ClearCore::SysManager::InitClocks()
 .text._ZN9ClearCore10SysManager10InitializeEv
                0x00005f74      0x280 C:\Users\user\Documents\repos\ClearCoreModbus\libClearCore\Debug\libClearCore.a(SysManager.o)
                0x00005f74                ClearCore::SysManager::Initialize()
 .text._ZN9ClearCore10SysManager10ResetBoardENS0_10ResetModesE
                0x000061f4       0x38 C:\Users\user\Documents\repos\ClearCoreModbus\libClearCore\Debug\libClearCore.a(SysManager.o)
                0x000061f4                ClearCore::SysManager::ResetBoard(ClearCore::SysManager::ResetModes)
 .text.GMAC_Handler
                0x0000622c        0xc C:\Users\user\Documents\repos\ClearCoreModbus\libClearCore\Debug\libClearCore.a(SysManager.o)
                0x0000622c                GMAC_Handler
 .text.SERCOM0_0_Handler
                0x00006238        0xc C:\Users\user\Documents\repos\ClearCoreModbus\libClearCore\Debug\libClearCore.a(SysManager.o)
                0x00006238                SERCOM0_0_Handler
 .text.SERCOM0_2_Handler
                0x00006244        0xc C:\Users\user\Documents\repos\ClearCoreModbus\libClearCore\Debug\libClearCore.a(SysManager.o)
                0x00006244                SERCOM0_2_Handler
 .text.SERCOM0_3_Handler
                0x00006250        0xc C:\Users\user\Documents\repos\ClearCoreModbus\libClearCore\Debug\libClearCore.a(SysManager.o)
                0x00006250                SERCOM0_3_Handler
 .text.SERCOM2_0_Handler
                0x0000625c        0xc C:\Users\user\Documents\repos\ClearCoreModbus\libClearCore\Debug\libClearCore.a(SysManager.o)
                0x0000625c                SERCOM2_0_Handler
 .text.SERCOM2_2_Handler
                0x00006268        0xc C:\Users\user\Documents\repos\ClearCoreModbus\libClearCore\Debug\libClearCore.a(SysManager.o)
                0x00006268                SERCOM2_2_Handler
 .text.SERCOM2_3_Handler
                0x00006274        0xc C:\Users\user\Documents\repos\ClearCoreModbus\libClearCore\Debug\libClearCore.a(SysManager.o)
                0x00006274                SERCOM2_3_Handler
 .text.SERCOM7_0_Handler
                0x00006280        0xc C:\Users\user\Documents\repos\ClearCoreModbus\libClearCore\Debug\libClearCore.a(SysManager.o)
                0x00006280                SERCOM7_0_Handler
 .text.SERCOM7_2_Handler
                0x0000628c        0xc C:\Users\user\Documents\repos\ClearCoreModbus\libClearCore\Debug\libClearCore.a(SysManager.o)
                0x0000628c                SERCOM7_2_Handler
 .text.SERCOM7_3_Handler
                0x00006298        0xc C:\Users\user\Documents\repos\ClearCoreModbus\libClearCore\Debug\libClearCore.a(SysManager.o)
                0x00006298                SERCOM7_3_Handler
 .text.EIC_0_Handler
                0x000062a4       0x10 C:\Users\user\Documents\repos\ClearCoreModbus\libClearCore\Debug\libClearCore.a(SysManager.o)
                0x000062a4                EIC_0_Handler
 .text.EIC_1_Handler
                0x000062b4       0x10 C:\Users\user\Documents\repos\ClearCoreModbus\libClearCore\Debug\libClearCore.a(SysManager.o)
                0x000062b4                EIC_1_Handler
 .text.EIC_2_Handler
                0x000062c4       0x10 C:\Users\user\Documents\repos\ClearCoreModbus\libClearCore\Debug\libClearCore.a(SysManager.o)
                0x000062c4                EIC_2_Handler
 .text.EIC_3_Handler
                0x000062d4       0x10 C:\Users\user\Documents\repos\ClearCoreModbus\libClearCore\Debug\libClearCore.a(SysManager.o)
                0x000062d4                EIC_3_Handler
 .text.EIC_4_Handler
                0x000062e4       0x10 C:\Users\user\Documents\repos\ClearCoreModbus\libClearCore\Debug\libClearCore.a(SysManager.o)
                0x000062e4                EIC_4_Handler
 .text.EIC_5_Handler
                0x000062f4       0x10 C:\Users\user\Documents\repos\ClearCoreModbus\libClearCore\Debug\libClearCore.a(SysManager.o)
                0x000062f4                EIC_5_Handler
 .text.EIC_6_Handler
                0x00006304       0x10 C:\Users\user\Documents\repos\ClearCoreModbus\libClearCore\Debug\libClearCore.a(SysManager.o)
                0x00006304                EIC_6_Handler
 .text.EIC_7_Handler
                0x00006314       0x10 C:\Users\user\Documents\repos\ClearCoreModbus\libClearCore\Debug\libClearCore.a(SysManager.o)
                0x00006314                EIC_7_Handler
 .text.EIC_8_Handler
                0x00006324       0x10 C:\Users\user\Documents\repos\ClearCoreModbus\libClearCore\Debug\libClearCore.a(SysManager.o)
                0x00006324                EIC_8_Handler
 .text.EIC_9_Handler
                0x00006334       0x10 C:\Users\user\Documents\repos\ClearCoreModbus\libClearCore\Debug\libClearCore.a(SysManager.o)
                0x00006334                EIC_9_Handler
 .text.EIC_10_Handler
                0x00006344       0x10 C:\Users\user\Documents\repos\ClearCoreModbus\libClearCore\Debug\libClearCore.a(SysManager.o)
                0x00006344                EIC_10_Handler
 .text.EIC_11_Handler
                0x00006354       0x10 C:\Users\user\Documents\repos\ClearCoreModbus\libClearCore\Debug\libClearCore.a(SysManager.o)
                0x00006354                EIC_11_Handler
 .text.EIC_12_Handler
                0x00006364        0xc C:\Users\user\Documents\repos\ClearCoreModbus\libClearCore\Debug\libClearCore.a(SysManager.o)
                0x00006364                EIC_12_Handler
 .text.EIC_13_Handler
                0x00006370       0x10 C:\Users\user\Documents\repos\ClearCoreModbus\libClearCore\Debug\libClearCore.a(SysManager.o)
                0x00006370                EIC_13_Handler
 .text.EIC_14_Handler
                0x00006380       0x10 C:\Users\user\Documents\repos\ClearCoreModbus\libClearCore\Debug\libClearCore.a(SysManager.o)
                0x00006380                EIC_14_Handler
 .text.EIC_15_Handler
                0x00006390       0x10 C:\Users\user\Documents\repos\ClearCoreModbus\libClearCore\Debug\libClearCore.a(SysManager.o)
                0x00006390                EIC_15_Handler
 .text.TCC3_0_Handler
                0x000063a0       0x18 C:\Users\user\Documents\repos\ClearCoreModbus\libClearCore\Debug\libClearCore.a(SysManager.o)
                0x000063a0                TCC3_0_Handler
 .text.TCC4_0_Handler
                0x000063b8       0x18 C:\Users\user\Documents\repos\ClearCoreModbus\libClearCore\Debug\libClearCore.a(SysManager.o)
                0x000063b8                TCC4_0_Handler
 .text.SysTick_Handler
                0x000063d0       0x54 C:\Users\user\Documents\repos\ClearCoreModbus\libClearCore\Debug\libClearCore.a(SysManager.o)
                0x000063d0                SysTick_Handler
 .text.TCC0_0_Handler
                0x00006424      0x110 C:\Users\user\Documents\repos\ClearCoreModbus\libClearCore\Debug\libClearCore.a(SysManager.o)
                0x00006424                TCC0_0_Handler
 .text.Reset_Handler
                0x00006534       0x68 C:\Users\user\Documents\repos\ClearCoreModbus\libClearCore\Debug\libClearCore.a(SysManager.o)
                0x00006534                Reset_Handler
 .text.startup._GLOBAL__sub_I__ZN9ClearCore11FastSysTickE
                0x0000659c      0x1e8 C:\Users\user\Documents\repos\ClearCoreModbus\libClearCore\Debug\libClearCore.a(SysManager.o)
 .text._ZN9ClearCore9SysTiming8InstanceEv
                0x00006784       0x48 C:\Users\user\Documents\repos\ClearCoreModbus\libClearCore\Debug\libClearCore.a(SysTiming.o)
                0x00006784                ClearCore::SysTiming::Instance()
 .text._ZN9ClearCore9SysTiming8IsrStartEv
                0x000067cc        0xc C:\Users\user\Documents\repos\ClearCoreModbus\libClearCore\Debug\libClearCore.a(SysTiming.o)
                0x000067cc                ClearCore::SysTiming::IsrStart()
 .text._ZN9ClearCore9SysTiming6IsrEndEv
                0x000067d8       0x20 C:\Users\user\Documents\repos\ClearCoreModbus\libClearCore\Debug\libClearCore.a(SysTiming.o)
                0x000067d8                ClearCore::SysTiming::IsrEnd()
 .text._ZN9ClearCore9SysTiming6UpdateEv
                0x000067f8       0x78 C:\Users\user\Documents\repos\ClearCoreModbus\libClearCore\Debug\libClearCore.a(SysTiming.o)
                0x000067f8                ClearCore::SysTiming::Update()
 .text._ZN9ClearCore9SysTiming21SysTickPeriodMicroSecEm
                0x00006870       0x4c C:\Users\user\Documents\repos\ClearCoreModbus\libClearCore\Debug\libClearCore.a(SysTiming.o)
                0x00006870                ClearCore::SysTiming::SysTickPeriodMicroSec(unsigned long)
 .text.Milliseconds
                0x000068bc        0xc C:\Users\user\Documents\repos\ClearCoreModbus\libClearCore\Debug\libClearCore.a(SysTiming.o)
                0x000068bc                Milliseconds
 .text.Microseconds
                0x000068c8       0x48 C:\Users\user\Documents\repos\ClearCoreModbus\libClearCore\Debug\libClearCore.a(SysTiming.o)
                0x000068c8                Microseconds
 .text.Delay_cycles
                0x00006910       0x3c C:\Users\user\Documents\repos\ClearCoreModbus\libClearCore\Debug\libClearCore.a(SysTiming.o)
                0x00006910                Delay_cycles
 .text.startup._GLOBAL__sub_I__ZN9ClearCore7tickCntE
                0x0000694c       0x10 C:\Users\user\Documents\repos\ClearCoreModbus\libClearCore\Debug\libClearCore.a(SysTiming.o)
 .text._Z15ethernetif_initP5netif
                0x0000695c       0x5c C:\Users\user\Documents\repos\ClearCoreModbus\libClearCore\Debug\libClearCore.a(EthernetManager.o)
                0x0000695c                ethernetif_init(netif*)
 .text._ZL11PacketWriteP6ethIntPhm.isra.0
                0x000069b8      0x118 C:\Users\user\Documents\repos\ClearCoreModbus\libClearCore\Debug\libClearCore.a(EthernetManager.o)
 .text._ZL16low_level_outputP5netifP4pbuf
                0x00006ad0       0x6c C:\Users\user\Documents\repos\ClearCoreModbus\libClearCore\Debug\libClearCore.a(EthernetManager.o)
 .text._Z10PacketReadP6ethIntPhm
                0x00006b3c       0xfc C:\Users\user\Documents\repos\ClearCoreModbus\libClearCore\Debug\libClearCore.a(EthernetManager.o)
                0x00006b3c                PacketRead(ethInt*, unsigned char*, unsigned long)
 .text._ZN9ClearCore15EthernetManager8InstanceEv
                0x00006c38       0xe8 C:\Users\user\Documents\repos\ClearCoreModbus\libClearCore\Debug\libClearCore.a(EthernetManager.o)
                0x00006c38                ClearCore::EthernetManager::Instance()
 .text._ZN9ClearCore15EthernetManager13PhyInitializeEv
                0x00006d20      0x110 C:\Users\user\Documents\repos\ClearCoreModbus\libClearCore\Debug\libClearCore.a(EthernetManager.o)
                0x00006d20                ClearCore::EthernetManager::PhyInitialize()
 .text._ZN9ClearCore15EthernetManager10InitializeEv
                0x00006e30      0x578 C:\Users\user\Documents\repos\ClearCoreModbus\libClearCore\Debug\libClearCore.a(EthernetManager.o)
                0x00006e30                ClearCore::EthernetManager::Initialize()
 .text._ZN9ClearCore15EthernetManager13IrqHandlerPhyEv
                0x000073a8      0x378 C:\Users\user\Documents\repos\ClearCoreModbus\libClearCore\Debug\libClearCore.a(EthernetManager.o)
                0x000073a8                ClearCore::EthernetManager::IrqHandlerPhy()
 .text._ZN9ClearCore15EthernetManager14IrqHandlerGmacEv
                0x00007720       0x34 C:\Users\user\Documents\repos\ClearCoreModbus\libClearCore\Debug\libClearCore.a(EthernetManager.o)
                0x00007720                ClearCore::EthernetManager::IrqHandlerGmac()
 .text._ZN9ClearCore15EthernetManager7LocalIpEv
                0x00007754        0x8 C:\Users\user\Documents\repos\ClearCoreModbus\libClearCore\Debug\libClearCore.a(EthernetManager.o)
                0x00007754                ClearCore::EthernetManager::LocalIp()
 .text._ZN9ClearCore15EthernetManager7LocalIpENS_9IpAddressE
                0x0000775c       0x10 C:\Users\user\Documents\repos\ClearCoreModbus\libClearCore\Debug\libClearCore.a(EthernetManager.o)
                0x0000775c                ClearCore::EthernetManager::LocalIp(ClearCore::IpAddress)
 .text._ZN9ClearCore15EthernetManager9NetmaskIpENS_9IpAddressE
                0x0000776c       0x10 C:\Users\user\Documents\repos\ClearCoreModbus\libClearCore\Debug\libClearCore.a(EthernetManager.o)
                0x0000776c                ClearCore::EthernetManager::NetmaskIp(ClearCore::IpAddress)
 .text._ZN9ClearCore15EthernetManager9GatewayIpENS_9IpAddressE
                0x0000777c       0x10 C:\Users\user\Documents\repos\ClearCoreModbus\libClearCore\Debug\libClearCore.a(EthernetManager.o)
                0x0000777c                ClearCore::EthernetManager::GatewayIp(ClearCore::IpAddress)
 .text._ZN9ClearCore15EthernetManager5SetupEv
                0x0000778c       0x88 C:\Users\user\Documents\repos\ClearCoreModbus\libClearCore\Debug\libClearCore.a(EthernetManager.o)
                0x0000778c                ClearCore::EthernetManager::Setup()
 .text._ZN9ClearCore15EthernetManager7RefreshEv
                0x00007814       0xbc C:\Users\user\Documents\repos\ClearCoreModbus\libClearCore\Debug\libClearCore.a(EthernetManager.o)
                0x00007814                ClearCore::EthernetManager::Refresh()
 .text.startup._GLOBAL__sub_I__Z12PacketLengthP6ethInt
                0x000078d0       0x10 C:\Users\user\Documents\repos\ClearCoreModbus\libClearCore\Debug\libClearCore.a(EthernetManager.o)
 .text._ZN9ClearCore13ShiftRegisterC2Ev
                0x000078e0      0x124 C:\Users\user\Documents\repos\ClearCoreModbus\libClearCore\Debug\libClearCore.a(ShiftRegister.o)
                0x000078e0                ClearCore::ShiftRegister::ShiftRegister()
                0x000078e0                ClearCore::ShiftRegister::ShiftRegister()
 .text._ZN9ClearCore13ShiftRegister10InitializeEv
                0x00007a04      0x1a4 C:\Users\user\Documents\repos\ClearCoreModbus\libClearCore\Debug\libClearCore.a(ShiftRegister.o)
                0x00007a04                ClearCore::ShiftRegister::Initialize()
 .text._ZN9ClearCore13ShiftRegister6UpdateEv
                0x00007ba8      0x414 C:\Users\user\Documents\repos\ClearCoreModbus\libClearCore\Debug\libClearCore.a(ShiftRegister.o)
                0x00007ba8                ClearCore::ShiftRegister::Update()
 .text._ZN9ClearCore13ShiftRegister18DiagnosticLedSweepEv
                0x00007fbc      0x148 C:\Users\user\Documents\repos\ClearCoreModbus\libClearCore\Debug\libClearCore.a(ShiftRegister.o)
                0x00007fbc                ClearCore::ShiftRegister::DiagnosticLedSweep()
 .text._ZN9ClearCore12MotorManager8InstanceEv
                0x00008104       0x44 C:\Users\user\Documents\repos\ClearCoreModbus\libClearCore\Debug\libClearCore.a(MotorManager.o)
                0x00008104                ClearCore::MotorManager::Instance()
 .text._ZN9ClearCore12MotorManager18MotorInputClockingENS0_15MotorClockRatesE
                0x00008148      0x120 C:\Users\user\Documents\repos\ClearCoreModbus\libClearCore\Debug\libClearCore.a(MotorManager.o)
                0x00008148                ClearCore::MotorManager::MotorInputClocking(ClearCore::MotorManager::MotorClockRates)
 .text._ZN9ClearCore12MotorManager10InitializeEv
                0x00008268      0x10c C:\Users\user\Documents\repos\ClearCoreModbus\libClearCore\Debug\libClearCore.a(MotorManager.o)
                0x00008268                ClearCore::MotorManager::Initialize()
 .text.startup._GLOBAL__sub_I__ZN9ClearCore8MotorMgrE
                0x00008374       0x10 C:\Users\user\Documents\repos\ClearCoreModbus\libClearCore\Debug\libClearCore.a(MotorManager.o)
 .text._ZN9ClearCore13StepGenerator4MoveElNS0_10MoveTargetE
                0x00008384       0x74 C:\Users\user\Documents\repos\ClearCoreModbus\libClearCore\Debug\libClearCore.a(StepGenerator.o)
                0x00008384                ClearCore::StepGenerator::Move(long, ClearCore::StepGenerator::MoveTarget)
 .text._ZN9ClearCore13StepGenerator12MoveVelocityEl
                0x000083f8       0x94 C:\Users\user\Documents\repos\ClearCoreModbus\libClearCore\Debug\libClearCore.a(StepGenerator.o)
                0x000083f8                ClearCore::StepGenerator::MoveVelocity(long)
 .text._ZN9ClearCore13StepGenerator15StepsCalculatedEv
                0x0000848c      0x4ec C:\Users\user\Documents\repos\ClearCoreModbus\libClearCore\Debug\libClearCore.a(StepGenerator.o)
                0x0000848c                ClearCore::StepGenerator::StepsCalculated()
 .text._ZN9ClearCore13StepGeneratorC2Ev
                0x00008978       0x64 C:\Users\user\Documents\repos\ClearCoreModbus\libClearCore\Debug\libClearCore.a(StepGenerator.o)
                0x00008978                ClearCore::StepGenerator::StepGenerator()
                0x00008978                ClearCore::StepGenerator::StepGenerator()
 .text._ZN9ClearCore13StepGenerator14MoveStopAbruptEv
                0x000089dc       0x34 C:\Users\user\Documents\repos\ClearCoreModbus\libClearCore\Debug\libClearCore.a(StepGenerator.o)
                0x000089dc                ClearCore::StepGenerator::MoveStopAbrupt()
 .text._ZN9ClearCore13StepGenerator13MoveStopDecelEm
                0x00008a10       0x58 C:\Users\user\Documents\repos\ClearCoreModbus\libClearCore\Debug\libClearCore.a(StepGenerator.o)
                0x00008a10                ClearCore::StepGenerator::MoveStopDecel(unsigned long)
 .text._ZN9ClearCore13StepGenerator20StepsPerSampleMaxSetEm
                0x00008a68       0x68 C:\Users\user\Documents\repos\ClearCoreModbus\libClearCore\Debug\libClearCore.a(StepGenerator.o)
                0x00008a68                ClearCore::StepGenerator::StepsPerSampleMaxSet(unsigned long)
 .text._ZN9ClearCore13StepGenerator17CheckTravelLimitsEv
                0x00008ad0       0x80 C:\Users\user\Documents\repos\ClearCoreModbus\libClearCore\Debug\libClearCore.a(StepGenerator.o)
                0x00008ad0                ClearCore::StepGenerator::CheckTravelLimits()
 .text.SystemInit
                0x00008b50      0x2b0 C:\Users\user\Documents\repos\ClearCoreModbus\libClearCore\Debug\libClearCore.a(system_same53.o)
                0x00008b50                SystemInit
 .text.GClkFreqUpdate
                0x00008e00       0x44 C:\Users\user\Documents\repos\ClearCoreModbus\libClearCore\Debug\libClearCore.a(system_same53.o)
                0x00008e00                GClkFreqUpdate
 .text._ZN9ClearCore12EncoderInputC2Ev
                0x00008e44       0x54 C:\Users\user\Documents\repos\ClearCoreModbus\libClearCore\Debug\libClearCore.a(EncoderInput.o)
                0x00008e44                ClearCore::EncoderInput::EncoderInput()
                0x00008e44                ClearCore::EncoderInput::EncoderInput()
 .text._ZN9ClearCore12EncoderInput10InitializeEv
                0x00008e98       0x5c C:\Users\user\Documents\repos\ClearCoreModbus\libClearCore\Debug\libClearCore.a(EncoderInput.o)
                0x00008e98                ClearCore::EncoderInput::Initialize()
 .text._ZN9ClearCore12EncoderInput6UpdateEv
                0x00008ef4       0xbc C:\Users\user\Documents\repos\ClearCoreModbus\libClearCore\Debug\libClearCore.a(EncoderInput.o)
                0x00008ef4                ClearCore::EncoderInput::Update()
 .text._ZN9ClearCore10AdcManager8InstanceEv
                0x00008fb0       0x88 C:\Users\user\Documents\repos\ClearCoreModbus\libClearCore\Debug\libClearCore.a(AdcManager.o)
                0x00008fb0                ClearCore::AdcManager::Instance()
 .text._ZN9ClearCore10AdcManager10InitializeEv
                0x00009038      0x374 C:\Users\user\Documents\repos\ClearCoreModbus\libClearCore\Debug\libClearCore.a(AdcManager.o)
                0x00009038                ClearCore::AdcManager::Initialize()
 .text._ZN9ClearCore10AdcManager6UpdateEv
                0x000093ac      0x244 C:\Users\user\Documents\repos\ClearCoreModbus\libClearCore\Debug\libClearCore.a(AdcManager.o)
                0x000093ac                ClearCore::AdcManager::Update()
 .text._ZN9ClearCore10AdcManager8FilterTcENS0_11AdcChannelsEtNS0_11FilterUnitsE
                0x000095f0       0x9c C:\Users\user\Documents\repos\ClearCoreModbus\libClearCore\Debug\libClearCore.a(AdcManager.o)
                0x000095f0                ClearCore::AdcManager::FilterTc(ClearCore::AdcManager::AdcChannels, unsigned short, ClearCore::AdcManager::FilterUnits)
 .text.startup._GLOBAL__sub_I__ZN9ClearCore6AdcMgrE
                0x0000968c       0x4c C:\Users\user\Documents\repos\ClearCoreModbus\libClearCore\Debug\libClearCore.a(AdcManager.o)
 .text._ZN9ClearCore9DigitalIn17ExternalInterruptEv
                0x000096d8        0x8 C:\Users\user\Documents\repos\ClearCoreModbus\libClearCore\Debug\libClearCore.a(DigitalInOutAnalogOut.o)
                0x000096d8                ClearCore::DigitalIn::ExternalInterrupt()
 .text._ZN9ClearCore12DigitalInOut11IsInHwFaultEv
                0x000096e0        0x8 C:\Users\user\Documents\repos\ClearCoreModbus\libClearCore\Debug\libClearCore.a(DigitalInOutAnalogOut.o)
                0x000096e0                ClearCore::DigitalInOut::IsInHwFault()
 .text._ZN9ClearCore21DigitalInOutAnalogOut4ModeEv
                0x000096e8        0x4 C:\Users\user\Documents\repos\ClearCoreModbus\libClearCore\Debug\libClearCore.a(DigitalInOutAnalogOut.o)
                0x000096e8                ClearCore::DigitalInOutAnalogOut::Mode()
 .text._ZN9ClearCore21DigitalInOutAnalogOut4TypeEv
                0x000096ec        0x4 C:\Users\user\Documents\repos\ClearCoreModbus\libClearCore\Debug\libClearCore.a(DigitalInOutAnalogOut.o)
                0x000096ec                ClearCore::DigitalInOutAnalogOut::Type()
 .text._ZN9ClearCore21DigitalInOutAnalogOut10IsWritableEv
                0x000096f0       0x14 C:\Users\user\Documents\repos\ClearCoreModbus\libClearCore\Debug\libClearCore.a(DigitalInOutAnalogOut.o)
                0x000096f0                ClearCore::DigitalInOutAnalogOut::IsWritable()
 .text._ZN9ClearCore21DigitalInOutAnalogOutC2ENS_13ShiftRegister5MasksEPK15PeripheralRouteS5_S5_b
                0x00009704       0x34 C:\Users\user\Documents\repos\ClearCoreModbus\libClearCore\Debug\libClearCore.a(DigitalInOutAnalogOut.o)
                0x00009704                ClearCore::DigitalInOutAnalogOut::DigitalInOutAnalogOut(ClearCore::ShiftRegister::Masks, PeripheralRoute const*, PeripheralRoute const*, PeripheralRoute const*, bool)
                0x00009704                ClearCore::DigitalInOutAnalogOut::DigitalInOutAnalogOut(ClearCore::ShiftRegister::Masks, PeripheralRoute const*, PeripheralRoute const*, PeripheralRoute const*, bool)
 .text._ZN9ClearCore21DigitalInOutAnalogOut13DacInitializeEv
                0x00009738      0x100 C:\Users\user\Documents\repos\ClearCoreModbus\libClearCore\Debug\libClearCore.a(DigitalInOutAnalogOut.o)
                0x00009738                ClearCore::DigitalInOutAnalogOut::DacInitialize()
 .text._ZN9ClearCore21DigitalInOutAnalogOut9DacEnableEv
                0x00009838       0xc8 C:\Users\user\Documents\repos\ClearCoreModbus\libClearCore\Debug\libClearCore.a(DigitalInOutAnalogOut.o)
                0x00009838                ClearCore::DigitalInOutAnalogOut::DacEnable()
 .text._ZN9ClearCore21DigitalInOutAnalogOut7RefreshEv
                0x00009900       0x18 C:\Users\user\Documents\repos\ClearCoreModbus\libClearCore\Debug\libClearCore.a(DigitalInOutAnalogOut.o)
                0x00009900                ClearCore::DigitalInOutAnalogOut::Refresh()
 .text._ZN9ClearCore21DigitalInOutAnalogOut4ModeENS_9Connector14ConnectorModesE
                0x00009918       0xf8 C:\Users\user\Documents\repos\ClearCoreModbus\libClearCore\Debug\libClearCore.a(DigitalInOutAnalogOut.o)
                0x00009918                ClearCore::DigitalInOutAnalogOut::Mode(ClearCore::Connector::ConnectorModes)
 .text._ZN9ClearCore21DigitalInOutAnalogOut5StateEv
                0x00009a10       0x1c C:\Users\user\Documents\repos\ClearCoreModbus\libClearCore\Debug\libClearCore.a(DigitalInOutAnalogOut.o)
                0x00009a10                ClearCore::DigitalInOutAnalogOut::State()
 .text._ZN9ClearCore21DigitalInOutAnalogOut5StateEs
                0x00009a2c       0x9c C:\Users\user\Documents\repos\ClearCoreModbus\libClearCore\Debug\libClearCore.a(DigitalInOutAnalogOut.o)
                0x00009a2c                ClearCore::DigitalInOutAnalogOut::State(short)
 .text._ZN9ClearCore21DigitalInOutAnalogOut10InitializeE13ClearCorePins
                0x00009ac8       0xa0 C:\Users\user\Documents\repos\ClearCoreModbus\libClearCore\Debug\libClearCore.a(DigitalInOutAnalogOut.o)
                0x00009ac8                ClearCore::DigitalInOutAnalogOut::Initialize(ClearCorePins)
 .text._ZN9ClearCore9DigitalIn11IsInHwFaultEv
                0x00009b68        0x4 C:\Users\user\Documents\repos\ClearCoreModbus\libClearCore\Debug\libClearCore.a(DigitalInAnalogIn.o)
                0x00009b68                ClearCore::DigitalIn::IsInHwFault()
 .text._ZN9ClearCore17DigitalInAnalogIn4ModeEv
                0x00009b6c        0x4 C:\Users\user\Documents\repos\ClearCoreModbus\libClearCore\Debug\libClearCore.a(DigitalInAnalogIn.o)
                0x00009b6c                ClearCore::DigitalInAnalogIn::Mode()
 .text._ZN9ClearCore17DigitalInAnalogIn4TypeEv
                0x00009b70        0x4 C:\Users\user\Documents\repos\ClearCoreModbus\libClearCore\Debug\libClearCore.a(DigitalInAnalogIn.o)
                0x00009b70                ClearCore::DigitalInAnalogIn::Type()
 .text._ZN9ClearCore17DigitalInAnalogIn10IsWritableEv
                0x00009b74        0x4 C:\Users\user\Documents\repos\ClearCoreModbus\libClearCore\Debug\libClearCore.a(DigitalInAnalogIn.o)
                0x00009b74                ClearCore::DigitalInAnalogIn::IsWritable()
 .text._ZN9ClearCore17DigitalInAnalogIn5StateEs
                0x00009b78        0x4 C:\Users\user\Documents\repos\ClearCoreModbus\libClearCore\Debug\libClearCore.a(DigitalInAnalogIn.o)
                0x00009b78                ClearCore::DigitalInAnalogIn::State(short)
 .text._ZN9ClearCore17DigitalInAnalogIn4ModeENS_9Connector14ConnectorModesE
                0x00009b7c       0xfc C:\Users\user\Documents\repos\ClearCoreModbus\libClearCore\Debug\libClearCore.a(DigitalInAnalogIn.o)
                0x00009b7c                ClearCore::DigitalInAnalogIn::Mode(ClearCore::Connector::ConnectorModes)
 .text._ZN9ClearCore17DigitalInAnalogInC2ENS_13ShiftRegister5MasksES2_PK15PeripheralRouteNS_10AdcManager11AdcChannelsE
                0x00009c78       0x2c C:\Users\user\Documents\repos\ClearCoreModbus\libClearCore\Debug\libClearCore.a(DigitalInAnalogIn.o)
                0x00009c78                ClearCore::DigitalInAnalogIn::DigitalInAnalogIn(ClearCore::ShiftRegister::Masks, ClearCore::ShiftRegister::Masks, PeripheralRoute const*, ClearCore::AdcManager::AdcChannels)
                0x00009c78                ClearCore::DigitalInAnalogIn::DigitalInAnalogIn(ClearCore::ShiftRegister::Masks, ClearCore::ShiftRegister::Masks, PeripheralRoute const*, ClearCore::AdcManager::AdcChannels)
 .text._ZN9ClearCore17DigitalInAnalogIn7RefreshEv
                0x00009ca4       0x78 C:\Users\user\Documents\repos\ClearCoreModbus\libClearCore\Debug\libClearCore.a(DigitalInAnalogIn.o)
                0x00009ca4                ClearCore::DigitalInAnalogIn::Refresh()
 .text._ZN9ClearCore17DigitalInAnalogIn10InitializeE13ClearCorePins
                0x00009d1c       0xb4 C:\Users\user\Documents\repos\ClearCoreModbus\libClearCore\Debug\libClearCore.a(DigitalInAnalogIn.o)
                0x00009d1c                ClearCore::DigitalInAnalogIn::Initialize(ClearCorePins)
 .text._ZN9ClearCore17DigitalInAnalogIn5StateEv
                0x00009dd0       0x48 C:\Users\user\Documents\repos\ClearCoreModbus\libClearCore\Debug\libClearCore.a(DigitalInAnalogIn.o)
                0x00009dd0                ClearCore::DigitalInAnalogIn::State()
 .text._ZN9ClearCore12DigitalInOut4ModeEv
                0x00009e18        0x4 C:\Users\user\Documents\repos\ClearCoreModbus\libClearCore\Debug\libClearCore.a(DigitalInOut.o)
                0x00009e18                ClearCore::DigitalInOut::Mode()
 .text._ZN9ClearCore12DigitalInOut4TypeEv
                0x00009e1c        0x4 C:\Users\user\Documents\repos\ClearCoreModbus\libClearCore\Debug\libClearCore.a(DigitalInOut.o)
                0x00009e1c                ClearCore::DigitalInOut::Type()
 .text._ZN9ClearCore12DigitalInOut10IsWritableEv
                0x00009e20       0x14 C:\Users\user\Documents\repos\ClearCoreModbus\libClearCore\Debug\libClearCore.a(DigitalInOut.o)
                0x00009e20                ClearCore::DigitalInOut::IsWritable()
 .text._ZN9ClearCore12DigitalInOut5StateEs
                0x00009e34       0xb8 C:\Users\user\Documents\repos\ClearCoreModbus\libClearCore\Debug\libClearCore.a(DigitalInOut.o)
                0x00009e34                ClearCore::DigitalInOut::State(short)
 .text._ZN9ClearCore12DigitalInOut4ModeENS_9Connector14ConnectorModesE
                0x00009eec      0x224 C:\Users\user\Documents\repos\ClearCoreModbus\libClearCore\Debug\libClearCore.a(DigitalInOut.o)
                0x00009eec                ClearCore::DigitalInOut::Mode(ClearCore::Connector::ConnectorModes)
 .text._ZN9ClearCore12DigitalInOutC2ENS_13ShiftRegister5MasksEPK15PeripheralRouteS5_b
                0x0000a110       0x6c C:\Users\user\Documents\repos\ClearCoreModbus\libClearCore\Debug\libClearCore.a(DigitalInOut.o)
                0x0000a110                ClearCore::DigitalInOut::DigitalInOut(ClearCore::ShiftRegister::Masks, PeripheralRoute const*, PeripheralRoute const*, bool)
                0x0000a110                ClearCore::DigitalInOut::DigitalInOut(ClearCore::ShiftRegister::Masks, PeripheralRoute const*, PeripheralRoute const*, bool)
 .text._ZN9ClearCore12DigitalInOut7RefreshEv
                0x0000a17c      0x20c C:\Users\user\Documents\repos\ClearCoreModbus\libClearCore\Debug\libClearCore.a(DigitalInOut.o)
                0x0000a17c                ClearCore::DigitalInOut::Refresh()
 .text._ZN9ClearCore12DigitalInOut5StateEv
                0x0000a388       0x40 C:\Users\user\Documents\repos\ClearCoreModbus\libClearCore\Debug\libClearCore.a(DigitalInOut.o)
                0x0000a388                ClearCore::DigitalInOut::State()
 .text._ZN9ClearCore12DigitalInOut10InitializeE13ClearCorePins
                0x0000a3c8       0x74 C:\Users\user\Documents\repos\ClearCoreModbus\libClearCore\Debug\libClearCore.a(DigitalInOut.o)
                0x0000a3c8                ClearCore::DigitalInOut::Initialize(ClearCorePins)
 .text._ZN9ClearCore9Connector4ModeEv
                0x0000a43c        0x4 C:\Users\user\Documents\repos\ClearCoreModbus\libClearCore\Debug\libClearCore.a(DigitalIn.o)
                0x0000a43c                ClearCore::Connector::Mode()
 .text._ZN9ClearCore9Connector17ExternalInterruptEv
                0x0000a440        0x8 C:\Users\user\Documents\repos\ClearCoreModbus\libClearCore\Debug\libClearCore.a(DigitalIn.o)
                0x0000a440                ClearCore::Connector::ExternalInterrupt()
 .text._ZN9ClearCore9DigitalIn4ModeEv
                0x0000a448        0x4 C:\Users\user\Documents\repos\ClearCoreModbus\libClearCore\Debug\libClearCore.a(DigitalIn.o)
                0x0000a448                ClearCore::DigitalIn::Mode()
 .text._ZN9ClearCore9DigitalIn4ModeENS_9Connector14ConnectorModesE
                0x0000a44c        0xc C:\Users\user\Documents\repos\ClearCoreModbus\libClearCore\Debug\libClearCore.a(DigitalIn.o)
                0x0000a44c                ClearCore::DigitalIn::Mode(ClearCore::Connector::ConnectorModes)
 .text._ZN9ClearCore9DigitalIn4TypeEv
                0x0000a458        0x4 C:\Users\user\Documents\repos\ClearCoreModbus\libClearCore\Debug\libClearCore.a(DigitalIn.o)
                0x0000a458                ClearCore::DigitalIn::Type()
 .text._ZN9ClearCore9DigitalIn10IsWritableEv
                0x0000a45c        0x4 C:\Users\user\Documents\repos\ClearCoreModbus\libClearCore\Debug\libClearCore.a(DigitalIn.o)
                0x0000a45c                ClearCore::DigitalIn::IsWritable()
 .text._ZN9ClearCore9DigitalIn5StateEs
                0x0000a460        0x4 C:\Users\user\Documents\repos\ClearCoreModbus\libClearCore\Debug\libClearCore.a(DigitalIn.o)
                0x0000a460                ClearCore::DigitalIn::State(short)
 .text._ZN9ClearCore9DigitalIn5StateEv
                0x0000a464       0x28 C:\Users\user\Documents\repos\ClearCoreModbus\libClearCore\Debug\libClearCore.a(DigitalIn.o)
                0x0000a464                ClearCore::DigitalIn::State()
 .text._ZN9ClearCore9DigitalIn10InitializeE13ClearCorePins
                0x0000a48c       0xcc C:\Users\user\Documents\repos\ClearCoreModbus\libClearCore\Debug\libClearCore.a(DigitalIn.o)
                0x0000a48c                ClearCore::DigitalIn::Initialize(ClearCorePins)
 .text._ZN9ClearCore9DigitalIn7RefreshEv
                0x0000a558      0x14c C:\Users\user\Documents\repos\ClearCoreModbus\libClearCore\Debug\libClearCore.a(DigitalIn.o)
                0x0000a558                ClearCore::DigitalIn::Refresh()
 .text._ZN9ClearCore9ConnectorC2Ev
                0x0000a6a4       0x14 C:\Users\user\Documents\repos\ClearCoreModbus\libClearCore\Debug\libClearCore.a(DigitalIn.o)
                0x0000a6a4                ClearCore::Connector::Connector()
                0x0000a6a4                ClearCore::Connector::Connector()
 .text._ZN9ClearCore9DigitalInC2ENS_13ShiftRegister5MasksEPK15PeripheralRoute
                0x0000a6b8       0x48 C:\Users\user\Documents\repos\ClearCoreModbus\libClearCore\Debug\libClearCore.a(DigitalIn.o)
                0x0000a6b8                ClearCore::DigitalIn::DigitalIn(ClearCore::ShiftRegister::Masks, PeripheralRoute const*)
                0x0000a6b8                ClearCore::DigitalIn::DigitalIn(ClearCore::ShiftRegister::Masks, PeripheralRoute const*)
 .text._ZN9ClearCore9DigitalIn7StateRTEv
                0x0000a700       0x1c C:\Users\user\Documents\repos\ClearCoreModbus\libClearCore\Debug\libClearCore.a(DigitalIn.o)
                0x0000a700                ClearCore::DigitalIn::StateRT()
 .text._ZN9ClearCore9DigitalIn17UpdateFilterStateEv
                0x0000a71c       0x9c C:\Users\user\Documents\repos\ClearCoreModbus\libClearCore\Debug\libClearCore.a(DigitalIn.o)
                0x0000a71c                ClearCore::DigitalIn::UpdateFilterState()
 .text._ZN9ClearCore19DigitalInOutHBridge4ModeEv
                0x0000a7b8        0x4 C:\Users\user\Documents\repos\ClearCoreModbus\libClearCore\Debug\libClearCore.a(DigitalInOutHBridge.o)
                0x0000a7b8                ClearCore::DigitalInOutHBridge::Mode()
 .text._ZN9ClearCore19DigitalInOutHBridge4TypeEv
                0x0000a7bc        0x4 C:\Users\user\Documents\repos\ClearCoreModbus\libClearCore\Debug\libClearCore.a(DigitalInOutHBridge.o)
                0x0000a7bc                ClearCore::DigitalInOutHBridge::Type()
 .text._ZN9ClearCore19DigitalInOutHBridge10IsWritableEv
                0x0000a7c0       0x10 C:\Users\user\Documents\repos\ClearCoreModbus\libClearCore\Debug\libClearCore.a(DigitalInOutHBridge.o)
                0x0000a7c0                ClearCore::DigitalInOutHBridge::IsWritable()
 .text._ZN9ClearCore19DigitalInOutHBridgeC2ENS_13ShiftRegister5MasksEPK15PeripheralRouteS5_S5_S5_4IRQnb
                0x0000a7d0       0x60 C:\Users\user\Documents\repos\ClearCoreModbus\libClearCore\Debug\libClearCore.a(DigitalInOutHBridge.o)
                0x0000a7d0                ClearCore::DigitalInOutHBridge::DigitalInOutHBridge(ClearCore::ShiftRegister::Masks, PeripheralRoute const*, PeripheralRoute const*, PeripheralRoute const*, PeripheralRoute const*, IRQn, bool)
                0x0000a7d0                ClearCore::DigitalInOutHBridge::DigitalInOutHBridge(ClearCore::ShiftRegister::Masks, PeripheralRoute const*, PeripheralRoute const*, PeripheralRoute const*, PeripheralRoute const*, IRQn, bool)
 .text._ZN9ClearCore19DigitalInOutHBridge10FaultStateEb
                0x0000a830       0x54 C:\Users\user\Documents\repos\ClearCoreModbus\libClearCore\Debug\libClearCore.a(DigitalInOutHBridge.o)
                0x0000a830                ClearCore::DigitalInOutHBridge::FaultState(bool)
 .text._ZN9ClearCore19DigitalInOutHBridge5StateEv
                0x0000a884       0x3c C:\Users\user\Documents\repos\ClearCoreModbus\libClearCore\Debug\libClearCore.a(DigitalInOutHBridge.o)
                0x0000a884                ClearCore::DigitalInOutHBridge::State()
 .text._ZN9ClearCore19DigitalInOutHBridge5StateEs
                0x0000a8c0       0x70 C:\Users\user\Documents\repos\ClearCoreModbus\libClearCore\Debug\libClearCore.a(DigitalInOutHBridge.o)
                0x0000a8c0                ClearCore::DigitalInOutHBridge::State(short)
 .text._ZN9ClearCore19DigitalInOutHBridge10ToneUpdateEv
                0x0000a930      0x144 C:\Users\user\Documents\repos\ClearCoreModbus\libClearCore\Debug\libClearCore.a(DigitalInOutHBridge.o)
                0x0000a930                ClearCore::DigitalInOutHBridge::ToneUpdate()
 .text._ZN9ClearCore19DigitalInOutHBridge7RefreshEv
                0x0000aa74      0x114 C:\Users\user\Documents\repos\ClearCoreModbus\libClearCore\Debug\libClearCore.a(DigitalInOutHBridge.o)
                0x0000aa74                ClearCore::DigitalInOutHBridge::Refresh()
 .text._ZN9ClearCore19DigitalInOutHBridge10InitializeE13ClearCorePins
                0x0000ab88       0xc8 C:\Users\user\Documents\repos\ClearCoreModbus\libClearCore\Debug\libClearCore.a(DigitalInOutHBridge.o)
                0x0000ab88                ClearCore::DigitalInOutHBridge::Initialize(ClearCorePins)
 .text._ZN9ClearCore19DigitalInOutHBridge4ModeENS_9Connector14ConnectorModesE
                0x0000ac50      0x1a4 C:\Users\user\Documents\repos\ClearCoreModbus\libClearCore\Debug\libClearCore.a(DigitalInOutHBridge.o)
                0x0000ac50                ClearCore::DigitalInOutHBridge::Mode(ClearCore::Connector::ConnectorModes)
 .text._ZN9ClearCore10DmaManager8InstanceEv
                0x0000adf4       0x28 C:\Users\user\Documents\repos\ClearCoreModbus\libClearCore\Debug\libClearCore.a(DmaManager.o)
                0x0000adf4                ClearCore::DmaManager::Instance()
 .text._ZN9ClearCore10DmaManager10InitializeEv
                0x0000ae1c       0x64 C:\Users\user\Documents\repos\ClearCoreModbus\libClearCore\Debug\libClearCore.a(DmaManager.o)
                0x0000ae1c                ClearCore::DmaManager::Initialize()
 .text._ZN9ClearCore10DmaManager7ChannelENS_11DmaChannelsE
                0x0000ae80       0x14 C:\Users\user\Documents\repos\ClearCoreModbus\libClearCore\Debug\libClearCore.a(DmaManager.o)
                0x0000ae80                ClearCore::DmaManager::Channel(ClearCore::DmaChannels)
 .text._ZN9ClearCore10DmaManager14BaseDescriptorENS_11DmaChannelsE
                0x0000ae94       0x14 C:\Users\user\Documents\repos\ClearCoreModbus\libClearCore\Debug\libClearCore.a(DmaManager.o)
                0x0000ae94                ClearCore::DmaManager::BaseDescriptor(ClearCore::DmaChannels)
 .text.startup._GLOBAL__sub_I__ZN9ClearCore10DmaManager19writeBackDescriptorE
                0x0000aea8       0x10 C:\Users\user\Documents\repos\ClearCoreModbus\libClearCore\Debug\libClearCore.a(DmaManager.o)
 .text._ZN9ClearCore16CcioBoardManager12CcioDiscoverEPNS_12SerialDriverE.part.1
                0x0000aeb8      0x488 C:\Users\user\Documents\repos\ClearCoreModbus\libClearCore\Debug\libClearCore.a(CcioBoardManager.o)
 .text._ZN9ClearCore16CcioBoardManager8InstanceEv
                0x0000b340      0x118 C:\Users\user\Documents\repos\ClearCoreModbus\libClearCore\Debug\libClearCore.a(CcioBoardManager.o)
                0x0000b340                ClearCore::CcioBoardManager::Instance()
 .text._ZN9ClearCore16CcioBoardManager10InitializeEv
                0x0000b458       0xb8 C:\Users\user\Documents\repos\ClearCoreModbus\libClearCore\Debug\libClearCore.a(CcioBoardManager.o)
                0x0000b458                ClearCore::CcioBoardManager::Initialize()
 .text._ZN9ClearCore16CcioBoardManager8PinStateE13ClearCorePins
                0x0000b510       0x30 C:\Users\user\Documents\repos\ClearCoreModbus\libClearCore\Debug\libClearCore.a(CcioBoardManager.o)
                0x0000b510                ClearCore::CcioBoardManager::PinState(ClearCorePins)
 .text._ZN9ClearCore16CcioBoardManager7RefreshEv
                0x0000b540      0x5c4 C:\Users\user\Documents\repos\ClearCoreModbus\libClearCore\Debug\libClearCore.a(CcioBoardManager.o)
                0x0000b540                ClearCore::CcioBoardManager::Refresh()
 .text._ZN9ClearCore16CcioBoardManager11RefreshSlowEv
                0x0000bb04       0x3c C:\Users\user\Documents\repos\ClearCoreModbus\libClearCore\Debug\libClearCore.a(CcioBoardManager.o)
                0x0000bb04                ClearCore::CcioBoardManager::RefreshSlow()
 .text._ZN9ClearCore16CcioBoardManager9LinkCloseEv
                0x0000bb40       0x40 C:\Users\user\Documents\repos\ClearCoreModbus\libClearCore\Debug\libClearCore.a(CcioBoardManager.o)
                0x0000bb40                ClearCore::CcioBoardManager::LinkClose()
 .text._ZN9ClearCore16CcioBoardManager12CcioDiscoverEPNS_12SerialDriverE
                0x0000bb80       0x38 C:\Users\user\Documents\repos\ClearCoreModbus\libClearCore\Debug\libClearCore.a(CcioBoardManager.o)
                0x0000bb80                ClearCore::CcioBoardManager::CcioDiscover(ClearCore::SerialDriver*)
 .text._ZN9ClearCore16CcioBoardManager10PinByIndexE13ClearCorePins
                0x0000bbb8       0x18 C:\Users\user\Documents\repos\ClearCoreModbus\libClearCore\Debug\libClearCore.a(CcioBoardManager.o)
                0x0000bbb8                ClearCore::CcioBoardManager::PinByIndex(ClearCorePins)
 .text.startup._GLOBAL__sub_I__ZN9ClearCore7CcioMgrE
                0x0000bbd0       0x10 C:\Users\user\Documents\repos\ClearCoreModbus\libClearCore\Debug\libClearCore.a(CcioBoardManager.o)
 .text._ZN9ClearCore7CcioPin4ModeEv
                0x0000bbe0        0x4 C:\Users\user\Documents\repos\ClearCoreModbus\libClearCore\Debug\libClearCore.a(CcioPin.o)
                0x0000bbe0                ClearCore::CcioPin::Mode()
 .text._ZN9ClearCore7CcioPin4TypeEv
                0x0000bbe4        0x4 C:\Users\user\Documents\repos\ClearCoreModbus\libClearCore\Debug\libClearCore.a(CcioPin.o)
                0x0000bbe4                ClearCore::CcioPin::Type()
 .text._ZN9ClearCore7CcioPin10IsWritableEv
                0x0000bbe8       0x10 C:\Users\user\Documents\repos\ClearCoreModbus\libClearCore\Debug\libClearCore.a(CcioPin.o)
                0x0000bbe8                ClearCore::CcioPin::IsWritable()
 .text._ZN9ClearCore7CcioPin7RefreshEv
                0x0000bbf8        0x4 C:\Users\user\Documents\repos\ClearCoreModbus\libClearCore\Debug\libClearCore.a(CcioPin.o)
                0x0000bbf8                ClearCore::CcioPin::Refresh()
 .text._ZN9ClearCore7CcioPin10InitializeE13ClearCorePins
                0x0000bbfc       0x40 C:\Users\user\Documents\repos\ClearCoreModbus\libClearCore\Debug\libClearCore.a(CcioPin.o)
                0x0000bbfc                ClearCore::CcioPin::Initialize(ClearCorePins)
 .text._ZN9ClearCore7CcioPin4ModeENS_9Connector14ConnectorModesE
                0x0000bc3c       0x70 C:\Users\user\Documents\repos\ClearCoreModbus\libClearCore\Debug\libClearCore.a(CcioPin.o)
                0x0000bc3c                ClearCore::CcioPin::Mode(ClearCore::Connector::ConnectorModes)
 .text._ZN9ClearCore7CcioPin5StateEv
                0x0000bcac       0x3c C:\Users\user\Documents\repos\ClearCoreModbus\libClearCore\Debug\libClearCore.a(CcioPin.o)
                0x0000bcac                ClearCore::CcioPin::State()
 .text._ZN9ClearCore7CcioPin11IsInHwFaultEv
                0x0000bce8       0x20 C:\Users\user\Documents\repos\ClearCoreModbus\libClearCore\Debug\libClearCore.a(CcioPin.o)
                0x0000bce8                ClearCore::CcioPin::IsInHwFault()
 .text._ZN9ClearCore7CcioPin5StateEs
                0x0000bd08       0x48 C:\Users\user\Documents\repos\ClearCoreModbus\libClearCore\Debug\libClearCore.a(CcioPin.o)
                0x0000bd08                ClearCore::CcioPin::State(short)
 .text._ZN9ClearCore7CcioPinC2Ev
                0x0000bd50       0x34 C:\Users\user\Documents\repos\ClearCoreModbus\libClearCore\Debug\libClearCore.a(CcioPin.o)
                0x0000bd50                ClearCore::CcioPin::CcioPin()
                0x0000bd50                ClearCore::CcioPin::CcioPin()
 .text._ZN9ClearCore12InputManager8InstanceEv
                0x0000bd84       0x5c C:\Users\user\Documents\repos\ClearCoreModbus\libClearCore\Debug\libClearCore.a(InputManager.o)
                0x0000bd84                ClearCore::InputManager::Instance()
 .text._ZN9ClearCore12InputManager10InitializeEv
                0x0000bde0       0x18 C:\Users\user\Documents\repos\ClearCoreModbus\libClearCore\Debug\libClearCore.a(InputManager.o)
                0x0000bde0                ClearCore::InputManager::Initialize()
 .text._ZN9ClearCore12InputManager15InterruptEnableEabb
                0x0000bdf8       0x78 C:\Users\user\Documents\repos\ClearCoreModbus\libClearCore\Debug\libClearCore.a(InputManager.o)
                0x0000bdf8                ClearCore::InputManager::InterruptEnable(signed char, bool, bool)
 .text._ZN9ClearCore12InputManager11EIC_HandlerEh
                0x0000be70       0x5c C:\Users\user\Documents\repos\ClearCoreModbus\libClearCore\Debug\libClearCore.a(InputManager.o)
                0x0000be70                ClearCore::InputManager::EIC_Handler(unsigned char)
 .text._ZN9ClearCore12InputManager11UpdateBeginEv
                0x0000becc       0x28 C:\Users\user\Documents\repos\ClearCoreModbus\libClearCore\Debug\libClearCore.a(InputManager.o)
                0x0000becc                ClearCore::InputManager::UpdateBegin()
 .text._ZN9ClearCore12InputManager9UpdateEndEv
                0x0000bef4       0x54 C:\Users\user\Documents\repos\ClearCoreModbus\libClearCore\Debug\libClearCore.a(InputManager.o)
                0x0000bef4                ClearCore::InputManager::UpdateEnd()
 .text.startup._GLOBAL__sub_I__ZN9ClearCore8InputMgrE
                0x0000bf48       0x10 C:\Users\user\Documents\repos\ClearCoreModbus\libClearCore\Debug\libClearCore.a(InputManager.o)
 .text._ZN9ClearCore11MotorDriver4TypeEv
                0x0000bf58        0x4 C:\Users\user\Documents\repos\ClearCoreModbus\libClearCore\Debug\libClearCore.a(MotorDriver.o)
                0x0000bf58                ClearCore::MotorDriver::Type()
 .text._ZN9ClearCore11MotorDriver10IsWritableEv
                0x0000bf5c        0x4 C:\Users\user\Documents\repos\ClearCoreModbus\libClearCore\Debug\libClearCore.a(MotorDriver.o)
                0x0000bf5c                ClearCore::MotorDriver::IsWritable()
 .text._ZN9ClearCore11MotorDriver11IsInHwFaultEv
                0x0000bf60        0x8 C:\Users\user\Documents\repos\ClearCoreModbus\libClearCore\Debug\libClearCore.a(MotorDriver.o)
                0x0000bf60                ClearCore::MotorDriver::IsInHwFault()
 .text._ZN9ClearCore11MotorDriver4ModeEv
                0x0000bf68        0x4 C:\Users\user\Documents\repos\ClearCoreModbus\libClearCore\Debug\libClearCore.a(MotorDriver.o)
                0x0000bf68                ClearCore::MotorDriver::Mode()
 .text._ZN9ClearCore11MotorDriver4ModeENS_9Connector14ConnectorModesE
                0x0000bf6c      0x164 C:\Users\user\Documents\repos\ClearCoreModbus\libClearCore\Debug\libClearCore.a(MotorDriver.o)
                0x0000bf6c                ClearCore::MotorDriver::Mode(ClearCore::Connector::ConnectorModes)
 .text._ZN9ClearCore11MotorDriver15OutputDirectionEv
                0x0000c0d0       0x58 C:\Users\user\Documents\repos\ClearCoreModbus\libClearCore\Debug\libClearCore.a(MotorDriver.o)
                0x0000c0d0                ClearCore::MotorDriver::OutputDirection()
                0x0000c120                non-virtual thunk to ClearCore::MotorDriver::OutputDirection()
 .text._ZN9ClearCore11MotorDriverC2ENS_13ShiftRegister5MasksEPK15PeripheralRouteS5_S5_tt
                0x0000c128      0x1a8 C:\Users\user\Documents\repos\ClearCoreModbus\libClearCore\Debug\libClearCore.a(MotorDriver.o)
                0x0000c128                ClearCore::MotorDriver::MotorDriver(ClearCore::ShiftRegister::Masks, PeripheralRoute const*, PeripheralRoute const*, PeripheralRoute const*, unsigned short, unsigned short)
                0x0000c128                ClearCore::MotorDriver::MotorDriver(ClearCore::ShiftRegister::Masks, PeripheralRoute const*, PeripheralRoute const*, PeripheralRoute const*, unsigned short, unsigned short)
 .text._ZN9ClearCore11MotorDriver13EnableRequestEb
                0x0000c2d0      0x124 C:\Users\user\Documents\repos\ClearCoreModbus\libClearCore\Debug\libClearCore.a(MotorDriver.o)
                0x0000c2d0                ClearCore::MotorDriver::EnableRequest(bool)
 .text._ZN9ClearCore11MotorDriver11RefreshSlowEv
                0x0000c3f4       0xe8 C:\Users\user\Documents\repos\ClearCoreModbus\libClearCore\Debug\libClearCore.a(MotorDriver.o)
                0x0000c3f4                ClearCore::MotorDriver::RefreshSlow()
 .text._ZN9ClearCore11MotorDriver10FaultStateEb
                0x0000c4dc       0xf8 C:\Users\user\Documents\repos\ClearCoreModbus\libClearCore\Debug\libClearCore.a(MotorDriver.o)
                0x0000c4dc                ClearCore::MotorDriver::FaultState(bool)
 *fill*         0x0000c5d4        0x4 
 .text._ZN9ClearCore11MotorDriver7RefreshEv
                0x0000c5d8      0x65c C:\Users\user\Documents\repos\ClearCoreModbus\libClearCore\Debug\libClearCore.a(MotorDriver.o)
                0x0000c5d8                ClearCore::MotorDriver::Refresh()
 .text._ZN9ClearCore11MotorDriver4MoveElNS_13StepGenerator10MoveTargetE
                0x0000cc34       0xf0 C:\Users\user\Documents\repos\ClearCoreModbus\libClearCore\Debug\libClearCore.a(MotorDriver.o)
                0x0000cc34                ClearCore::MotorDriver::Move(long, ClearCore::StepGenerator::MoveTarget)
 .text._ZThn48_N9ClearCore11MotorDriver4MoveElNS_13StepGenerator10MoveTargetE
                0x0000cd24        0x8 C:\Users\user\Documents\repos\ClearCoreModbus\libClearCore\Debug\libClearCore.a(MotorDriver.o)
                0x0000cd24                non-virtual thunk to ClearCore::MotorDriver::Move(long, ClearCore::StepGenerator::MoveTarget)
 .text._ZN9ClearCore11MotorDriver12MoveVelocityEl
                0x0000cd2c       0xd8 C:\Users\user\Documents\repos\ClearCoreModbus\libClearCore\Debug\libClearCore.a(MotorDriver.o)
                0x0000cd2c                ClearCore::MotorDriver::MoveVelocity(long)
 .text._ZThn48_N9ClearCore11MotorDriver12MoveVelocityEl
                0x0000ce04        0x8 C:\Users\user\Documents\repos\ClearCoreModbus\libClearCore\Debug\libClearCore.a(MotorDriver.o)
                0x0000ce04                non-virtual thunk to ClearCore::MotorDriver::MoveVelocity(long)
 .text._ZN9ClearCore11MotorDriver10InitializeE13ClearCorePins
                0x0000ce0c      0x314 C:\Users\user\Documents\repos\ClearCoreModbus\libClearCore\Debug\libClearCore.a(MotorDriver.o)
                0x0000ce0c                ClearCore::MotorDriver::Initialize(ClearCorePins)
 .text._ZN9ClearCore12SdCardDriverC2EPK15PeripheralRouteS3_S3_S3_h
                0x0000d120       0x40 C:\Users\user\Documents\repos\ClearCoreModbus\libClearCore\Debug\libClearCore.a(SdCardDriver.o)
                0x0000d120                ClearCore::SdCardDriver::SdCardDriver(PeripheralRoute const*, PeripheralRoute const*, PeripheralRoute const*, PeripheralRoute const*, unsigned char)
                0x0000d120                ClearCore::SdCardDriver::SdCardDriver(PeripheralRoute const*, PeripheralRoute const*, PeripheralRoute const*, PeripheralRoute const*, unsigned char)
 .text._ZN9ClearCore10SerialBase10PortIsOpenEv
                0x0000d160        0x8 C:\Users\user\Documents\repos\ClearCoreModbus\libClearCore\Debug\libClearCore.a(SerialBase.o)
                0x0000d160                ClearCore::SerialBase::PortIsOpen()
 .text._ZN9ClearCore10SerialBase5FlushEv
                0x0000d168       0x10 C:\Users\user\Documents\repos\ClearCoreModbus\libClearCore\Debug\libClearCore.a(SerialBase.o)
                0x0000d168                ClearCore::SerialBase::Flush()
 .text._ZN9ClearCore10SerialBase10FlushInputEv
                0x0000d178       0x14 C:\Users\user\Documents\repos\ClearCoreModbus\libClearCore\Debug\libClearCore.a(SerialBase.o)
                0x0000d178                ClearCore::SerialBase::FlushInput()
 .text._ZN9ClearCore10SerialBase7CharGetEv
                0x0000d18c       0x38 C:\Users\user\Documents\repos\ClearCoreModbus\libClearCore\Debug\libClearCore.a(SerialBase.o)
                0x0000d18c                ClearCore::SerialBase::CharGet()
 .text._ZN9ClearCore10SerialBase8CharPeekEv
                0x0000d1c4       0x1c C:\Users\user\Documents\repos\ClearCoreModbus\libClearCore\Debug\libClearCore.a(SerialBase.o)
                0x0000d1c4                ClearCore::SerialBase::CharPeek()
 .text._ZN9ClearCore10SerialBase16AvailableForReadEv
                0x0000d1e0       0x10 C:\Users\user\Documents\repos\ClearCoreModbus\libClearCore\Debug\libClearCore.a(SerialBase.o)
                0x0000d1e0                ClearCore::SerialBase::AvailableForRead()
 .text._ZN9ClearCore10SerialBase17AvailableForWriteEv
                0x0000d1f0       0x14 C:\Users\user\Documents\repos\ClearCoreModbus\libClearCore\Debug\libClearCore.a(SerialBase.o)
                0x0000d1f0                ClearCore::SerialBase::AvailableForWrite()
 .text._ZN9ClearCore10SerialBase8SendCharEh
                0x0000d204       0x40 C:\Users\user\Documents\repos\ClearCoreModbus\libClearCore\Debug\libClearCore.a(SerialBase.o)
                0x0000d204                ClearCore::SerialBase::SendChar(unsigned char)
 .text._ZN9ClearCore10SerialBase19WaitForTransmitIdleEv
                0x0000d244       0x58 C:\Users\user\Documents\repos\ClearCoreModbus\libClearCore\Debug\libClearCore.a(SerialBase.o)
                0x0000d244                ClearCore::SerialBase::WaitForTransmitIdle()
 .text._ZN9ClearCore10SerialBase5SpeedEm
                0x0000d29c      0x154 C:\Users\user\Documents\repos\ClearCoreModbus\libClearCore\Debug\libClearCore.a(SerialBase.o)
                0x0000d29c                ClearCore::SerialBase::Speed(unsigned long)
 .text._ZN9ClearCore10SerialBase9PortCloseEv
                0x0000d3f0      0x118 C:\Users\user\Documents\repos\ClearCoreModbus\libClearCore\Debug\libClearCore.a(SerialBase.o)
                0x0000d3f0                ClearCore::SerialBase::PortClose()
 .text._ZN9ClearCore10SerialBase6ParityENS_7ISerial9_ParitiesE
                0x0000d508       0xf0 C:\Users\user\Documents\repos\ClearCoreModbus\libClearCore\Debug\libClearCore.a(SerialBase.o)
                0x0000d508                ClearCore::SerialBase::Parity(ClearCore::ISerial::_Parities)
 .text._ZN9ClearCore10SerialBase8CharSizeEh
                0x0000d5f8       0xe4 C:\Users\user\Documents\repos\ClearCoreModbus\libClearCore\Debug\libClearCore.a(SerialBase.o)
                0x0000d5f8                ClearCore::SerialBase::CharSize(unsigned char)
 .text._ZN9ClearCore10SerialBase8StopBitsEh
                0x0000d6dc       0xdc C:\Users\user\Documents\repos\ClearCoreModbus\libClearCore\Debug\libClearCore.a(SerialBase.o)
                0x0000d6dc                ClearCore::SerialBase::StopBits(unsigned char)
 .text._ZN9ClearCore10SerialBase8PortModeENS0_9PortModesE.part.9
                0x0000d7b8      0x8dc C:\Users\user\Documents\repos\ClearCoreModbus\libClearCore\Debug\libClearCore.a(SerialBase.o)
 .text._ZN9ClearCore10SerialBase8PortOpenEv
                0x0000e094       0x18 C:\Users\user\Documents\repos\ClearCoreModbus\libClearCore\Debug\libClearCore.a(SerialBase.o)
                0x0000e094                ClearCore::SerialBase::PortOpen()
 .text._ZN9ClearCore10SerialBaseC2EPK15PeripheralRouteS3_S3_S3_h
                0x0000e0ac       0x98 C:\Users\user\Documents\repos\ClearCoreModbus\libClearCore\Debug\libClearCore.a(SerialBase.o)
                0x0000e0ac                ClearCore::SerialBase::SerialBase(PeripheralRoute const*, PeripheralRoute const*, PeripheralRoute const*, PeripheralRoute const*, unsigned char)
                0x0000e0ac                ClearCore::SerialBase::SerialBase(PeripheralRoute const*, PeripheralRoute const*, PeripheralRoute const*, PeripheralRoute const*, unsigned char)
 .text._ZN9ClearCore10SerialBase15WaitOneCharTimeEv
                0x0000e144       0x24 C:\Users\user\Documents\repos\ClearCoreModbus\libClearCore\Debug\libClearCore.a(SerialBase.o)
                0x0000e144                ClearCore::SerialBase::WaitOneCharTime()
 .text._ZN9ClearCore10SerialBase8PortModeENS0_9PortModesE
                0x0000e168       0x18 C:\Users\user\Documents\repos\ClearCoreModbus\libClearCore\Debug\libClearCore.a(SerialBase.o)
                0x0000e168                ClearCore::SerialBase::PortMode(ClearCore::SerialBase::PortModes)
 .text._ZN9ClearCore10SerialBase9SpiSsModeENS0_13CtrlLineModesE
                0x0000e180       0x74 C:\Users\user\Documents\repos\ClearCoreModbus\libClearCore\Debug\libClearCore.a(SerialBase.o)
                0x0000e180                ClearCore::SerialBase::SpiSsMode(ClearCore::SerialBase::CtrlLineModes)
 .text._ZN9ClearCore10SerialBase8SpiClockENS0_18SpiClockPolaritiesENS0_14SpiClockPhasesE
                0x0000e1f4       0xe0 C:\Users\user\Documents\repos\ClearCoreModbus\libClearCore\Debug\libClearCore.a(SerialBase.o)
                0x0000e1f4                ClearCore::SerialBase::SpiClock(ClearCore::SerialBase::SpiClockPolarities, ClearCore::SerialBase::SpiClockPhases)
 .text._ZN9ClearCore10SerialBase15SpiTransferDataEPKhPhl
                0x0000e2d4       0x60 C:\Users\user\Documents\repos\ClearCoreModbus\libClearCore\Debug\libClearCore.a(SerialBase.o)
                0x0000e2d4                ClearCore::SerialBase::SpiTransferData(unsigned char const*, unsigned char*, long)
 .text._ZN9ClearCore10SerialBase20SpiTransferDataAsyncEPKhPhl
                0x0000e334       0xa4 C:\Users\user\Documents\repos\ClearCoreModbus\libClearCore\Debug\libClearCore.a(SerialBase.o)
                0x0000e334                ClearCore::SerialBase::SpiTransferDataAsync(unsigned char const*, unsigned char*, long)
 .text._ZN9ClearCore10SerialBase20SpiAsyncWaitCompleteEv
                0x0000e3d8       0x3c C:\Users\user\Documents\repos\ClearCoreModbus\libClearCore\Debug\libClearCore.a(SerialBase.o)
                0x0000e3d8                ClearCore::SerialBase::SpiAsyncWaitComplete()
 .text._ZN9ClearCore10SerialBase12IrqHandlerTxEv
                0x0000e414       0x50 C:\Users\user\Documents\repos\ClearCoreModbus\libClearCore\Debug\libClearCore.a(SerialBase.o)
                0x0000e414                ClearCore::SerialBase::IrqHandlerTx()
 .text._ZN9ClearCore10SerialBase12IrqHandlerRxEv
                0x0000e464       0x78 C:\Users\user\Documents\repos\ClearCoreModbus\libClearCore\Debug\libClearCore.a(SerialBase.o)
                0x0000e464                ClearCore::SerialBase::IrqHandlerRx()
 .text._ZN9ClearCore10SerialBase19IrqHandlerExceptionEv
                0x0000e4dc       0x6c C:\Users\user\Documents\repos\ClearCoreModbus\libClearCore\Debug\libClearCore.a(SerialBase.o)
                0x0000e4dc                ClearCore::SerialBase::IrqHandlerException()
 .text._ZN9ClearCore12SerialDriver4ModeEv
                0x0000e548       0x10 C:\Users\user\Documents\repos\ClearCoreModbus\libClearCore\Debug\libClearCore.a(SerialDriver.o)
                0x0000e548                ClearCore::SerialDriver::Mode()
                0x0000e550                non-virtual thunk to ClearCore::SerialDriver::Mode()
 .text._ZN9ClearCore12SerialDriver4TypeEv
                0x0000e558        0xc C:\Users\user\Documents\repos\ClearCoreModbus\libClearCore\Debug\libClearCore.a(SerialDriver.o)
                0x0000e558                ClearCore::SerialDriver::Type()
                0x0000e55c                non-virtual thunk to ClearCore::SerialDriver::Type()
 .text._ZN9ClearCore12SerialDriver10IsWritableEv
                0x0000e564       0x10 C:\Users\user\Documents\repos\ClearCoreModbus\libClearCore\Debug\libClearCore.a(SerialDriver.o)
                0x0000e564                ClearCore::SerialDriver::IsWritable()
                0x0000e56c                non-virtual thunk to ClearCore::SerialDriver::IsWritable()
 .text._ZN9ClearCore12SerialDriver5StateEv
                0x0000e574       0x14 C:\Users\user\Documents\repos\ClearCoreModbus\libClearCore\Debug\libClearCore.a(SerialDriver.o)
                0x0000e574                ClearCore::SerialDriver::State()
                0x0000e580                non-virtual thunk to ClearCore::SerialDriver::State()
 .text._ZN9ClearCore12SerialDriver11IsInHwFaultEv
                0x0000e588        0xc C:\Users\user\Documents\repos\ClearCoreModbus\libClearCore\Debug\libClearCore.a(SerialDriver.o)
                0x0000e588                ClearCore::SerialDriver::IsInHwFault()
                0x0000e58c                non-virtual thunk to ClearCore::SerialDriver::IsInHwFault()
 .text._ZN9ClearCore12SerialDriver7RefreshEv
                0x0000e594        0xc C:\Users\user\Documents\repos\ClearCoreModbus\libClearCore\Debug\libClearCore.a(SerialDriver.o)
                0x0000e594                ClearCore::SerialDriver::Refresh()
                0x0000e598                non-virtual thunk to ClearCore::SerialDriver::Refresh()
 .text._ZN9ClearCore12SerialDriverC2EtNS_13ShiftRegister5MasksES2_S2_PK15PeripheralRouteS5_S5_S5_h
                0x0000e5a0       0x54 C:\Users\user\Documents\repos\ClearCoreModbus\libClearCore\Debug\libClearCore.a(SerialDriver.o)
                0x0000e5a0                ClearCore::SerialDriver::SerialDriver(unsigned short, ClearCore::ShiftRegister::Masks, ClearCore::ShiftRegister::Masks, ClearCore::ShiftRegister::Masks, PeripheralRoute const*, PeripheralRoute const*, PeripheralRoute const*, PeripheralRoute const*, unsigned char)
                0x0000e5a0                ClearCore::SerialDriver::SerialDriver(unsigned short, ClearCore::ShiftRegister::Masks, ClearCore::ShiftRegister::Masks, ClearCore::ShiftRegister::Masks, PeripheralRoute const*, PeripheralRoute const*, PeripheralRoute const*, PeripheralRoute const*, unsigned char)
 .text._ZN9ClearCore12SerialDriver5SpeedEm
                0x0000e5f4       0x1c C:\Users\user\Documents\repos\ClearCoreModbus\libClearCore\Debug\libClearCore.a(SerialDriver.o)
                0x0000e5f4                ClearCore::SerialDriver::Speed(unsigned long)
 .text._ZN9ClearCore12SerialDriver4ModeENS_9Connector14ConnectorModesE
                0x0000e610      0x14c C:\Users\user\Documents\repos\ClearCoreModbus\libClearCore\Debug\libClearCore.a(SerialDriver.o)
                0x0000e610                ClearCore::SerialDriver::Mode(ClearCore::Connector::ConnectorModes)
 .text._ZThn324_N9ClearCore12SerialDriver4ModeENS_9Connector14ConnectorModesE
                0x0000e75c        0x8 C:\Users\user\Documents\repos\ClearCoreModbus\libClearCore\Debug\libClearCore.a(SerialDriver.o)
                0x0000e75c                non-virtual thunk to ClearCore::SerialDriver::Mode(ClearCore::Connector::ConnectorModes)
 .text._ZN9ClearCore12SerialDriver8PortOpenEv
                0x0000e764       0x54 C:\Users\user\Documents\repos\ClearCoreModbus\libClearCore\Debug\libClearCore.a(SerialDriver.o)
                0x0000e764                ClearCore::SerialDriver::PortOpen()
 .text._ZN9ClearCore12SerialDriver9PortCloseEv
                0x0000e7b8       0x4c C:\Users\user\Documents\repos\ClearCoreModbus\libClearCore\Debug\libClearCore.a(SerialDriver.o)
                0x0000e7b8                ClearCore::SerialDriver::PortClose()
 .text._ZN9ClearCore12SerialDriver10InitializeE13ClearCorePins
                0x0000e804       0xf0 C:\Users\user\Documents\repos\ClearCoreModbus\libClearCore\Debug\libClearCore.a(SerialDriver.o)
                0x0000e804                ClearCore::SerialDriver::Initialize(ClearCorePins)
 .text._ZThn324_N9ClearCore12SerialDriver10InitializeE13ClearCorePins
                0x0000e8f4        0x8 C:\Users\user\Documents\repos\ClearCoreModbus\libClearCore\Debug\libClearCore.a(SerialDriver.o)
                0x0000e8f4                non-virtual thunk to ClearCore::SerialDriver::Initialize(ClearCorePins)
 .text._ZN9ClearCore12SerialDriver5StateEs
                0x0000e8fc       0xbc C:\Users\user\Documents\repos\ClearCoreModbus\libClearCore\Debug\libClearCore.a(SerialDriver.o)
                0x0000e8fc                ClearCore::SerialDriver::State(short)
                0x0000e9b0                non-virtual thunk to ClearCore::SerialDriver::State(short)
 .text._ZN9ClearCore9SerialUsb6ParityENS_7ISerial9_ParitiesE
                0x0000e9b8        0xc C:\Users\user\Documents\repos\ClearCoreModbus\libClearCore\Debug\libClearCore.a(SerialUsb.o)
                0x0000e9b8                ClearCore::SerialUsb::Parity(ClearCore::ISerial::_Parities)
 .text._ZN9ClearCore9SerialUsb6ParityEv
                0x0000e9c4        0x4 C:\Users\user\Documents\repos\ClearCoreModbus\libClearCore\Debug\libClearCore.a(SerialUsb.o)
                0x0000e9c4                ClearCore::SerialUsb::Parity()
 .text._ZN9ClearCore9SerialUsb8StopBitsEh
                0x0000e9c8        0xc C:\Users\user\Documents\repos\ClearCoreModbus\libClearCore\Debug\libClearCore.a(SerialUsb.o)
                0x0000e9c8                ClearCore::SerialUsb::StopBits(unsigned char)
 .text._ZN9ClearCore9SerialUsb8CharSizeEh
                0x0000e9d4        0xc C:\Users\user\Documents\repos\ClearCoreModbus\libClearCore\Debug\libClearCore.a(SerialUsb.o)
                0x0000e9d4                ClearCore::SerialUsb::CharSize(unsigned char)
 .text._ZN9ClearCore9SerialUsb4ModeEv
                0x0000e9e0        0xc C:\Users\user\Documents\repos\ClearCoreModbus\libClearCore\Debug\libClearCore.a(SerialUsb.o)
                0x0000e9e0                ClearCore::SerialUsb::Mode()
                0x0000e9e4                non-virtual thunk to ClearCore::SerialUsb::Mode()
 .text._ZN9ClearCore9SerialUsb4ModeENS_9Connector14ConnectorModesE
                0x0000e9ec       0x14 C:\Users\user\Documents\repos\ClearCoreModbus\libClearCore\Debug\libClearCore.a(SerialUsb.o)
                0x0000e9ec                ClearCore::SerialUsb::Mode(ClearCore::Connector::ConnectorModes)
                0x0000e9f8                non-virtual thunk to ClearCore::SerialUsb::Mode(ClearCore::Connector::ConnectorModes)
 .text._ZN9ClearCore9SerialUsb4TypeEv
                0x0000ea00        0xc C:\Users\user\Documents\repos\ClearCoreModbus\libClearCore\Debug\libClearCore.a(SerialUsb.o)
                0x0000ea00                ClearCore::SerialUsb::Type()
                0x0000ea04                non-virtual thunk to ClearCore::SerialUsb::Type()
 .text._ZN9ClearCore9SerialUsb11IsInHwFaultEv
                0x0000ea0c        0xc C:\Users\user\Documents\repos\ClearCoreModbus\libClearCore\Debug\libClearCore.a(SerialUsb.o)
                0x0000ea0c                ClearCore::SerialUsb::IsInHwFault()
                0x0000ea10                non-virtual thunk to ClearCore::SerialUsb::IsInHwFault()
 .text._ZN9ClearCore9SerialUsb10InitializeE13ClearCorePins
                0x0000ea18       0x10 C:\Users\user\Documents\repos\ClearCoreModbus\libClearCore\Debug\libClearCore.a(SerialUsb.o)
                0x0000ea18                ClearCore::SerialUsb::Initialize(ClearCorePins)
                0x0000ea20                non-virtual thunk to ClearCore::SerialUsb::Initialize(ClearCorePins)
 .text._ZN9ClearCore9SerialUsb7RefreshEv
                0x0000ea28        0xc C:\Users\user\Documents\repos\ClearCoreModbus\libClearCore\Debug\libClearCore.a(SerialUsb.o)
                0x0000ea28                ClearCore::SerialUsb::Refresh()
                0x0000ea2c                non-virtual thunk to ClearCore::SerialUsb::Refresh()
 .text._ZN9ClearCore9SerialUsb10FlushInputEv
                0x0000ea34        0xc C:\Users\user\Documents\repos\ClearCoreModbus\libClearCore\Debug\libClearCore.a(SerialUsb.o)
                0x0000ea34                ClearCore::SerialUsb::FlushInput()
 .text._ZN9ClearCore9SerialUsb19WaitForTransmitIdleEv
                0x0000ea40        0xc C:\Users\user\Documents\repos\ClearCoreModbus\libClearCore\Debug\libClearCore.a(SerialUsb.o)
                0x0000ea40                ClearCore::SerialUsb::WaitForTransmitIdle()
                0x0000ea40                ClearCore::SerialUsb::Flush()
 .text._ZN9ClearCore9SerialUsbcvbEv
                0x0000ea4c        0xc C:\Users\user\Documents\repos\ClearCoreModbus\libClearCore\Debug\libClearCore.a(SerialUsb.o)
                0x0000ea4c                ClearCore::SerialUsb::PortIsOpen()
                0x0000ea4c                ClearCore::SerialUsb::operator bool()
 .text._ZN9ClearCore9SerialUsb8PortOpenEv
                0x0000ea58        0xc C:\Users\user\Documents\repos\ClearCoreModbus\libClearCore\Debug\libClearCore.a(SerialUsb.o)
                0x0000ea58                ClearCore::SerialUsb::PortOpen()
 .text._ZN9ClearCore9SerialUsb9PortCloseEv
                0x0000ea64        0xc C:\Users\user\Documents\repos\ClearCoreModbus\libClearCore\Debug\libClearCore.a(SerialUsb.o)
                0x0000ea64                ClearCore::SerialUsb::PortClose()
 .text._ZN9ClearCore9SerialUsb5SpeedEm
                0x0000ea70        0xc C:\Users\user\Documents\repos\ClearCoreModbus\libClearCore\Debug\libClearCore.a(SerialUsb.o)
                0x0000ea70                ClearCore::SerialUsb::Speed(unsigned long)
 .text._ZN9ClearCore9SerialUsb5SpeedEv
                0x0000ea7c        0xc C:\Users\user\Documents\repos\ClearCoreModbus\libClearCore\Debug\libClearCore.a(SerialUsb.o)
                0x0000ea7c                ClearCore::SerialUsb::Speed()
 .text._ZN9ClearCore9SerialUsb7CharGetEv
                0x0000ea88        0xc C:\Users\user\Documents\repos\ClearCoreModbus\libClearCore\Debug\libClearCore.a(SerialUsb.o)
                0x0000ea88                ClearCore::SerialUsb::CharGet()
 .text._ZN9ClearCore9SerialUsb8CharPeekEv
                0x0000ea94        0xc C:\Users\user\Documents\repos\ClearCoreModbus\libClearCore\Debug\libClearCore.a(SerialUsb.o)
                0x0000ea94                ClearCore::SerialUsb::CharPeek()
 .text._ZN9ClearCore9SerialUsb8SendCharEh
                0x0000eaa0        0xc C:\Users\user\Documents\repos\ClearCoreModbus\libClearCore\Debug\libClearCore.a(SerialUsb.o)
                0x0000eaa0                ClearCore::SerialUsb::SendChar(unsigned char)
 .text._ZN9ClearCore9SerialUsb16AvailableForReadEv
                0x0000eaac        0xc C:\Users\user\Documents\repos\ClearCoreModbus\libClearCore\Debug\libClearCore.a(SerialUsb.o)
                0x0000eaac                ClearCore::SerialUsb::AvailableForRead()
 .text._ZN9ClearCore9SerialUsb17AvailableForWriteEv
                0x0000eab8        0xc C:\Users\user\Documents\repos\ClearCoreModbus\libClearCore\Debug\libClearCore.a(SerialUsb.o)
                0x0000eab8                ClearCore::SerialUsb::AvailableForWrite()
 .text._ZN9ClearCore9SerialUsb10IsWritableEv
                0x0000eac4       0x24 C:\Users\user\Documents\repos\ClearCoreModbus\libClearCore\Debug\libClearCore.a(SerialUsb.o)
                0x0000eac4                ClearCore::SerialUsb::IsWritable()
                0x0000eae0                non-virtual thunk to ClearCore::SerialUsb::IsWritable()
 .text._ZN9ClearCore9SerialUsb5StateEv
                0x0000eae8       0x30 C:\Users\user\Documents\repos\ClearCoreModbus\libClearCore\Debug\libClearCore.a(SerialUsb.o)
                0x0000eae8                ClearCore::SerialUsb::State()
                0x0000eb10                non-virtual thunk to ClearCore::SerialUsb::State()
 .text._ZN9ClearCore9SerialUsb5StateEs
                0x0000eb18       0x48 C:\Users\user\Documents\repos\ClearCoreModbus\libClearCore\Debug\libClearCore.a(SerialUsb.o)
                0x0000eb18                ClearCore::SerialUsb::State(short)
                0x0000eb58                non-virtual thunk to ClearCore::SerialUsb::State(short)
 .text._ZN9ClearCore9LedDriver4ModeEv
                0x0000eb60        0x4 C:\Users\user\Documents\repos\ClearCoreModbus\libClearCore\Debug\libClearCore.a(LedDriver.o)
                0x0000eb60                ClearCore::LedDriver::Mode()
 .text._ZN9ClearCore9LedDriver4ModeENS_9Connector14ConnectorModesE
                0x0000eb64        0xc C:\Users\user\Documents\repos\ClearCoreModbus\libClearCore\Debug\libClearCore.a(LedDriver.o)
                0x0000eb64                ClearCore::LedDriver::Mode(ClearCore::Connector::ConnectorModes)
 .text._ZN9ClearCore9LedDriver4TypeEv
                0x0000eb70        0x4 C:\Users\user\Documents\repos\ClearCoreModbus\libClearCore\Debug\libClearCore.a(LedDriver.o)
                0x0000eb70                ClearCore::LedDriver::Type()
 .text._ZN9ClearCore9LedDriver10IsWritableEv
                0x0000eb74        0x4 C:\Users\user\Documents\repos\ClearCoreModbus\libClearCore\Debug\libClearCore.a(LedDriver.o)
                0x0000eb74                ClearCore::LedDriver::IsWritable()
 .text._ZN9ClearCore9LedDriver11IsInHwFaultEv
                0x0000eb78        0x4 C:\Users\user\Documents\repos\ClearCoreModbus\libClearCore\Debug\libClearCore.a(LedDriver.o)
                0x0000eb78                ClearCore::LedDriver::IsInHwFault()
 .text._ZN9ClearCore9LedDriver7RefreshEv
                0x0000eb7c        0x4 C:\Users\user\Documents\repos\ClearCoreModbus\libClearCore\Debug\libClearCore.a(LedDriver.o)
                0x0000eb7c                ClearCore::LedDriver::Refresh()
 .text._ZN9ClearCore9LedDriver10InitializeE13ClearCorePins
                0x0000eb80        0x8 C:\Users\user\Documents\repos\ClearCoreModbus\libClearCore\Debug\libClearCore.a(LedDriver.o)
                0x0000eb80                ClearCore::LedDriver::Initialize(ClearCorePins)
 .text._ZN9ClearCore9LedDriver5StateEv
                0x0000eb88       0x18 C:\Users\user\Documents\repos\ClearCoreModbus\libClearCore\Debug\libClearCore.a(LedDriver.o)
                0x0000eb88                ClearCore::LedDriver::State()
 .text._ZN9ClearCore9LedDriver5StateEs
                0x0000eba0       0x44 C:\Users\user\Documents\repos\ClearCoreModbus\libClearCore\Debug\libClearCore.a(LedDriver.o)
                0x0000eba0                ClearCore::LedDriver::State(short)
 .text._ZN9ClearCore9LedDriverC2ENS_13ShiftRegister5MasksE
                0x0000ebe4       0x18 C:\Users\user\Documents\repos\ClearCoreModbus\libClearCore\Debug\libClearCore.a(LedDriver.o)
                0x0000ebe4                ClearCore::LedDriver::LedDriver(ClearCore::ShiftRegister::Masks)
                0x0000ebe4                ClearCore::LedDriver::LedDriver(ClearCore::ShiftRegister::Masks)
 .text._ZN9ClearCore13StatusManager8InstanceEv
                0x0000ebfc       0x7c C:\Users\user\Documents\repos\ClearCoreModbus\libClearCore\Debug\libClearCore.a(StatusManager.o)
                0x0000ebfc                ClearCore::StatusManager::Instance()
 .text._ZN9ClearCore13StatusManager8StatusRTENS0_14StatusRegisterE
                0x0000ec78        0xc C:\Users\user\Documents\repos\ClearCoreModbus\libClearCore\Debug\libClearCore.a(StatusManager.o)
                0x0000ec78                ClearCore::StatusManager::StatusRT(ClearCore::StatusManager::StatusRegister)
 .text._ZN9ClearCore13StatusManager14AdcIsInTimeoutEv
                0x0000ec84        0xc C:\Users\user\Documents\repos\ClearCoreModbus\libClearCore\Debug\libClearCore.a(StatusManager.o)
                0x0000ec84                ClearCore::StatusManager::AdcIsInTimeout()
 .text._ZN9ClearCore13StatusManager10InitializeENS_13ShiftRegister5MasksE
                0x0000ec90       0x1c C:\Users\user\Documents\repos\ClearCoreModbus\libClearCore\Debug\libClearCore.a(StatusManager.o)
                0x0000ec90                ClearCore::StatusManager::Initialize(ClearCore::ShiftRegister::Masks)
 .text._ZN9ClearCore13StatusManager12HBridgeStateEb
                0x0000ecac       0x68 C:\Users\user\Documents\repos\ClearCoreModbus\libClearCore\Debug\libClearCore.a(StatusManager.o)
                0x0000ecac                ClearCore::StatusManager::HBridgeState(bool)
 .text._ZN9ClearCore13StatusManager9BlinkCodeENS_15BlinkCodeDriver15BlinkCodeGroupsEh
                0x0000ed14       0x10 C:\Users\user\Documents\repos\ClearCoreModbus\libClearCore\Debug\libClearCore.a(StatusManager.o)
                0x0000ed14                ClearCore::StatusManager::BlinkCode(ClearCore::BlinkCodeDriver::BlinkCodeGroups, unsigned char)
 .text._ZN9ClearCore13StatusManager16UpdateBlinkCodesENS0_14StatusRegisterE
                0x0000ed24       0xb4 C:\Users\user\Documents\repos\ClearCoreModbus\libClearCore\Debug\libClearCore.a(StatusManager.o)
                0x0000ed24                ClearCore::StatusManager::UpdateBlinkCodes(ClearCore::StatusManager::StatusRegister)
 .text._ZN9ClearCore13StatusManager7RefreshEv
                0x0000edd8      0x294 C:\Users\user\Documents\repos\ClearCoreModbus\libClearCore\Debug\libClearCore.a(StatusManager.o)
                0x0000edd8                ClearCore::StatusManager::Refresh()
 .text._ZN9ClearCore13StatusManager14OverloadUpdateEmb
                0x0000f06c       0x1c C:\Users\user\Documents\repos\ClearCoreModbus\libClearCore\Debug\libClearCore.a(StatusManager.o)
                0x0000f06c                ClearCore::StatusManager::OverloadUpdate(unsigned long, bool)
 .text.startup._GLOBAL__sub_I__ZN9ClearCore9StatusMgrE
                0x0000f088       0x10 C:\Users\user\Documents\repos\ClearCoreModbus\libClearCore\Debug\libClearCore.a(StatusManager.o)
 .text._ZN9ClearCore10UsbManager18CBLineStateChangedE22usb_cdc_control_signal
                0x0000f098       0x80 C:\Users\user\Documents\repos\ClearCoreModbus\libClearCore\Debug\libClearCore.a(UsbManager.o)
                0x0000f098                ClearCore::UsbManager::CBLineStateChanged(usb_cdc_control_signal)
 .text._ZN9ClearCore10UsbManager10RxCompleteEh13usb_xfer_codem
                0x0000f118      0x238 C:\Users\user\Documents\repos\ClearCoreModbus\libClearCore\Debug\libClearCore.a(UsbManager.o)
                0x0000f118                ClearCore::UsbManager::RxComplete(unsigned char, usb_xfer_code, unsigned long)
 .text._ZN9ClearCore10UsbManager10TxCompleteEh13usb_xfer_codem
                0x0000f350      0x3d0 C:\Users\user\Documents\repos\ClearCoreModbus\libClearCore\Debug\libClearCore.a(UsbManager.o)
                0x0000f350                ClearCore::UsbManager::TxComplete(unsigned char, usb_xfer_code, unsigned long)
 .text._ZN9ClearCore10UsbManager8InstanceEv
                0x0000f720       0x68 C:\Users\user\Documents\repos\ClearCoreModbus\libClearCore\Debug\libClearCore.a(UsbManager.o)
                0x0000f720                ClearCore::UsbManager::Instance()
 .text._ZN9ClearCore10UsbManager10InitializeEv
                0x0000f788      0x460 C:\Users\user\Documents\repos\ClearCoreModbus\libClearCore\Debug\libClearCore.a(UsbManager.o)
                0x0000f788                ClearCore::UsbManager::Initialize()
 .text._ZN9ClearCore10UsbManager5SpeedEm
                0x0000fbe8        0x4 C:\Users\user\Documents\repos\ClearCoreModbus\libClearCore\Debug\libClearCore.a(UsbManager.o)
                0x0000fbe8                ClearCore::UsbManager::Speed(unsigned long)
 .text._ZN9ClearCore10UsbManager5SpeedEv
                0x0000fbec        0xc C:\Users\user\Documents\repos\ClearCoreModbus\libClearCore\Debug\libClearCore.a(UsbManager.o)
                0x0000fbec                ClearCore::UsbManager::Speed()
 .text._ZN9ClearCore10UsbManager8PortOpenEv
                0x0000fbf8       0x38 C:\Users\user\Documents\repos\ClearCoreModbus\libClearCore\Debug\libClearCore.a(UsbManager.o)
                0x0000fbf8                ClearCore::UsbManager::PortOpen()
 .text._ZN9ClearCore10UsbManager10FlushInputEv
                0x0000fc30       0x1c C:\Users\user\Documents\repos\ClearCoreModbus\libClearCore\Debug\libClearCore.a(UsbManager.o)
                0x0000fc30                ClearCore::UsbManager::FlushInput()
 .text._ZN9ClearCore10UsbManager18WaitForWriteFinishEv
                0x0000fc4c       0x34 C:\Users\user\Documents\repos\ClearCoreModbus\libClearCore\Debug\libClearCore.a(UsbManager.o)
                0x0000fc4c                ClearCore::UsbManager::WaitForWriteFinish()
 .text._ZN9ClearCore10UsbManagercvbEv
                0x0000fc80       0x3c C:\Users\user\Documents\repos\ClearCoreModbus\libClearCore\Debug\libClearCore.a(UsbManager.o)
                0x0000fc80                ClearCore::UsbManager::operator bool()
 .text._ZN9ClearCore10UsbManager7CharGetEv
                0x0000fcbc      0x258 C:\Users\user\Documents\repos\ClearCoreModbus\libClearCore\Debug\libClearCore.a(UsbManager.o)
                0x0000fcbc                ClearCore::UsbManager::CharGet()
 .text._ZN9ClearCore10UsbManager8CharPeekEv
                0x0000ff14       0x18 C:\Users\user\Documents\repos\ClearCoreModbus\libClearCore\Debug\libClearCore.a(UsbManager.o)
                0x0000ff14                ClearCore::UsbManager::CharPeek()
 .text._ZN9ClearCore10UsbManager8SendCharEh
                0x0000ff2c       0x68 C:\Users\user\Documents\repos\ClearCoreModbus\libClearCore\Debug\libClearCore.a(UsbManager.o)